Archive member included to satisfy reference by file (symbol)

c:/ac6/systemworkbench2.7/plugins/fr.ac6.mcu.externaltools.arm-none.win32_1.16.0.201807130628/tools/compiler/bin/../lib/gcc/arm-none-eabi/7.2.1/../../../../arm-none-eabi/lib/thumb/v7-m\libm.a(lib_a-w_pow.o)
                              Src/colormonitor.o (pow)
c:/ac6/systemworkbench2.7/plugins/fr.ac6.mcu.externaltools.arm-none.win32_1.16.0.201807130628/tools/compiler/bin/../lib/gcc/arm-none-eabi/7.2.1/../../../../arm-none-eabi/lib/thumb/v7-m\libm.a(lib_a-e_pow.o)
                              c:/ac6/systemworkbench2.7/plugins/fr.ac6.mcu.externaltools.arm-none.win32_1.16.0.201807130628/tools/compiler/bin/../lib/gcc/arm-none-eabi/7.2.1/../../../../arm-none-eabi/lib/thumb/v7-m\libm.a(lib_a-w_pow.o) (__ieee754_pow)
c:/ac6/systemworkbench2.7/plugins/fr.ac6.mcu.externaltools.arm-none.win32_1.16.0.201807130628/tools/compiler/bin/../lib/gcc/arm-none-eabi/7.2.1/../../../../arm-none-eabi/lib/thumb/v7-m\libm.a(lib_a-e_sqrt.o)
                              c:/ac6/systemworkbench2.7/plugins/fr.ac6.mcu.externaltools.arm-none.win32_1.16.0.201807130628/tools/compiler/bin/../lib/gcc/arm-none-eabi/7.2.1/../../../../arm-none-eabi/lib/thumb/v7-m\libm.a(lib_a-e_pow.o) (__ieee754_sqrt)
c:/ac6/systemworkbench2.7/plugins/fr.ac6.mcu.externaltools.arm-none.win32_1.16.0.201807130628/tools/compiler/bin/../lib/gcc/arm-none-eabi/7.2.1/../../../../arm-none-eabi/lib/thumb/v7-m\libm.a(lib_a-s_fabs.o)
                              c:/ac6/systemworkbench2.7/plugins/fr.ac6.mcu.externaltools.arm-none.win32_1.16.0.201807130628/tools/compiler/bin/../lib/gcc/arm-none-eabi/7.2.1/../../../../arm-none-eabi/lib/thumb/v7-m\libm.a(lib_a-e_pow.o) (fabs)
c:/ac6/systemworkbench2.7/plugins/fr.ac6.mcu.externaltools.arm-none.win32_1.16.0.201807130628/tools/compiler/bin/../lib/gcc/arm-none-eabi/7.2.1/../../../../arm-none-eabi/lib/thumb/v7-m\libm.a(lib_a-s_finite.o)
                              c:/ac6/systemworkbench2.7/plugins/fr.ac6.mcu.externaltools.arm-none.win32_1.16.0.201807130628/tools/compiler/bin/../lib/gcc/arm-none-eabi/7.2.1/../../../../arm-none-eabi/lib/thumb/v7-m\libm.a(lib_a-w_pow.o) (finite)
c:/ac6/systemworkbench2.7/plugins/fr.ac6.mcu.externaltools.arm-none.win32_1.16.0.201807130628/tools/compiler/bin/../lib/gcc/arm-none-eabi/7.2.1/../../../../arm-none-eabi/lib/thumb/v7-m\libm.a(lib_a-s_lib_ver.o)
                              c:/ac6/systemworkbench2.7/plugins/fr.ac6.mcu.externaltools.arm-none.win32_1.16.0.201807130628/tools/compiler/bin/../lib/gcc/arm-none-eabi/7.2.1/../../../../arm-none-eabi/lib/thumb/v7-m\libm.a(lib_a-w_pow.o) (__fdlib_version)
c:/ac6/systemworkbench2.7/plugins/fr.ac6.mcu.externaltools.arm-none.win32_1.16.0.201807130628/tools/compiler/bin/../lib/gcc/arm-none-eabi/7.2.1/../../../../arm-none-eabi/lib/thumb/v7-m\libm.a(lib_a-s_matherr.o)
                              c:/ac6/systemworkbench2.7/plugins/fr.ac6.mcu.externaltools.arm-none.win32_1.16.0.201807130628/tools/compiler/bin/../lib/gcc/arm-none-eabi/7.2.1/../../../../arm-none-eabi/lib/thumb/v7-m\libm.a(lib_a-w_pow.o) (matherr)
c:/ac6/systemworkbench2.7/plugins/fr.ac6.mcu.externaltools.arm-none.win32_1.16.0.201807130628/tools/compiler/bin/../lib/gcc/arm-none-eabi/7.2.1/../../../../arm-none-eabi/lib/thumb/v7-m\libm.a(lib_a-s_nan.o)
                              c:/ac6/systemworkbench2.7/plugins/fr.ac6.mcu.externaltools.arm-none.win32_1.16.0.201807130628/tools/compiler/bin/../lib/gcc/arm-none-eabi/7.2.1/../../../../arm-none-eabi/lib/thumb/v7-m\libm.a(lib_a-e_pow.o) (nan)
c:/ac6/systemworkbench2.7/plugins/fr.ac6.mcu.externaltools.arm-none.win32_1.16.0.201807130628/tools/compiler/bin/../lib/gcc/arm-none-eabi/7.2.1/../../../../arm-none-eabi/lib/thumb/v7-m\libm.a(lib_a-s_rint.o)
                              c:/ac6/systemworkbench2.7/plugins/fr.ac6.mcu.externaltools.arm-none.win32_1.16.0.201807130628/tools/compiler/bin/../lib/gcc/arm-none-eabi/7.2.1/../../../../arm-none-eabi/lib/thumb/v7-m\libm.a(lib_a-w_pow.o) (rint)
c:/ac6/systemworkbench2.7/plugins/fr.ac6.mcu.externaltools.arm-none.win32_1.16.0.201807130628/tools/compiler/bin/../lib/gcc/arm-none-eabi/7.2.1/../../../../arm-none-eabi/lib/thumb/v7-m\libm.a(lib_a-s_scalbn.o)
                              c:/ac6/systemworkbench2.7/plugins/fr.ac6.mcu.externaltools.arm-none.win32_1.16.0.201807130628/tools/compiler/bin/../lib/gcc/arm-none-eabi/7.2.1/../../../../arm-none-eabi/lib/thumb/v7-m\libm.a(lib_a-e_pow.o) (scalbn)
c:/ac6/systemworkbench2.7/plugins/fr.ac6.mcu.externaltools.arm-none.win32_1.16.0.201807130628/tools/compiler/bin/../lib/gcc/arm-none-eabi/7.2.1/../../../../arm-none-eabi/lib/thumb/v7-m\libm.a(lib_a-s_copysign.o)
                              c:/ac6/systemworkbench2.7/plugins/fr.ac6.mcu.externaltools.arm-none.win32_1.16.0.201807130628/tools/compiler/bin/../lib/gcc/arm-none-eabi/7.2.1/../../../../arm-none-eabi/lib/thumb/v7-m\libm.a(lib_a-s_scalbn.o) (copysign)
[...]
Memory Configuration

Name             Origin             Length             Attributes
RAM              0x20000000         0x00005000         xrw
FLASH            0x08000000         0x00020000         xr
*default*        0x00000000         0xffffffff

Linker script and memory map

LOAD c:/ac6/systemworkbench2.7/plugins/fr.ac6.mcu.externaltools.arm-none.win32_1.16.0.201807130628/tools/compiler/bin/../lib/gcc/arm-none-eabi/7.2.1/thumb/v7-m/crti.o
LOAD c:/ac6/systemworkbench2.7/plugins/fr.ac6.mcu.externaltools.arm-none.win32_1.16.0.201807130628/tools/compiler/bin/../lib/gcc/arm-none-eabi/7.2.1/thumb/v7-m/crtbegin.o
LOAD c:/ac6/systemworkbench2.7/plugins/fr.ac6.mcu.externaltools.arm-none.win32_1.16.0.201807130628/tools/compiler/bin/../lib/gcc/arm-none-eabi/7.2.1/../../../../arm-none-eabi/lib/thumb/v7-m/crt0.o
LOAD Drivers/STM32F1xx_HAL_Driver/Src/stm32f1xx_hal.o
LOAD Drivers/STM32F1xx_HAL_Driver/Src/stm32f1xx_hal_cortex.o
LOAD Drivers/STM32F1xx_HAL_Driver/Src/stm32f1xx_hal_dma.o
LOAD Drivers/STM32F1xx_HAL_Driver/Src/stm32f1xx_hal_flash.o
LOAD Drivers/STM32F1xx_HAL_Driver/Src/stm32f1xx_hal_flash_ex.o
LOAD Drivers/STM32F1xx_HAL_Driver/Src/stm32f1xx_hal_gpio.o
LOAD Drivers/STM32F1xx_HAL_Driver/Src/stm32f1xx_hal_gpio_ex.o
LOAD Drivers/STM32F1xx_HAL_Driver/Src/stm32f1xx_hal_pwr.o
LOAD Drivers/STM32F1xx_HAL_Driver/Src/stm32f1xx_hal_rcc.o
LOAD Drivers/STM32F1xx_HAL_Driver/Src/stm32f1xx_hal_rcc_ex.o
LOAD Drivers/STM32F1xx_HAL_Driver/Src/stm32f1xx_hal_spi.o
LOAD Drivers/STM32F1xx_HAL_Driver/Src/stm32f1xx_hal_spi_ex.o
LOAD Drivers/STM32F1xx_HAL_Driver/Src/stm32f1xx_hal_tim.o
LOAD Drivers/STM32F1xx_HAL_Driver/Src/stm32f1xx_hal_tim_ex.o
LOAD Drivers/STM32F1xx_HAL_Driver/Src/stm32f1xx_hal_uart.o
LOAD Src/colormonitor.o
LOAD Src/function.o
LOAD Src/globalVar.o
LOAD Src/main.o
LOAD Src/stm32f1xx_hal_msp.o
LOAD Src/stm32f1xx_it.o
LOAD Src/system_stm32f1xx.o
LOAD startup/startup_stm32f103xb.o
LOAD c:/ac6/systemworkbench2.7/plugins/fr.ac6.mcu.externaltools.arm-none.win32_1.16.0.201807130628/tools/compiler/bin/../lib/gcc/arm-none-eabi/7.2.1/../../../../arm-none-eabi/lib/thumb/v7-m\libm.a
START GROUP
LOAD c:/ac6/systemworkbench2.7/plugins/fr.ac6.mcu.externaltools.arm-none.win32_1.16.0.201807130628/tools/compiler/bin/../lib/gcc/arm-none-eabi/7.2.1/thumb/v7-m\libgcc.a
LOAD c:/ac6/systemworkbench2.7/plugins/fr.ac6.mcu.externaltools.arm-none.win32_1.16.0.201807130628/tools/compiler/bin/../lib/gcc/arm-none-eabi/7.2.1/../../../../arm-none-eabi/lib/thumb/v7-m\libc_nano.a
END GROUP
START GROUP
LOAD c:/ac6/systemworkbench2.7/plugins/fr.ac6.mcu.externaltools.arm-none.win32_1.16.0.201807130628/tools/compiler/bin/../lib/gcc/arm-none-eabi/7.2.1/thumb/v7-m\libgcc.a
LOAD c:/ac6/systemworkbench2.7/plugins/fr.ac6.mcu.externaltools.arm-none.win32_1.16.0.201807130628/tools/compiler/bin/../lib/gcc/arm-none-eabi/7.2.1/../../../../arm-none-eabi/lib/thumb/v7-m\libc_nano.a
LOAD c:/ac6/systemworkbench2.7/plugins/fr.ac6.mcu.externaltools.arm-none.win32_1.16.0.201807130628/tools/compiler/bin/../lib/gcc/arm-none-eabi/7.2.1/../../../../arm-none-eabi/lib/thumb/v7-m\libnosys.a
END GROUP
START GROUP
LOAD c:/ac6/systemworkbench2.7/plugins/fr.ac6.mcu.externaltools.arm-none.win32_1.16.0.201807130628/tools/compiler/bin/../lib/gcc/arm-none-eabi/7.2.1/thumb/v7-m\libgcc.a
LOAD c:/ac6/systemworkbench2.7/plugins/fr.ac6.mcu.externaltools.arm-none.win32_1.16.0.201807130628/tools/compiler/bin/../lib/gcc/arm-none-eabi/7.2.1/../../../../arm-none-eabi/lib/thumb/v7-m\libc_nano.a
LOAD c:/ac6/systemworkbench2.7/plugins/fr.ac6.mcu.externaltools.arm-none.win32_1.16.0.201807130628/tools/compiler/bin/../lib/gcc/arm-none-eabi/7.2.1/../../../../arm-none-eabi/lib/thumb/v7-m\libnosys.a
END GROUP
LOAD c:/ac6/systemworkbench2.7/plugins/fr.ac6.mcu.externaltools.arm-none.win32_1.16.0.201807130628/tools/compiler/bin/../lib/gcc/arm-none-eabi/7.2.1/thumb/v7-m/crtend.o
LOAD c:/ac6/systemworkbench2.7/plugins/fr.ac6.mcu.externaltools.arm-none.win32_1.16.0.201807130628/tools/compiler/bin/../lib/gcc/arm-none-eabi/7.2.1/thumb/v7-m/crtn.o
                0x20005000                _estack = 0x20005000
                0x00000200                _Min_Heap_Size = 0x200
                0x00000400                _Min_Stack_Size = 0x400

.isr_vector     0x08000000      0x10c
                0x08000000                . = ALIGN (0x4)
 *(.isr_vector)
 .isr_vector    0x08000000      0x10c startup/startup_stm32f103xb.o
                0x08000000                g_pfnVectors
                0x0800010c                . = ALIGN (0x4)

.text           0x08000110     0xb5a0
                0x08000110                . = ALIGN (0x4)
 *(.text)
 .text          0x08000110       0x40 c:/ac6/systemworkbench2.7/plugins/fr.ac6.mcu.externaltools.arm-none.win32_1.16.0.201807130628/tools/compiler/bin/../lib/gcc/arm-none-eabi/7.2.1/thumb/v7-m/crtbegin.o
 .text          0x08000150      0x378 c:/ac6/systemworkbench2.7/plugins/fr.ac6.mcu.externaltools.arm-none.win32_1.16.0.201807130628/tools/compiler/bin/../lib/gcc/arm-none-eabi/7.2.1/thumb/v7-m\libgcc.a(_arm_addsubdf3.o)
                0x08000150                __aeabi_drsub
                0x08000158                __aeabi_dsub
                0x08000158                __subdf3
                0x0800015c                __aeabi_dadd
                0x0800015c                __adddf3
                0x080003d4                __floatunsidf
                0x080003d4                __aeabi_ui2d
                0x080003f4                __floatsidf
                0x080003f4                __aeabi_i2d
                0x08000418                __aeabi_f2d
                0x08000418                __extendsfdf2
                0x0800045c                __floatundidf
                0x0800045c                __aeabi_ul2d
                0x0800046c                __floatdidf
                0x0800046c                __aeabi_l2d
 .text          0x080004c8      0x424 c:/ac6/systemworkbench2.7/plugins/fr.ac6.mcu.externaltools.arm-none.win32_1.16.0.201807130628/tools/compiler/bin/../lib/gcc/arm-none-eabi/7.2.1/thumb/v7-m\libgcc.a(_arm_muldivdf3.o)
                0x080004c8                __aeabi_dmul
                0x080004c8                __muldf3
                0x0800071c                __divdf3
                0x0800071c                __aeabi_ddiv
 .text          0x080008ec      0x110 c:/ac6/systemworkbench2.7/plugins/fr.ac6.mcu.externaltools.arm-none.win32_1.16.0.201807130628/tools/compiler/bin/../lib/gcc/arm-none-eabi/7.2.1/thumb/v7-m\libgcc.a(_arm_cmpdf2.o)
                0x080008ec                __gtdf2
                0x080008ec                __gedf2
                0x080008f4                __ltdf2
                0x080008f4                __ledf2
                0x080008fc                __nedf2
                0x080008fc                __eqdf2
                0x080008fc                __cmpdf2
                0x08000978                __aeabi_cdrcmple
                0x08000988                __aeabi_cdcmpeq
                0x08000988                __aeabi_cdcmple
                0x08000998                __aeabi_dcmpeq
                0x080009ac                __aeabi_dcmplt
                0x080009c0                __aeabi_dcmple
                0x080009d4                __aeabi_dcmpge
                0x080009e8                __aeabi_dcmpgt
 .text          0x080009fc       0x2c c:/ac6/systemworkbench2.7/plugins/fr.ac6.mcu.externaltools.arm-none.win32_1.16.0.201807130628/tools/compiler/bin/../lib/gcc/arm-none-eabi/7.2.1/thumb/v7-m\libgcc.a(_arm_unorddf2.o)
                0x080009fc                __unorddf2
                0x080009fc                __aeabi_dcmpun
 .text          0x08000a28       0xa0 c:/ac6/systemworkbench2.7/plugins/fr.ac6.mcu.externaltools.arm-none.win32_1.16.0.201807130628/tools/compiler/bin/../lib/gcc/arm-none-eabi/7.2.1/thumb/v7-m\libgcc.a(_arm_truncdfsf2.o)
                0x08000a28                __truncdfsf2
                0x08000a28                __aeabi_d2f
 .text          0x08000ac8      0x21c c:/ac6/systemworkbench2.7/plugins/fr.ac6.mcu.externaltools.arm-none.win32_1.16.0.201807130628/tools/compiler/bin/../lib/gcc/arm-none-eabi/7.2.1/thumb/v7-m\libgcc.a(_arm_addsubsf3.o)
                0x08000ac8                __aeabi_frsub
                0x08000ad0                __subsf3
                0x08000ad0                __aeabi_fsub
                0x08000ad4                __aeabi_fadd
                0x08000ad4                __addsf3
                0x08000c34                __aeabi_ui2f
                0x08000c34                __floatunsisf
                0x08000c3c                __aeabi_i2f
                0x08000c3c                __floatsisf
                0x08000c58                __aeabi_ul2f
                0x08000c58                __floatundisf
                0x08000c68                __aeabi_l2f
                0x08000c68                __floatdisf
 .text          0x08000ce4      0x2a0 c:/ac6/systemworkbench2.7/plugins/fr.ac6.mcu.externaltools.arm-none.win32_1.16.0.201807130628/tools/compiler/bin/../lib/gcc/arm-none-eabi/7.2.1/thumb/v7-m\libgcc.a(_arm_muldivsf3.o)
                0x08000ce4                __mulsf3
                0x08000ce4                __aeabi_fmul
                0x08000e4c                __aeabi_fdiv
                0x08000e4c                __divsf3
 .text          0x08000f84       0xec c:/ac6/systemworkbench2.7/plugins/fr.ac6.mcu.externaltools.arm-none.win32_1.16.0.201807130628/tools/compiler/bin/../lib/gcc/arm-none-eabi/7.2.1/thumb/v7-m\libgcc.a(_arm_cmpsf2.o)
                0x08000f84                __gesf2
                0x08000f84                __gtsf2
                0x08000f8c                __lesf2
                0x08000f8c                __ltsf2
                0x08000f94                __nesf2
                0x08000f94                __eqsf2
                0x08000f94                __cmpsf2
                0x08000ff4                __aeabi_cfrcmple
                0x08000ffc                __aeabi_cfcmpeq
                0x08000ffc                __aeabi_cfcmple
                0x0800100c                __aeabi_fcmpeq
                0x08001020                __aeabi_fcmplt
                0x08001034                __aeabi_fcmple
                0x08001048                __aeabi_fcmpge
                0x0800105c                __aeabi_fcmpgt
 .text          0x08001070       0x4c c:/ac6/systemworkbench2.7/plugins/fr.ac6.mcu.externaltools.arm-none.win32_1.16.0.201807130628/tools/compiler/bin/../lib/gcc/arm-none-eabi/7.2.1/thumb/v7-m\libgcc.a(_arm_fixsfsi.o)
                0x08001070                __aeabi_f2iz
                0x08001070                __fixsfsi
 .text          0x080010bc       0x40 c:/ac6/systemworkbench2.7/plugins/fr.ac6.mcu.externaltools.arm-none.win32_1.16.0.201807130628/tools/compiler/bin/../lib/gcc/arm-none-eabi/7.2.1/thumb/v7-m\libgcc.a(_arm_fixunssfsi.o)
                0x080010bc                __fixunssfsi
                0x080010bc                __aeabi_f2uiz
 .text          0x080010fc       0x14 c:/ac6/systemworkbench2.7/plugins/fr.ac6.mcu.externaltools.arm-none.win32_1.16.0.201807130628/tools/compiler/bin/../lib/gcc/arm-none-eabi/7.2.1/../../../../arm-none-eabi/lib/thumb/v7-m\libc_nano.a(lib_a-strcmp.o)
                0x080010fc                strcmp
 .text          0x08001110       0x10 c:/ac6/systemworkbench2.7/plugins/fr.ac6.mcu.externaltools.arm-none.win32_1.16.0.201807130628/tools/compiler/bin/../lib/gcc/arm-none-eabi/7.2.1/../../../../arm-none-eabi/lib/thumb/v7-m\libc_nano.a(lib_a-strlen.o)
                0x08001110                strlen
 *(.text*)
 .text.HAL_InitTick
                0x08001120       0x48 Drivers/STM32F1xx_HAL_Driver/Src/stm32f1xx_hal.o
                0x08001120                HAL_InitTick
 .text.HAL_Init
                0x08001168       0x24 Drivers/STM32F1xx_HAL_Driver/Src/stm32f1xx_hal.o
                0x08001168                HAL_Init
 .text.HAL_IncTick
                0x0800118c       0x18 Drivers/STM32F1xx_HAL_Driver/Src/stm32f1xx_hal.o
                0x0800118c                HAL_IncTick
 .text.HAL_GetTick
                0x080011a4        0xc Drivers/STM32F1xx_HAL_Driver/Src/stm32f1xx_hal.o
                0x080011a4                HAL_GetTick
 .text.HAL_Delay
                0x080011b0       0x28 Drivers/STM32F1xx_HAL_Driver/Src/stm32f1xx_hal.o
                0x080011b0                HAL_Delay
 .text.HAL_NVIC_SetPriorityGrouping
                0x080011d8       0x24 Drivers/STM32F1xx_HAL_Driver/Src/stm32f1xx_hal_cortex.o
                0x080011d8                HAL_NVIC_SetPriorityGrouping
 .text.HAL_NVIC_SetPriority
                0x080011fc       0x68 Drivers/STM32F1xx_HAL_Driver/Src/stm32f1xx_hal_cortex.o
                0x080011fc                HAL_NVIC_SetPriority
 .text.HAL_NVIC_EnableIRQ
                0x08001264       0x18 Drivers/STM32F1xx_HAL_Driver/Src/stm32f1xx_hal_cortex.o
                0x08001264                HAL_NVIC_EnableIRQ
 .text.HAL_SYSTICK_Config
                0x0800127c       0x2c Drivers/STM32F1xx_HAL_Driver/Src/stm32f1xx_hal_cortex.o
                0x0800127c                HAL_SYSTICK_Config
 .text.HAL_SYSTICK_CLKSourceConfig
                0x080012a8       0x20 Drivers/STM32F1xx_HAL_Driver/Src/stm32f1xx_hal_cortex.o
                0x080012a8                HAL_SYSTICK_CLKSourceConfig
 .text.HAL_SYSTICK_Callback
                0x080012c8        0x2 Drivers/STM32F1xx_HAL_Driver/Src/stm32f1xx_hal_cortex.o
                0x080012c8                HAL_SYSTICK_Callback
 .text.HAL_SYSTICK_IRQHandler
                0x080012ca        0x8 Drivers/STM32F1xx_HAL_Driver/Src/stm32f1xx_hal_cortex.o
                0x080012ca                HAL_SYSTICK_IRQHandler
 *fill*         0x080012d2        0x2 
 .text.HAL_DMA_Abort_IT
                0x080012d4       0x98 Drivers/STM32F1xx_HAL_Driver/Src/stm32f1xx_hal_dma.o
                0x080012d4                HAL_DMA_Abort_IT
 .text.HAL_FLASH_Unlock
                0x0800136c       0x34 Drivers/STM32F1xx_HAL_Driver/Src/stm32f1xx_hal_flash.o
                0x0800136c                HAL_FLASH_Unlock
 .text.HAL_FLASH_Lock
                0x080013a0       0x14 Drivers/STM32F1xx_HAL_Driver/Src/stm32f1xx_hal_flash.o
                0x080013a0                HAL_FLASH_Lock
 .text.HAL_GPIO_Init
                0x080013b4      0x1d4 Drivers/STM32F1xx_HAL_Driver/Src/stm32f1xx_hal_gpio.o
                0x080013b4                HAL_GPIO_Init
 .text.HAL_GPIO_WritePin
                0x08001588        0xc Drivers/STM32F1xx_HAL_Driver/Src/stm32f1xx_hal_gpio.o
                0x08001588                HAL_GPIO_WritePin
 .text.RCC_Delay
                0x08001594       0x2c Drivers/STM32F1xx_HAL_Driver/Src/stm32f1xx_hal_rcc.o
 .text.HAL_RCC_OscConfig
                0x080015c0      0x3dc Drivers/STM32F1xx_HAL_Driver/Src/stm32f1xx_hal_rcc.o
                0x080015c0                HAL_RCC_OscConfig
 .text.HAL_RCC_GetSysClockFreq
                0x0800199c       0x70 Drivers/STM32F1xx_HAL_Driver/Src/stm32f1xx_hal_rcc.o
                0x0800199c                HAL_RCC_GetSysClockFreq
 .text.HAL_RCC_ClockConfig
                0x08001a0c      0x178 Drivers/STM32F1xx_HAL_Driver/Src/stm32f1xx_hal_rcc.o
                0x08001a0c                HAL_RCC_ClockConfig
 .text.HAL_RCC_GetHCLKFreq
                0x08001b84        0xc Drivers/STM32F1xx_HAL_Driver/Src/stm32f1xx_hal_rcc.o
                0x08001b84                HAL_RCC_GetHCLKFreq
 .text.HAL_RCC_GetPCLK1Freq
                0x08001b90       0x20 Drivers/STM32F1xx_HAL_Driver/Src/stm32f1xx_hal_rcc.o
                0x08001b90                HAL_RCC_GetPCLK1Freq
 .text.HAL_RCC_GetPCLK2Freq
                0x08001bb0       0x20 Drivers/STM32F1xx_HAL_Driver/Src/stm32f1xx_hal_rcc.o
                0x08001bb0                HAL_RCC_GetPCLK2Freq
 .text.HAL_SPI_Init
                0x08001bd0       0x82 Drivers/STM32F1xx_HAL_Driver/Src/stm32f1xx_hal_spi_ex.o
                0x08001bd0                HAL_SPI_Init
 *fill*         0x08001c52        0x2 
 .text.TIM_OC1_SetConfig
                0x08001c54       0x5c Drivers/STM32F1xx_HAL_Driver/Src/stm32f1xx_hal_tim.o
 .text.TIM_OC3_SetConfig
                0x08001cb0       0x64 Drivers/STM32F1xx_HAL_Driver/Src/stm32f1xx_hal_tim.o
 .text.TIM_OC4_SetConfig
                0x08001d14       0x48 Drivers/STM32F1xx_HAL_Driver/Src/stm32f1xx_hal_tim.o
 .text.TIM_TI1_ConfigInputStage
                0x08001d5c       0x24 Drivers/STM32F1xx_HAL_Driver/Src/stm32f1xx_hal_tim.o
 .text.TIM_TI2_ConfigInputStage
                0x08001d80       0x26 Drivers/STM32F1xx_HAL_Driver/Src/stm32f1xx_hal_tim.o
 .text.TIM_ITRx_SetConfig
                0x08001da6       0x10 Drivers/STM32F1xx_HAL_Driver/Src/stm32f1xx_hal_tim.o
 .text.TIM_ETR_SetConfig
                0x08001db6       0x16 Drivers/STM32F1xx_HAL_Driver/Src/stm32f1xx_hal_tim.o
 .text.HAL_TIM_Base_Start_IT
                0x08001dcc       0x18 Drivers/STM32F1xx_HAL_Driver/Src/stm32f1xx_hal_tim.o
                0x08001dcc                HAL_TIM_Base_Start_IT
 .text.HAL_TIM_OC_MspInit
                0x08001de4        0x2 Drivers/STM32F1xx_HAL_Driver/Src/stm32f1xx_hal_tim.o
                0x08001de4                HAL_TIM_OC_MspInit
 .text.HAL_TIM_PWM_MspInit
                0x08001de6        0x2 Drivers/STM32F1xx_HAL_Driver/Src/stm32f1xx_hal_tim.o
                0x08001de6                HAL_TIM_PWM_MspInit
 .text.HAL_TIM_ConfigClockSource
                0x08001de8      0x108 Drivers/STM32F1xx_HAL_Driver/Src/stm32f1xx_hal_tim.o
                0x08001de8                HAL_TIM_ConfigClockSource
 .text.HAL_TIM_PeriodElapsedCallback
                0x08001ef0        0x2 Drivers/STM32F1xx_HAL_Driver/Src/stm32f1xx_hal_tim.o
                0x08001ef0                HAL_TIM_PeriodElapsedCallback
 .text.HAL_TIM_OC_DelayElapsedCallback
                0x08001ef2        0x2 Drivers/STM32F1xx_HAL_Driver/Src/stm32f1xx_hal_tim.o
                0x08001ef2                HAL_TIM_OC_DelayElapsedCallback
 .text.HAL_TIM_IC_CaptureCallback
                0x08001ef4        0x2 Drivers/STM32F1xx_HAL_Driver/Src/stm32f1xx_hal_tim.o
                0x08001ef4                HAL_TIM_IC_CaptureCallback
 .text.HAL_TIM_PWM_PulseFinishedCallback
                0x08001ef6        0x2 Drivers/STM32F1xx_HAL_Driver/Src/stm32f1xx_hal_tim.o
                0x08001ef6                HAL_TIM_PWM_PulseFinishedCallback
 .text.HAL_TIM_TriggerCallback
                0x08001ef8        0x2 Drivers/STM32F1xx_HAL_Driver/Src/stm32f1xx_hal_tim.o
                0x08001ef8                HAL_TIM_TriggerCallback
 .text.HAL_TIM_IRQHandler
                0x08001efa      0x17a Drivers/STM32F1xx_HAL_Driver/Src/stm32f1xx_hal_tim.o
                0x08001efa                HAL_TIM_IRQHandler
 .text.TIM_Base_SetConfig
                0x08002074       0x74 Drivers/STM32F1xx_HAL_Driver/Src/stm32f1xx_hal_tim.o
                0x08002074                TIM_Base_SetConfig
 .text.HAL_TIM_Base_Init
                0x080020e8       0x32 Drivers/STM32F1xx_HAL_Driver/Src/stm32f1xx_hal_tim.o
                0x080020e8                HAL_TIM_Base_Init
 .text.HAL_TIM_OC_Init
                0x0800211a       0x32 Drivers/STM32F1xx_HAL_Driver/Src/stm32f1xx_hal_tim.o
                0x0800211a                HAL_TIM_OC_Init
 .text.HAL_TIM_PWM_Init
                0x0800214c       0x32 Drivers/STM32F1xx_HAL_Driver/Src/stm32f1xx_hal_tim.o
                0x0800214c                HAL_TIM_PWM_Init
 *fill*         0x0800217e        0x2 
 .text.TIM_OC2_SetConfig
                0x08002180       0x64 Drivers/STM32F1xx_HAL_Driver/Src/stm32f1xx_hal_tim.o
                0x08002180                TIM_OC2_SetConfig
 .text.HAL_TIM_OC_ConfigChannel
                0x080021e4       0x5e Drivers/STM32F1xx_HAL_Driver/Src/stm32f1xx_hal_tim.o
                0x080021e4                HAL_TIM_OC_ConfigChannel
 .text.HAL_TIM_PWM_ConfigChannel
                0x08002242       0xdc Drivers/STM32F1xx_HAL_Driver/Src/stm32f1xx_hal_tim.o
                0x08002242                HAL_TIM_PWM_ConfigChannel
 .text.TIM_CCxChannelCmd
                0x0800231e       0x1c Drivers/STM32F1xx_HAL_Driver/Src/stm32f1xx_hal_tim.o
                0x0800231e                TIM_CCxChannelCmd
 *fill*         0x0800233a        0x2 
 .text.HAL_TIM_PWM_Start
                0x0800233c       0x30 Drivers/STM32F1xx_HAL_Driver/Src/stm32f1xx_hal_tim.o
                0x0800233c                HAL_TIM_PWM_Start
 .text.HAL_TIMEx_ConfigBreakDeadTime
                0x0800236c       0x58 Drivers/STM32F1xx_HAL_Driver/Src/stm32f1xx_hal_tim_ex.o
                0x0800236c                HAL_TIMEx_ConfigBreakDeadTime
 .text.HAL_TIMEx_MasterConfigSynchronization
                0x080023c4       0x52 Drivers/STM32F1xx_HAL_Driver/Src/stm32f1xx_hal_tim_ex.o
                0x080023c4                HAL_TIMEx_MasterConfigSynchronization
 .text.HAL_TIMEx_CommutationCallback
                0x08002416        0x2 Drivers/STM32F1xx_HAL_Driver/Src/stm32f1xx_hal_tim_ex.o
                0x08002416                HAL_TIMEx_CommutationCallback
 .text.HAL_TIMEx_BreakCallback
                0x08002418        0x2 Drivers/STM32F1xx_HAL_Driver/Src/stm32f1xx_hal_tim_ex.o
                0x08002418                HAL_TIMEx_BreakCallback
 .text.UART_EndRxTransfer
                0x0800241a       0x1c Drivers/STM32F1xx_HAL_Driver/Src/stm32f1xx_hal_uart.o
 .text.UART_Transmit_IT
                0x08002436       0x68 Drivers/STM32F1xx_HAL_Driver/Src/stm32f1xx_hal_uart.o
 *fill*         0x0800249e        0x2 
 .text.UART_SetConfig
                0x080024a0      0x1ac Drivers/STM32F1xx_HAL_Driver/Src/stm32f1xx_hal_uart.o
 .text.UART_WaitOnFlagUntilTimeout
                0x0800264c       0x62 Drivers/STM32F1xx_HAL_Driver/Src/stm32f1xx_hal_uart.o
 .text.HAL_UART_Init
                0x080026ae       0x5e Drivers/STM32F1xx_HAL_Driver/Src/stm32f1xx_hal_uart.o
                0x080026ae                HAL_UART_Init
 .text.HAL_UART_Transmit
                0x0800270c       0xe0 Drivers/STM32F1xx_HAL_Driver/Src/stm32f1xx_hal_uart.o
                0x0800270c                HAL_UART_Transmit
 .text.HAL_UART_TxCpltCallback
                0x080027ec        0x2 Drivers/STM32F1xx_HAL_Driver/Src/stm32f1xx_hal_uart.o
                0x080027ec                HAL_UART_TxCpltCallback
 .text.UART_EndTransmit_IT
                0x080027ee       0x1a Drivers/STM32F1xx_HAL_Driver/Src/stm32f1xx_hal_uart.o
 .text.HAL_UART_RxCpltCallback
                0x08002808        0x2 Drivers/STM32F1xx_HAL_Driver/Src/stm32f1xx_hal_uart.o
                0x08002808                HAL_UART_RxCpltCallback
 .text.UART_Receive_IT
                0x0800280a       0x9c Drivers/STM32F1xx_HAL_Driver/Src/stm32f1xx_hal_uart.o
 .text.HAL_UART_ErrorCallback
                0x080028a6        0x2 Drivers/STM32F1xx_HAL_Driver/Src/stm32f1xx_hal_uart.o
                0x080028a6                HAL_UART_ErrorCallback
 .text.HAL_UART_IRQHandler
                0x080028a8      0x120 Drivers/STM32F1xx_HAL_Driver/Src/stm32f1xx_hal_uart.o
                0x080028a8                HAL_UART_IRQHandler
 .text.UART_DMAAbortOnError
                0x080029c8       0x10 Drivers/STM32F1xx_HAL_Driver/Src/stm32f1xx_hal_uart.o
 .text.ftoa     0x080029d8       0x50 Src/colormonitor.o
                0x080029d8                ftoa
 .text.picpast  0x08002a28       0xe4 Src/colormonitor.o
                0x08002a28                picpast
 .text.makebuf  0x08002b0c       0x5c Src/colormonitor.o
                0x08002b0c                makebuf
 .text.pageid   0x08002b68       0x40 Src/colormonitor.o
                0x08002b68                pageid
 .text.lcd_beep
                0x08002ba8       0x38 Src/colormonitor.o
                0x08002ba8                lcd_beep
 .text.brightness
                0x08002be0       0x38 Src/colormonitor.o
                0x08002be0                brightness
 .text.cleart   0x08002c18       0x2c Src/colormonitor.o
                0x08002c18                cleart
 .text.putnumber
                0x08002c44       0x74 Src/colormonitor.o
                0x08002c44                putnumber
 .text.setcolor
                0x08002cb8       0x58 Src/colormonitor.o
                0x08002cb8                setcolor
 .text.printl   0x08002d10       0x70 Src/colormonitor.o
                0x08002d10                printl
 .text.cpp      0x08002d80       0xa4 Src/colormonitor.o
                0x08002d80                cpp
 .text.tik      0x08002e24       0x54 Src/colormonitor.o
                0x08002e24                tik
 .text.getkey   0x08002e78        0x4 Src/function.o
                0x08002e78                getkey
 .text.getkey2  0x08002e7c        0x4 Src/function.o
                0x08002e7c                getkey2
 .text.send_string
                0x08002e80       0x1c Src/function.o
                0x08002e80                send_string
 .text.jtag_Disable
                0x08002e9c       0x28 Src/function.o
                0x08002e9c                jtag_Disable
 .text.controll
                0x08002ec4      0x410 Src/function.o
                0x08002ec4                controll
 .text.tempctl  0x080032d4       0xbc Src/function.o
                0x080032d4                tempctl
 .text.colorm   0x08003390     0x1988 Src/function.o
                0x08003390                colorm
 .text.write_ppi
                0x08004d18        0x2 Src/function.o
                0x08004d18                write_ppi
 .text.read_ppi
                0x08004d1a        0x4 Src/function.o
                0x08004d1a                read_ppi
 *fill*         0x08004d1e        0x2 
 .text.defalt   0x08004d20      0x55c Src/function.o
                0x08004d20                defalt
 .text.ftable   0x0800527c      0x2b0 Src/function.o
                0x0800527c                ftable
 .text.limit    0x0800552c      0x964 Src/function.o
                0x0800552c                limit
 .text.codepro  0x08005e90      0x214 Src/function.o
                0x08005e90                codepro
 .text.selectprocess
                0x080060a4       0xc0 Src/function.o
                0x080060a4                selectprocess
 .text.escprocess
                0x08006164        0xc Src/function.o
                0x08006164                escprocess
 .text.lineprocess
                0x08006170       0x60 Src/function.o
                0x08006170                lineprocess
 .text.read     0x080061d0       0x18 Src/function.o
                0x080061d0                read
 .text.keypross
                0x080061e8      0xc80 Src/function.o
                0x080061e8                keypross
 .text.show_page
                0x08006e68       0x40 Src/function.o
                0x08006e68                show_page
 .text.show_var
                0x08006ea8       0x60 Src/function.o
                0x08006ea8                show_var
 .text.USART2_IRQHandler
                0x08006f08       0xc8 Src/function.o
                0x08006f08                USART2_IRQHandler
 .text.findvalidpage
                0x08006fd0       0x90 Src/function.o
                0x08006fd0                findvalidpage
 .text.find_next_var_page
                0x08007060       0x44 Src/function.o
                0x08007060                find_next_var_page
 .text.STORE_TO_MEM
                0x080070a4       0x44 Src/function.o
                0x080070a4                STORE_TO_MEM
 .text.get_var  0x080070e8       0x98 Src/function.o
                0x080070e8                get_var
 .text.memload  0x08007180       0xe0 Src/function.o
                0x08007180                memload
 .text.update_var
                0x08007260       0x88 Src/function.o
                0x08007260                update_var
 .text.vartomem
                0x080072e8       0xe8 Src/function.o
                0x080072e8                vartomem
 .text.LOADMEM_TO_VAR
                0x080073d0       0x78 Src/function.o
                0x080073d0                LOADMEM_TO_VAR
 .text.inc      0x08007448       0xb4 Src/function.o
                0x08007448                inc
 .text.command_process
                0x080074fc      0x3d0 Src/function.o
                0x080074fc                command_process
 .text.USART1_IRQHandler
                0x080078cc       0x3c Src/function.o
                0x080078cc                USART1_IRQHandler
 .text.putdigit_xy
                0x08007908        0x2 Src/function.o
                0x08007908                putdigit_xy
 .text.showpic_xy
                0x0800790a        0x2 Src/function.o
                0x0800790a                showpic_xy
 .text.monitorn
                0x0800790c        0x2 Src/function.o
                0x0800790c                monitorn
 *fill*         0x0800790e        0x2 
 .text.keyscan  0x08007910      0x100 Src/function.o
                0x08007910                keyscan
 .text.main_timer
                0x08007a10      0x340 Src/function.o
                0x08007a10                main_timer
 .text.TIM1_UP_IRQHandler
                0x08007d50       0x24 Src/function.o
                0x08007d50                TIM1_UP_IRQHandler
 .text.cycle    0x08007d74      0x54c Src/function.o
                0x08007d74                cycle
 .text.calibration
                0x080082c0      0x368 Src/function.o
                0x080082c0                calibration
 .text.statecontroll
                0x08008628        0x2 Src/function.o
                0x08008628                statecontroll
 .text.putdigit_xy_space
                0x0800862a        0x2 Src/function.o
                0x0800862a                putdigit_xy_space
 .text.MX_GPIO_Init
                0x0800862c       0x70 Src/main.o
 .text._Error_Handler
                0x0800869c        0x2 Src/main.o
                0x0800869c                _Error_Handler
 *fill*         0x0800869e        0x2 
 .text.MX_USART1_UART_Init
                0x080086a0       0x3c Src/main.o
 .text.MX_USART2_UART_Init
                0x080086dc       0x3c Src/main.o
 .text.MX_USART3_UART_Init
                0x08008718       0x3c Src/main.o
 .text.MX_SPI2_Init
                0x08008754       0x4c Src/main.o
 .text.MX_TIM3_Init
                0x080087a0      0x10c Src/main.o
 .text.MX_TIM1_Init
                0x080088ac       0xe4 Src/main.o
 .text.MX_TIM2_Init
                0x08008990       0xa8 Src/main.o
 .text.SystemClock_Config
                0x08008a38       0x88 Src/main.o
                0x08008a38                SystemClock_Config
 .text.main     0x08008ac0      0xc3c Src/main.o
                0x08008ac0                main
 .text.HAL_MspInit
                0x080096fc       0xa0 Src/stm32f1xx_hal_msp.o
                0x080096fc                HAL_MspInit
 .text.HAL_SPI_MspInit
                0x0800979c       0x48 Src/stm32f1xx_hal_msp.o
                0x0800979c                HAL_SPI_MspInit
 .text.HAL_TIM_Base_MspInit
                0x080097e4       0x90 Src/stm32f1xx_hal_msp.o
                0x080097e4                HAL_TIM_Base_MspInit
 .text.HAL_TIM_MspPostInit
                0x08009874       0x40 Src/stm32f1xx_hal_msp.o
                0x08009874                HAL_TIM_MspPostInit
 .text.HAL_UART_MspInit
                0x080098b4      0x128 Src/stm32f1xx_hal_msp.o
                0x080098b4                HAL_UART_MspInit
 .text.NMI_Handler
                0x080099dc        0x2 Src/stm32f1xx_it.o
                0x080099dc                NMI_Handler
 .text.HardFault_Handler
                0x080099de        0x2 Src/stm32f1xx_it.o
                0x080099de                HardFault_Handler
 .text.MemManage_Handler
                0x080099e0        0x2 Src/stm32f1xx_it.o
                0x080099e0                MemManage_Handler
 .text.BusFault_Handler
                0x080099e2        0x2 Src/stm32f1xx_it.o
                0x080099e2                BusFault_Handler
 .text.UsageFault_Handler
                0x080099e4        0x2 Src/stm32f1xx_it.o
                0x080099e4                UsageFault_Handler
 .text.SVC_Handler
                0x080099e6        0x2 Src/stm32f1xx_it.o
                0x080099e6                SVC_Handler
 .text.DebugMon_Handler
                0x080099e8        0x2 Src/stm32f1xx_it.o
                0x080099e8                DebugMon_Handler
 .text.PendSV_Handler
                0x080099ea        0x2 Src/stm32f1xx_it.o
                0x080099ea                PendSV_Handler
 .text.SysTick_Handler
                0x080099ec        0xc Src/stm32f1xx_it.o
                0x080099ec                SysTick_Handler
 .text.TIM1_CC_IRQHandler
                0x080099f8       0x10 Src/stm32f1xx_it.o
                0x080099f8                TIM1_CC_IRQHandler
 .text.TIM2_IRQHandler
                0x08009a08       0x10 Src/stm32f1xx_it.o
                0x08009a08                TIM2_IRQHandler
 .text.USART3_IRQHandler
                0x08009a18       0x10 Src/stm32f1xx_it.o
                0x08009a18                USART3_IRQHandler
 .text.SystemInit
                0x08009a28       0x4c Src/system_stm32f1xx.o
                0x08009a28                SystemInit
 .text.Reset_Handler
                0x08009a74       0x48 startup/startup_stm32f103xb.o
                0x08009a74                Reset_Handler
 .text.Default_Handler
                0x08009abc        0x2 startup/startup_stm32f103xb.o
                0x08009abc                RTC_Alarm_IRQHandler
                0x08009abc                EXTI2_IRQHandler
                0x08009abc                PVD_IRQHandler
                0x08009abc                EXTI3_IRQHandler
                0x08009abc                EXTI0_IRQHandler
                0x08009abc                I2C2_EV_IRQHandler
                0x08009abc                ADC1_2_IRQHandler
                0x08009abc                SPI1_IRQHandler
                0x08009abc                TAMPER_IRQHandler
                0x08009abc                DMA1_Channel4_IRQHandler
                0x08009abc                RTC_IRQHandler
                0x08009abc                DMA1_Channel7_IRQHandler
                0x08009abc                CAN1_RX1_IRQHandler
                0x08009abc                TIM4_IRQHandler
                0x08009abc                I2C1_EV_IRQHandler
                0x08009abc                DMA1_Channel6_IRQHandler
                0x08009abc                TIM3_IRQHandler
                0x08009abc                RCC_IRQHandler
                0x08009abc                TIM1_TRG_COM_IRQHandler
                0x08009abc                DMA1_Channel1_IRQHandler
                0x08009abc                Default_Handler
                0x08009abc                EXTI15_10_IRQHandler
                0x08009abc                EXTI9_5_IRQHandler
                0x08009abc                SPI2_IRQHandler
                0x08009abc                DMA1_Channel5_IRQHandler
                0x08009abc                EXTI4_IRQHandler
                0x08009abc                USB_LP_CAN1_RX0_IRQHandler
                0x08009abc                USB_HP_CAN1_TX_IRQHandler
                0x08009abc                DMA1_Channel3_IRQHandler
                0x08009abc                WWDG_IRQHandler
                0x08009abc                TIM1_BRK_IRQHandler
                0x08009abc                EXTI1_IRQHandler
                0x08009abc                I2C2_ER_IRQHandler
                0x08009abc                DMA1_Channel2_IRQHandler
                0x08009abc                CAN1_SCE_IRQHandler
                0x08009abc                FLASH_IRQHandler
                0x08009abc                I2C1_ER_IRQHandler
                0x08009abc                USBWakeUp_IRQHandler
 *fill*         0x08009abe        0x2 
 .text.pow      0x08009ac0      0x334 c:/ac6/systemworkbench2.7/plugins/fr.ac6.mcu.externaltools.arm-none.win32_1.16.0.201807130628/tools/compiler/bin/../lib/gcc/arm-none-eabi/7.2.1/../../../../arm-none-eabi/lib/thumb/v7-m\libm.a(lib_a-w_pow.o)
                0x08009ac0                pow
 *fill*         0x08009df4        0x4 
 .text.__ieee754_pow
                0x08009df8      0xae4 c:/ac6/systemworkbench2.7/plugins/fr.ac6.mcu.externaltools.arm-none.win32_1.16.0.201807130628/tools/compiler/bin/../lib/gcc/arm-none-eabi/7.2.1/../../../../arm-none-eabi/lib/thumb/v7-m\libm.a(lib_a-e_pow.o)
                0x08009df8                __ieee754_pow
 .text.__ieee754_sqrt
                0x0800a8dc      0x184 c:/ac6/systemworkbench2.7/plugins/fr.ac6.mcu.externaltools.arm-none.win32_1.16.0.201807130628/tools/compiler/bin/../lib/gcc/arm-none-eabi/7.2.1/../../../../arm-none-eabi/lib/thumb/v7-m\libm.a(lib_a-e_sqrt.o)
                0x0800a8dc                __ieee754_sqrt
 .text.fabs     0x0800aa60        0x8 c:/ac6/systemworkbench2.7/plugins/fr.ac6.mcu.externaltools.arm-none.win32_1.16.0.201807130628/tools/compiler/bin/../lib/gcc/arm-none-eabi/7.2.1/../../../../arm-none-eabi/lib/thumb/v7-m\libm.a(lib_a-s_fabs.o)
                0x0800aa60                fabs
 .text.finite   0x0800aa68        0xc c:/ac6/systemworkbench2.7/plugins/fr.ac6.mcu.externaltools.arm-none.win32_1.16.0.201807130628/tools/compiler/bin/../lib/gcc/arm-none-eabi/7.2.1/../../../../arm-none-eabi/lib/thumb/v7-m\libm.a(lib_a-s_finite.o)
                0x0800aa68                finite
 .text.matherr  0x0800aa74        0x4 c:/ac6/systemworkbench2.7/plugins/fr.ac6.mcu.externaltools.arm-none.win32_1.16.0.201807130628/tools/compiler/bin/../lib/gcc/arm-none-eabi/7.2.1/../../../../arm-none-eabi/lib/thumb/v7-m\libm.a(lib_a-s_matherr.o)
                0x0800aa74                matherr
 .text.nan      0x0800aa78        0xc c:/ac6/systemworkbench2.7/plugins/fr.ac6.mcu.externaltools.arm-none.win32_1.16.0.201807130628/tools/compiler/bin/../lib/gcc/arm-none-eabi/7.2.1/../../../../arm-none-eabi/lib/thumb/v7-m\libm.a(lib_a-s_nan.o)
                0x0800aa78                nan
 .text.rint     0x0800aa84      0x118 c:/ac6/systemworkbench2.7/plugins/fr.ac6.mcu.externaltools.arm-none.win32_1.16.0.201807130628/tools/compiler/bin/../lib/gcc/arm-none-eabi/7.2.1/../../../../arm-none-eabi/lib/thumb/v7-m\libm.a(lib_a-s_rint.o)
                0x0800aa84                rint
 *fill*         0x0800ab9c        0x4 
 .text.scalbn   0x0800aba0       0xe4 c:/ac6/systemworkbench2.7/plugins/fr.ac6.mcu.externaltools.arm-none.win32_1.16.0.201807130628/tools/compiler/bin/../lib/gcc/arm-none-eabi/7.2.1/../../../../arm-none-eabi/lib/thumb/v7-m\libm.a(lib_a-s_scalbn.o)
                0x0800aba0                scalbn
 .text.copysign
                0x0800ac84       0x10 c:/ac6/systemworkbench2.7/plugins/fr.ac6.mcu.externaltools.arm-none.win32_1.16.0.201807130628/tools/compiler/bin/../lib/gcc/arm-none-eabi/7.2.1/../../../../arm-none-eabi/lib/thumb/v7-m\libm.a(lib_a-s_copysign.o)
                0x0800ac84                copysign
 .text.atoi     0x0800ac94        0x8 c:/ac6/systemworkbench2.7/plugins/fr.ac6.mcu.externaltools.arm-none.win32_1.16.0.201807130628/tools/compiler/bin/../lib/gcc/arm-none-eabi/7.2.1/../../../../arm-none-eabi/lib/thumb/v7-m\libc_nano.a(lib_a-atoi.o)
                0x0800ac94                atoi
 .text.__errno  0x0800ac9c        0xc c:/ac6/systemworkbench2.7/plugins/fr.ac6.mcu.externaltools.arm-none.win32_1.16.0.201807130628/tools/compiler/bin/../lib/gcc/arm-none-eabi/7.2.1/../../../../arm-none-eabi/lib/thumb/v7-m\libc_nano.a(lib_a-errno.o)
                0x0800ac9c                __errno
 .text.__libc_init_array
                0x0800aca8       0x48 c:/ac6/systemworkbench2.7/plugins/fr.ac6.mcu.externaltools.arm-none.win32_1.16.0.201807130628/tools/compiler/bin/../lib/gcc/arm-none-eabi/7.2.1/../../../../arm-none-eabi/lib/thumb/v7-m\libc_nano.a(lib_a-init.o)
                0x0800aca8                __libc_init_array
 .text.sprintf  0x0800acf0       0x40 c:/ac6/systemworkbench2.7/plugins/fr.ac6.mcu.externaltools.arm-none.win32_1.16.0.201807130628/tools/compiler/bin/../lib/gcc/arm-none-eabi/7.2.1/../../../../arm-none-eabi/lib/thumb/v7-m\libc_nano.a(lib_a-sprintf.o)
                0x0800acf0                siprintf
                0x0800acf0                sprintf
 .text._strtol_l.isra.0
                0x0800ad30       0xf6 c:/ac6/systemworkbench2.7/plugins/fr.ac6.mcu.externaltools.arm-none.win32_1.16.0.201807130628/tools/compiler/bin/../lib/gcc/arm-none-eabi/7.2.1/../../../../arm-none-eabi/lib/thumb/v7-m\libc_nano.a(lib_a-strtol.o)
 *fill*         0x0800ae26        0x2 
 .text.strtol   0x0800ae28       0x2c c:/ac6/systemworkbench2.7/plugins/fr.ac6.mcu.externaltools.arm-none.win32_1.16.0.201807130628/tools/compiler/bin/../lib/gcc/arm-none-eabi/7.2.1/../../../../arm-none-eabi/lib/thumb/v7-m\libc_nano.a(lib_a-strtol.o)
                0x0800ae28                strtol
 .text.__locale_ctype_ptr_l
                0x0800ae54        0x6 c:/ac6/systemworkbench2.7/plugins/fr.ac6.mcu.externaltools.arm-none.win32_1.16.0.201807130628/tools/compiler/bin/../lib/gcc/arm-none-eabi/7.2.1/../../../../arm-none-eabi/lib/thumb/v7-m\libc_nano.a(lib_a-locale.o)
                0x0800ae54                __locale_ctype_ptr_l
 .text.__ascii_mbtowc
                0x0800ae5a       0x24 c:/ac6/systemworkbench2.7/plugins/fr.ac6.mcu.externaltools.arm-none.win32_1.16.0.201807130628/tools/compiler/bin/../lib/gcc/arm-none-eabi/7.2.1/../../../../arm-none-eabi/lib/thumb/v7-m\libc_nano.a(lib_a-mbtowc_r.o)
                0x0800ae5a                __ascii_mbtowc
 .text.__ssputs_r
                0x0800ae7e       0xb4 c:/ac6/systemworkbench2.7/plugins/fr.ac6.mcu.externaltools.arm-none.win32_1.16.0.201807130628/tools/compiler/bin/../lib/gcc/arm-none-eabi/7.2.1/../../../../arm-none-eabi/lib/thumb/v7-m\libc_nano.a(lib_a-nano-svfprintf.o)
                0x0800ae7e                __ssputs_r
 *fill*         0x0800af32        0x2 
 .text._svfprintf_r
                0x0800af34      0x1ec c:/ac6/systemworkbench2.7/plugins/fr.ac6.mcu.externaltools.arm-none.win32_1.16.0.201807130628/tools/compiler/bin/../lib/gcc/arm-none-eabi/7.2.1/../../../../arm-none-eabi/lib/thumb/v7-m\libc_nano.a(lib_a-nano-svfprintf.o)
                0x0800af34                _svfiprintf_r
                0x0800af34                _svfprintf_r
 .text._printf_common
                0x0800b120       0xec c:/ac6/systemworkbench2.7/plugins/fr.ac6.mcu.externaltools.arm-none.win32_1.16.0.201807130628/tools/compiler/bin/../lib/gcc/arm-none-eabi/7.2.1/../../../../arm-none-eabi/lib/thumb/v7-m\libc_nano.a(lib_a-nano-vfprintf_i.o)
                0x0800b120                _printf_common
 .text._printf_i
                0x0800b20c      0x224 c:/ac6/systemworkbench2.7/plugins/fr.ac6.mcu.externaltools.arm-none.win32_1.16.0.201807130628/tools/compiler/bin/../lib/gcc/arm-none-eabi/7.2.1/../../../../arm-none-eabi/lib/thumb/v7-m\libc_nano.a(lib_a-nano-vfprintf_i.o)
                0x0800b20c                _printf_i
 .text.__ascii_wctomb
                0x0800b430       0x1a c:/ac6/systemworkbench2.7/plugins/fr.ac6.mcu.externaltools.arm-none.win32_1.16.0.201807130628/tools/compiler/bin/../lib/gcc/arm-none-eabi/7.2.1/../../../../arm-none-eabi/lib/thumb/v7-m\libc_nano.a(lib_a-wctomb_r.o)
                0x0800b430                __ascii_wctomb
 .text.memchr   0x0800b44a       0x1c c:/ac6/systemworkbench2.7/plugins/fr.ac6.mcu.externaltools.arm-none.win32_1.16.0.201807130628/tools/compiler/bin/../lib/gcc/arm-none-eabi/7.2.1/../../../../arm-none-eabi/lib/thumb/v7-m\libc_nano.a(lib_a-memchr-stub.o)
                0x0800b44a                memchr
 .text.memcpy   0x0800b466       0x16 c:/ac6/systemworkbench2.7/plugins/fr.ac6.mcu.externaltools.arm-none.win32_1.16.0.201807130628/tools/compiler/bin/../lib/gcc/arm-none-eabi/7.2.1/../../../../arm-none-eabi/lib/thumb/v7-m\libc_nano.a(lib_a-memcpy-stub.o)
                0x0800b466                memcpy
 .text.memmove  0x0800b47c       0x32 c:/ac6/systemworkbench2.7/plugins/fr.ac6.mcu.externaltools.arm-none.win32_1.16.0.201807130628/tools/compiler/bin/../lib/gcc/arm-none-eabi/7.2.1/../../../../arm-none-eabi/lib/thumb/v7-m\libc_nano.a(lib_a-memmove.o)
                0x0800b47c                memmove
 *fill*         0x0800b4ae        0x2 
 .text._free_r  0x0800b4b0       0x98 c:/ac6/systemworkbench2.7/plugins/fr.ac6.mcu.externaltools.arm-none.win32_1.16.0.201807130628/tools/compiler/bin/../lib/gcc/arm-none-eabi/7.2.1/../../../../arm-none-eabi/lib/thumb/v7-m\libc_nano.a(lib_a-nano-freer.o)
                0x0800b4b0                _free_r
 .text._malloc_r
                0x0800b548       0xb4 c:/ac6/systemworkbench2.7/plugins/fr.ac6.mcu.externaltools.arm-none.win32_1.16.0.201807130628/tools/compiler/bin/../lib/gcc/arm-none-eabi/7.2.1/../../../../arm-none-eabi/lib/thumb/v7-m\libc_nano.a(lib_a-nano-mallocr.o)
                0x0800b548                _malloc_r
 .text._realloc_r
                0x0800b5fc       0x4c c:/ac6/systemworkbench2.7/plugins/fr.ac6.mcu.externaltools.arm-none.win32_1.16.0.201807130628/tools/compiler/bin/../lib/gcc/arm-none-eabi/7.2.1/../../../../arm-none-eabi/lib/thumb/v7-m\libc_nano.a(lib_a-nano-reallocr.o)
                0x0800b5fc                _realloc_r
 .text._sbrk_r  0x0800b648       0x20 c:/ac6/systemworkbench2.7/plugins/fr.ac6.mcu.externaltools.arm-none.win32_1.16.0.201807130628/tools/compiler/bin/../lib/gcc/arm-none-eabi/7.2.1/../../../../arm-none-eabi/lib/thumb/v7-m\libc_nano.a(lib_a-sbrkr.o)
                0x0800b648                _sbrk_r
 .text.__malloc_lock
                0x0800b668        0x2 c:/ac6/systemworkbench2.7/plugins/fr.ac6.mcu.externaltools.arm-none.win32_1.16.0.201807130628/tools/compiler/bin/../lib/gcc/arm-none-eabi/7.2.1/../../../../arm-none-eabi/lib/thumb/v7-m\libc_nano.a(lib_a-mlock.o)
                0x0800b668                __malloc_lock
 .text.__malloc_unlock
                0x0800b66a        0x2 c:/ac6/systemworkbench2.7/plugins/fr.ac6.mcu.externaltools.arm-none.win32_1.16.0.201807130628/tools/compiler/bin/../lib/gcc/arm-none-eabi/7.2.1/../../../../arm-none-eabi/lib/thumb/v7-m\libc_nano.a(lib_a-mlock.o)
                0x0800b66a                __malloc_unlock
 .text._malloc_usable_size_r
                0x0800b66c       0x10 c:/ac6/systemworkbench2.7/plugins/fr.ac6.mcu.externaltools.arm-none.win32_1.16.0.201807130628/tools/compiler/bin/../lib/gcc/arm-none-eabi/7.2.1/../../../../arm-none-eabi/lib/thumb/v7-m\libc_nano.a(lib_a-nano-msizer.o)
                0x0800b66c                _malloc_usable_size_r
 .text._sbrk    0x0800b67c       0x1c c:/ac6/systemworkbench2.7/plugins/fr.ac6.mcu.externaltools.arm-none.win32_1.16.0.201807130628/tools/compiler/bin/../lib/gcc/arm-none-eabi/7.2.1/../../../../arm-none-eabi/lib/thumb/v7-m\libnosys.a(sbrk.o)
                0x0800b67c                _sbrk
 *(.glue_7)
 .glue_7        0x0800b698        0x0 linker stubs
 *(.glue_7t)
 .glue_7t       0x0800b698        0x0 linker stubs
 *(.eh_frame)
 .eh_frame      0x0800b698        0x0 c:/ac6/systemworkbench2.7/plugins/fr.ac6.mcu.externaltools.arm-none.win32_1.16.0.201807130628/tools/compiler/bin/../lib/gcc/arm-none-eabi/7.2.1/thumb/v7-m/crtbegin.o
 *(.init)
 .init          0x0800b698        0x4 c:/ac6/systemworkbench2.7/plugins/fr.ac6.mcu.externaltools.arm-none.win32_1.16.0.201807130628/tools/compiler/bin/../lib/gcc/arm-none-eabi/7.2.1/thumb/v7-m/crti.o
                0x0800b698                _init
 .init          0x0800b69c        0x8 c:/ac6/systemworkbench2.7/plugins/fr.ac6.mcu.externaltools.arm-none.win32_1.16.0.201807130628/tools/compiler/bin/../lib/gcc/arm-none-eabi/7.2.1/thumb/v7-m/crtn.o
 *(.fini)
 .fini          0x0800b6a4        0x4 c:/ac6/systemworkbench2.7/plugins/fr.ac6.mcu.externaltools.arm-none.win32_1.16.0.201807130628/tools/compiler/bin/../lib/gcc/arm-none-eabi/7.2.1/thumb/v7-m/crti.o
                0x0800b6a4                _fini
 .fini          0x0800b6a8        0x8 c:/ac6/systemworkbench2.7/plugins/fr.ac6.mcu.externaltools.arm-none.win32_1.16.0.201807130628/tools/compiler/bin/../lib/gcc/arm-none-eabi/7.2.1/thumb/v7-m/crtn.o
                0x0800b6b0                . = ALIGN (0x4)
                0x0800b6b0                _etext = .

.vfp11_veneer   0x0800b6b0        0x0
 .vfp11_veneer  0x0800b6b0        0x0 linker stubs

.v4_bx          0x0800b6b0        0x0
 .v4_bx         0x0800b6b0        0x0 linker stubs

.iplt           0x0800b6b0        0x0
 .iplt          0x0800b6b0        0x0 c:/ac6/systemworkbench2.7/plugins/fr.ac6.mcu.externaltools.arm-none.win32_1.16.0.201807130628/tools/compiler/bin/../lib/gcc/arm-none-eabi/7.2.1/thumb/v7-m/crtbegin.o

.rodata         0x0800b6b0      0xa58
                0x0800b6b0                . = ALIGN (0x4)
 *(.rodata)
 .rodata        0x0800b6b0       0x12 Drivers/STM32F1xx_HAL_Driver/Src/stm32f1xx_hal_rcc.o
 *fill*         0x0800b6c2        0x2 
 .rodata        0x0800b6c4      0x4b4 Src/colormonitor.o
                0x0800b6c4                strl
                0x0800b728                xpos
                0x0800b770                ypos
                0x0800b7b8                all_page_key
                0x0800b7f8                touch_command
                0x0800b80c                er_y_dif
                0x0800b810                er_x_dif
                0x0800b814                er_y
                0x0800b8c0                er_x
                0x0800b99c                op_y_dif
                0x0800b9a0                op_x_dif
                0x0800b9a4                op_y
                0x0800b9e0                op_x
                0x0800ba1c                var_valid
 .rodata        0x0800bb78       0x18 Src/system_stm32f1xx.o
                0x0800bb78                AHBPrescTable
                0x0800bb88                APBPrescTable
 *(.rodata*)
 .rodata.str1.4
                0x0800bb90        0x3 Src/colormonitor.o
 *fill*         0x0800bb93        0x1 
 .rodata.str1.4
                0x0800bb94      0x3d7 Src/function.o
 *fill*         0x0800bf6b        0x1 
 .rodata.str1.4
                0x0800bf6c       0x47 Src/main.o
 *fill*         0x0800bfb3        0x1 
 .rodata.pow.str1.4
                0x0800bfb4        0x4 c:/ac6/systemworkbench2.7/plugins/fr.ac6.mcu.externaltools.arm-none.win32_1.16.0.201807130628/tools/compiler/bin/../lib/gcc/arm-none-eabi/7.2.1/../../../../arm-none-eabi/lib/thumb/v7-m\libm.a(lib_a-w_pow.o)
 .rodata.__ieee754_pow.str1.4
                0x0800bfb8        0x4 c:/ac6/systemworkbench2.7/plugins/fr.ac6.mcu.externaltools.arm-none.win32_1.16.0.201807130628/tools/compiler/bin/../lib/gcc/arm-none-eabi/7.2.1/../../../../arm-none-eabi/lib/thumb/v7-m\libm.a(lib_a-e_pow.o)
                                  0x1 (size before relaxing)
 .rodata.TWO52  0x0800bfb8       0x10 c:/ac6/systemworkbench2.7/plugins/fr.ac6.mcu.externaltools.arm-none.win32_1.16.0.201807130628/tools/compiler/bin/../lib/gcc/arm-none-eabi/7.2.1/../../../../arm-none-eabi/lib/thumb/v7-m\libm.a(lib_a-s_rint.o)
 .rodata._setlocale_r.str1.1
                0x0800bfc8        0x8 c:/ac6/systemworkbench2.7/plugins/fr.ac6.mcu.externaltools.arm-none.win32_1.16.0.201807130628/tools/compiler/bin/../lib/gcc/arm-none-eabi/7.2.1/../../../../arm-none-eabi/lib/thumb/v7-m\libc_nano.a(lib_a-locale.o)
                                  0x9 (size before relaxing)
 .rodata.str1.1
                0x0800bfd0        0x2 c:/ac6/systemworkbench2.7/plugins/fr.ac6.mcu.externaltools.arm-none.win32_1.16.0.201807130628/tools/compiler/bin/../lib/gcc/arm-none-eabi/7.2.1/../../../../arm-none-eabi/lib/thumb/v7-m\libc_nano.a(lib_a-locale.o)
 .rodata._svfprintf_r.str1.1
                0x0800bfd2       0x11 c:/ac6/systemworkbench2.7/plugins/fr.ac6.mcu.externaltools.arm-none.win32_1.16.0.201807130628/tools/compiler/bin/../lib/gcc/arm-none-eabi/7.2.1/../../../../arm-none-eabi/lib/thumb/v7-m\libc_nano.a(lib_a-nano-svfprintf.o)
 .rodata._printf_i.str1.1
                0x0800bfe3       0x22 c:/ac6/systemworkbench2.7/plugins/fr.ac6.mcu.externaltools.arm-none.win32_1.16.0.201807130628/tools/compiler/bin/../lib/gcc/arm-none-eabi/7.2.1/../../../../arm-none-eabi/lib/thumb/v7-m\libc_nano.a(lib_a-nano-vfprintf_i.o)
 .rodata._ctype_
                0x0800c005      0x101 c:/ac6/systemworkbench2.7/plugins/fr.ac6.mcu.externaltools.arm-none.win32_1.16.0.201807130628/tools/compiler/bin/../lib/gcc/arm-none-eabi/7.2.1/../../../../arm-none-eabi/lib/thumb/v7-m\libc_nano.a(lib_a-ctype_.o)
                0x0800c005                _ctype_
                0x0800c108                . = ALIGN (0x4)
 *fill*         0x0800c106        0x2 

.rel.dyn        0x0800c108        0x0
 .rel.iplt      0x0800c108        0x0 c:/ac6/systemworkbench2.7/plugins/fr.ac6.mcu.externaltools.arm-none.win32_1.16.0.201807130628/tools/compiler/bin/../lib/gcc/arm-none-eabi/7.2.1/thumb/v7-m/crtbegin.o

.ARM.extab
 *(.ARM.extab* .gnu.linkonce.armextab.*)

.ARM            0x0800c108        0x0
                0x0800c108                __exidx_start = .
 *(.ARM.exidx*)
                0x0800c108                __exidx_end = .

.preinit_array  0x0800c108        0x0
                0x0800c108                PROVIDE (__preinit_array_start, .)
 *(.preinit_array*)
                0x0800c108                PROVIDE (__preinit_array_end, .)

.init_array     0x0800c108        0x4
                0x0800c108                PROVIDE (__init_array_start, .)
 *(SORT_BY_NAME(.init_array.*))
 *(.init_array*)
 .init_array    0x0800c108        0x4 c:/ac6/systemworkbench2.7/plugins/fr.ac6.mcu.externaltools.arm-none.win32_1.16.0.201807130628/tools/compiler/bin/../lib/gcc/arm-none-eabi/7.2.1/thumb/v7-m/crtbegin.o
                0x0800c10c                PROVIDE (__init_array_end, .)

.fini_array     0x0800c10c        0x4
                [!provide]                PROVIDE (__fini_array_start, .)
 *(SORT_BY_NAME(.fini_array.*))
 *(.fini_array*)
 .fini_array    0x0800c10c        0x4 c:/ac6/systemworkbench2.7/plugins/fr.ac6.mcu.externaltools.arm-none.win32_1.16.0.201807130628/tools/compiler/bin/../lib/gcc/arm-none-eabi/7.2.1/thumb/v7-m/crtbegin.o
                [!provide]                PROVIDE (__fini_array_end, .)
                0x0800c110                _sidata = LOADADDR (.data)

.data           0x20000000      0x2f8 load address 0x0800c110
                0x20000000                . = ALIGN (0x4)
                0x20000000                _sdata = .
 *(.data)
 .data          0x20000000        0x8 Drivers/STM32F1xx_HAL_Driver/Src/stm32f1xx_hal.o
                0x20000000                uwTickFreq
                0x20000004                uwTickPrio
 .data          0x20000008       0x40 Src/colormonitor.o
                0x20000008                picpast_add
                0x2000000c                str
                0x20000020                color2
                0x20000024                transmit
                0x20000025                touch_command_pointer
                0x20000028                y_dis_shift
                0x2000002c                x_dis_shift
                0x20000030                y_dis
                0x20000034                x_dis
                0x20000038                y2_sine
                0x2000003c                x2_sine
                0x20000040                bright
                0x20000044                brightcun
 .data          0x20000048       0xd7 Src/main.o
                0x20000048                addresspage
                0x2000004c                memseg
                0x20000050                maxruler1
                0x20000054                maxruler3
                0x20000058                maxruler2
                0x2000005c                var2j
                0x2000005e                var2i
                0x20000060                whour
                0x20000064                p1
                0x20000065                s1
                0x20000066                p2
                0x20000067                s2
                0x20000068                molpros
                0x20000069                molprop
                0x2000006a                lockpre
                0x2000006b                lockspeed
                0x2000006c                limitrmo
                0x20000070                s1pos
                0x20000074                s2pos
                0x20000078                molpos
                0x2000007c                lockpos
                0x20000080                dc
                0x200000c0                kkkk
                0x200000c4                hz
                0x200000d4                add
                0x200000e8                selz
                0x200000ec                hss
                0x200000f4                y2line
                0x200000f8                y1line
                0x200000fc                x2line
                0x20000100                x1line
                0x20000104                v1
                0x20000108                waitfortemp
                0x2000010c                cyclea
                0x2000011d                c4051
                0x2000011e                kd
 *fill*         0x2000011f        0x1 
 .data          0x20000120        0x4 Src/system_stm32f1xx.o
                0x20000120                SystemCoreClock
 *(.data*)
 .data.__fdlib_version
                0x20000124        0x1 c:/ac6/systemworkbench2.7/plugins/fr.ac6.mcu.externaltools.arm-none.win32_1.16.0.201807130628/tools/compiler/bin/../lib/gcc/arm-none-eabi/7.2.1/../../../../arm-none-eabi/lib/thumb/v7-m\libm.a(lib_a-s_lib_ver.o)
                0x20000124                __fdlib_version
 *fill*         0x20000125        0x3 
 .data._impure_ptr
                0x20000128        0x4 c:/ac6/systemworkbench2.7/plugins/fr.ac6.mcu.externaltools.arm-none.win32_1.16.0.201807130628/tools/compiler/bin/../lib/gcc/arm-none-eabi/7.2.1/../../../../arm-none-eabi/lib/thumb/v7-m\libc_nano.a(lib_a-impure.o)
                0x20000128                _impure_ptr
 .data.impure_data
                0x2000012c       0x60 c:/ac6/systemworkbench2.7/plugins/fr.ac6.mcu.externaltools.arm-none.win32_1.16.0.201807130628/tools/compiler/bin/../lib/gcc/arm-none-eabi/7.2.1/../../../../arm-none-eabi/lib/thumb/v7-m\libc_nano.a(lib_a-impure.o)
 .data.__global_locale
                0x2000018c      0x16c c:/ac6/systemworkbench2.7/plugins/fr.ac6.mcu.externaltools.arm-none.win32_1.16.0.201807130628/tools/compiler/bin/../lib/gcc/arm-none-eabi/7.2.1/../../../../arm-none-eabi/lib/thumb/v7-m\libc_nano.a(lib_a-locale.o)
                0x2000018c                __global_locale
                0x200002f8                . = ALIGN (0x4)
                0x200002f8                _edata = .

.igot.plt       0x200002f8        0x0 load address 0x0800c408
 .igot.plt      0x200002f8        0x0 c:/ac6/systemworkbench2.7/plugins/fr.ac6.mcu.externaltools.arm-none.win32_1.16.0.201807130628/tools/compiler/bin/../lib/gcc/arm-none-eabi/7.2.1/thumb/v7-m/crtbegin.o
                0x200002f8                . = ALIGN (0x4)

.bss            0x200002f8     0x2138 load address 0x0800c408
                0x200002f8                _sbss = .
                0x200002f8                __bss_start__ = _sbss
 *(.bss)
 .bss           0x200002f8       0x1c c:/ac6/systemworkbench2.7/plugins/fr.ac6.mcu.externaltools.arm-none.win32_1.16.0.201807130628/tools/compiler/bin/../lib/gcc/arm-none-eabi/7.2.1/thumb/v7-m/crtbegin.o
 .bss           0x20000314       0x10 Src/colormonitor.o
                0x20000314                y_sine
                0x20000318                x_sine
                0x2000031c                oldbright
                0x20000320                maxbufsize
 .bss           0x20000324       0x12 Src/main.o
                0x20000324                outputa
                0x20000325                outputb
                0x20000326                outputc
                0x20000327                oilnumber
                0x20000328                errorcode
                0x20000329                rollswitch
                0x2000032a                ehteyatkey
                0x2000032b                command_index
                0x2000032c                pci
                0x2000032d                pef
                0x2000032e                peb
                0x2000032f                pgb
                0x20000330                pub
                0x20000331                puf
                0x20000332                s4051
                0x20000333                mmc_command
                0x20000334                VarValue
 *(.bss*)
 *fill*         0x20000336        0x2 
 .bss.__malloc_free_list
                0x20000338        0x4 c:/ac6/systemworkbench2.7/plugins/fr.ac6.mcu.externaltools.arm-none.win32_1.16.0.201807130628/tools/compiler/bin/../lib/gcc/arm-none-eabi/7.2.1/../../../../arm-none-eabi/lib/thumb/v7-m\libc_nano.a(lib_a-nano-mallocr.o)
                0x20000338                __malloc_free_list
 .bss.__malloc_sbrk_start
                0x2000033c        0x4 c:/ac6/systemworkbench2.7/plugins/fr.ac6.mcu.externaltools.arm-none.win32_1.16.0.201807130628/tools/compiler/bin/../lib/gcc/arm-none-eabi/7.2.1/../../../../arm-none-eabi/lib/thumb/v7-m\libc_nano.a(lib_a-nano-mallocr.o)
                0x2000033c                __malloc_sbrk_start
 .bss.heap_end.4102
                0x20000340        0x4 c:/ac6/systemworkbench2.7/plugins/fr.ac6.mcu.externaltools.arm-none.win32_1.16.0.201807130628/tools/compiler/bin/../lib/gcc/arm-none-eabi/7.2.1/../../../../arm-none-eabi/lib/thumb/v7-m\libnosys.a(sbrk.o)
 *(COMMON)
 COMMON         0x20000344       0x2b Drivers/STM32F1xx_HAL_Driver/Src/stm32f1xx_hal.o
                0x20000344                lock1
                0x20000345                refresh3
                0x20000346                pepm1
                0x20000347                lock
                0x20000348                hit3ok
                0x20000349                pri1
                0x2000034a                semiauto
                0x2000034b                temp111
                0x2000034c                uwTick
                0x20000350                darbaz
                0x20000351                fffk
                0x20000352                protection
                0x20000353                silehteyat
                0x20000354                offbit
                0x20000355                darbasteh
                0x20000356                lowtemp
                0x20000357                mode
                0x20000358                pmri
                0x20000359                pmri1
                0x2000035a                hit5ok
                0x2000035b                autokey
                0x2000035c                hit2ok
                0x2000035d                pepm
                0x2000035e                auto4
                0x2000035f                goveout
                0x20000360                pbri1
                0x20000361                oilcycle
                0x20000362                hightemp
                0x20000363                automatic
                0x20000364                hit4ok
                0x20000365                numin
                0x20000366                pri
                0x20000367                hitteron
                0x20000368                oil
                0x20000369                timestart
                0x2000036a                hit1ok
                0x2000036b                mkeshact
                0x2000036c                moto
                0x2000036d                pbri
                0x2000036e                govein
 *fill*         0x2000036f        0x1 
 COMMON         0x20000370      0x6d1 Src/colormonitor.o
                0x20000370                picnumber
                0x20000374                r_d_pointer
                0x20000378                ftemp
                0x2000037c                oldpageco
                0x20000380                lcdbuf
                0x200005a6                lcdbus
                0x200005a8                old_sine
                0x200005bc                itemp
                0x200005c0                sine
                0x200005d4                old
                0x20000758                picbuf
                0x20000884                picpast_flag
                0x20000888                key_y
                0x2000088c                oldc
                0x20000a0c                bufsize
                0x20000a10                serial_data_valid
                0x20000a14                bufpointer
                0x20000a18                receive_data
                0x20000a2a                timebase2
                0x20000a2c                touch_key
                0x20000a30                textpointer
                0x20000a34                key_x
                0x20000a38                varselect
                0x20000a3c                color1
                0x20000a40                cheshmak
 *fill*         0x20000a41        0x3 
 COMMON         0x20000a44       0x58 Src/function.o
                0x20000a44                hspi2
 COMMON         0x20000a9c      0x180 Src/globalVar.o
                0x20000a9c                huart3
                0x20000adc                htim3
                0x20000b1c                huart1
                0x20000b5c                htim1
                0x20000b9c                htim2
                0x20000bdc                huart2
 COMMON         0x20000c1c     0x1810 Src/main.o
                0x20000c1c                Value
                0x20000c20                delay4
                0x20000c24                t
                0x20000c28                id_counter
                0x20000c2c                t4cul
                0x20000c30                ruler3p1
                0x20000c34                speedv12
                0x20000c35                HSEStartUpStatus
                0x20000c36                keycode
                0x20000c37                delay1
                0x20000c38                perv1
                0x20000c39                perv7
                0x20000c3a                cul
                0x20000c3c                ruler2m
                0x20000c40                tedad
                0x20000c44                hour1
                0x20000c48                j
                0x20000c4c                x
                0x20000c50                per
                0x20000c51                perv12
                0x20000c52                perv2
                0x20000c54                in
                0x20000c74                speed2
                0x20000c78                timer
                0x20000c7c                oldi8
                0x20000c80                b2
                0x20000c84                n
                0x20000c88                lowr
                0x20000c8c                perv3
                0x20000c8d                perv6
                0x20000c8e                secbase
                0x20000c90                avrage
                0x20000ca8                ruler2p2
                0x20000cac                var_next_address
                0x20000cb0                staten
                0x20000cb4                timer2
                0x20000cb8                passtry
                0x20000cbc                delaytaghe
                0x20000cc0                usart_buffer_index
                0x20000cc4                oiltime
                0x20000cc8                errorc
                0x20000ccc                bristate
                0x20000cd0                ruler1p7
                0x20000cd4                tempr1
                0x20000cd5                kvar
                0x20000cd6                mavad2
                0x20000cd8                echostring
                0x20000d3c                read2
                0x20000d3d                zone
                0x20000d3e                finish
                0x20000d3f                perv10
                0x20000d40                tempp
                0x20000d41                read1
                0x20000d44                b1
                0x20000d48                peb1
                0x20000d4c                t3cul
                0x20000d50                ruler3
                0x20000d54                rx_wr_index
                0x20000d55                speedv7
                0x20000d56                soundf
                0x20000d57                delay2
                0x20000d58                kflag
                0x20000d5c                hpriod
                0x20000d60                command
                0x20000d80                k
                0x20000d84                line
                0x20000d85                numberchange
                0x20000d88                temp
                0x20000d8c                totaltime
                0x20000d90                timemax
                0x20000d94                ruler1p4
                0x20000d98                pass3
                0x20000d9c                aaa
                0x20000da0                lock2
                0x20000da4                perv4
                0x20000da8                beepcounter
                0x20000dac                secend
                0x20000db0                systemonright
                0x20000db4                speedv6
                0x20000db5                state
                0x20000db8                RS485_buffer_index
                0x20000dbc                id
                0x20000dbf                timediv
                0x20000dc0                keywait
                0x20000dc1                mmc_respond
                0x20000dc4                b4
                0x20000dc8                ruler2p1
                0x20000dcc                number
                0x20000dd0                ruler3p2
                0x20000dd4                pmo1
                0x20000dd8                passcun
                0x20000ddc                ruler3p3
                0x20000de0                speedv11
                0x20000de4                timep
                0x20000de8                rx_buffer_overflow
                0x20000dec                sound
                0x20000df0                usart_buffer
                0x20000e18                delay5
                0x20000e19                yekst
                0x20000e1a                lockkey1
                0x20000e1b                pnum
                0x20000e1c                variable
                0x20000e44                z
                0x20000e48                perv13
                0x20000e49                cun2
                0x20000e4a                imagekey
                0x20000e4b                led
                0x20000e4c                ritime3
                0x20000e50                ruler1a
                0x20000e54                rx_counter
                0x20000e55                refresh2
                0x20000e58                memvar
                0x20001ab8                pmc
                0x20001ab9                speedv8
                0x20001aba                speedv3
                0x20001abb                read3
                0x20001abc                wait
                0x20001ac0                ruler2p4
                0x20001ac4                temptemp
                0x20001ac8                justtest
                0x20001acc                ruler2p3
                0x20001ad0                rx_rd_index
                0x20001ad4                c
                0x20001ad8                hour
                0x20001adc                d2
                0x20001ae0                ruler1p6
                0x20001ae4                var_page_address
                0x20001ae8                conter
                0x20001aec                oldlgr
                0x20001af0                recive
                0x20001af4                perv8
                0x20001af8                ruler2
                0x20001afc                speedv2
                0x20001b00                pass2
                0x20001b04                auto3
                0x20001b08                RS485_buffer
                0x20001b30                systemonleft
                0x20001b34                pef1
                0x20001b35                speedv1
                0x20001b36                pco1
                0x20001b37                speedv9
                0x20001b38                action
                0x20001b3c                y
                0x20001b40                ruler1p1
                0x20001b44                pmc1
                0x20001b48                oiltemp
                0x20001b4c                pgb1
                0x20001b50                var2
                0x200020d0                timebase
                0x200020d4                pco
                0x200020d5                chanel
                0x200020d8                mmcflag
                0x200020dc                ruler1p3
                0x200020e0                refresh
                0x200020e1                autokey2
                0x200020e4                ruler1m
                0x200020e8                perv14
                0x200020e9                ristate
                0x200020ec                ruler3p4
                0x200020f0                speedv13
                0x200020f1                speedv10
                0x200020f4                ritime2
                0x200020f8                ritime
                0x200020fc                tempcommand
                0x200020fd                i3old
                0x200020fe                perv9
                0x20002100                tempasd
                0x20002148                b5
                0x2000214c                s
                0x20002150                x1
                0x20002154                line2
                0x20002158                speed
                0x20002159                temprecive
                0x2000215c                pass1
                0x20002160                var
                0x2000237c                b3
                0x20002380                tempgo
                0x20002384                hitreal
                0x20002388                page
                0x2000238c                outon
                0x20002392                timer1
                0x20002394                tempreture
                0x200023a8                semiauto2
                0x200023a9                cycleex
                0x200023aa                color_refresh
                0x200023ab                perv19
                0x200023ac                ruler3m
                0x200023b0                timeflag
                0x200023b4                ritime1
                0x200023b8                t2cul
                0x200023bc                beep
                0x200023bd                oldlgf
                0x200023be                speedv19
                0x200023bf                speedehteyat
                0x200023c0                speedv14
                0x200023c4                ruler1
                0x200023c8                perv5
                0x200023c9                pci1
                0x200023cc                mmc
                0x200023d0                b0
                0x200023d4                a
                0x200023d8                delaycun
                0x200023dc                alaki2
                0x200023e0                t5cul
                0x200023e4                maxcomponent
                0x200023e8                ccunter
                0x200023ec                reccun
                0x200023ed                state2
                0x200023f0                t1cul
                0x200023f4                perv11
                0x200023f5                oldpage
                0x200023f8                m
                0x200023fc                q
                0x20002400                lockkey
                0x20002401                speedv5
                0x20002402                speedv4
                0x20002403                delay3
                0x20002404                u
                0x20002408                pub1
                0x2000240c                ruler1p5
                0x20002410                automode
                0x20002411                timefull
                0x20002414                hitok
                0x20002418                marrid
                0x2000241c                puf1
                0x20002420                y1
                0x20002424                mmc_key_active
                0x20002425                pmo
                0x20002426                keypress
                0x20002427                row
                0x20002428                ruler1p2
 COMMON         0x2000242c        0x4 c:/ac6/systemworkbench2.7/plugins/fr.ac6.mcu.externaltools.arm-none.win32_1.16.0.201807130628/tools/compiler/bin/../lib/gcc/arm-none-eabi/7.2.1/../../../../arm-none-eabi/lib/thumb/v7-m\libc_nano.a(lib_a-reent.o)
                0x2000242c                errno
                0x20002430                . = ALIGN (0x4)
                0x20002430                _ebss = .
                0x20002430                __bss_end__ = _ebss

._user_heap_stack
                0x20002430      0x600 load address 0x0800c408
                0x20002430                . = ALIGN (0x8)
                0x20002430                PROVIDE (end, .)
                [!provide]                PROVIDE (_end, .)
                0x20002630                . = (. + _Min_Heap_Size)
 *fill*         0x20002430      0x200 
                0x20002a30                . = (. + _Min_Stack_Size)
 *fill*         0x20002630      0x400 
                0x20002a30                . = ALIGN (0x8)

/DISCARD/
 libc.a(*)
 libm.a(*)
 libgcc.a(*)

.ARM.attributes
                0x00000000       0x29
 *(.ARM.attributes)
 .ARM.attributes
                0x00000000       0x1d c:/ac6/systemworkbench2.7/plugins/fr.ac6.mcu.externaltools.arm-none.win32_1.16.0.201807130628/tools/compiler/bin/../lib/gcc/arm-none-eabi/7.2.1/thumb/v7-m/crti.o
 .ARM.attributes
                0x0000001d       0x2d c:/ac6/systemworkbench2.7/plugins/fr.ac6.mcu.externaltools.arm-none.win32_1.16.0.201807130628/tools/compiler/bin/../lib/gcc/arm-none-eabi/7.2.1/thumb/v7-m/crtbegin.o
 .ARM.attributes
                0x0000004a       0x33 Drivers/STM32F1xx_HAL_Driver/Src/stm32f1xx_hal.o
 .ARM.attributes
                0x0000007d       0x33 Drivers/STM32F1xx_HAL_Driver/Src/stm32f1xx_hal_cortex.o
 .ARM.attributes
                0x000000b0       0x33 Drivers/STM32F1xx_HAL_Driver/Src/stm32f1xx_hal_dma.o
 .ARM.attributes
                0x000000e3       0x33 Drivers/STM32F1xx_HAL_Driver/Src/stm32f1xx_hal_flash.o
 .ARM.attributes
                0x00000116       0x33 Drivers/STM32F1xx_HAL_Driver/Src/stm32f1xx_hal_gpio.o
 .ARM.attributes
                0x00000149       0x33 Drivers/STM32F1xx_HAL_Driver/Src/stm32f1xx_hal_rcc.o
 .ARM.attributes
                0x0000017c       0x33 Drivers/STM32F1xx_HAL_Driver/Src/stm32f1xx_hal_spi_ex.o
 .ARM.attributes
                0x000001af       0x33 Drivers/STM32F1xx_HAL_Driver/Src/stm32f1xx_hal_tim.o
 .ARM.attributes
                0x000001e2       0x33 Drivers/STM32F1xx_HAL_Driver/Src/stm32f1xx_hal_tim_ex.o
 .ARM.attributes
                0x00000215       0x33 Drivers/STM32F1xx_HAL_Driver/Src/stm32f1xx_hal_uart.o
 .ARM.attributes
                0x00000248       0x33 Src/colormonitor.o
 .ARM.attributes
                0x0000027b       0x33 Src/function.o
 .ARM.attributes
                0x000002ae       0x33 Src/globalVar.o
 .ARM.attributes
                0x000002e1       0x33 Src/main.o
 .ARM.attributes
                0x00000314       0x33 Src/stm32f1xx_hal_msp.o
 .ARM.attributes
                0x00000347       0x33 Src/stm32f1xx_it.o
 .ARM.attributes
                0x0000037a       0x33 Src/system_stm32f1xx.o
 .ARM.attributes
                0x000003ad       0x21 startup/startup_stm32f103xb.o
 .ARM.attributes
                0x000003ce       0x2d c:/ac6/systemworkbench2.7/plugins/fr.ac6.mcu.externaltools.arm-none.win32_1.16.0.201807130628/tools/compiler/bin/../lib/gcc/arm-none-eabi/7.2.1/../../../../arm-none-eabi/lib/thumb/v7-m\libm.a(lib_a-w_pow.o)
 .ARM.attributes
                0x000003fb       0x2d c:/ac6/systemworkbench2.7/plugins/fr.ac6.mcu.externaltools.arm-none.win32_1.16.0.201807130628/tools/compiler/bin/../lib/gcc/arm-none-eabi/7.2.1/../../../../arm-none-eabi/lib/thumb/v7-m\libm.a(lib_a-e_pow.o)
 .ARM.attributes
                0x00000428       0x2d c:/ac6/systemworkbench2.7/plugins/fr.ac6.mcu.externaltools.arm-none.win32_1.16.0.201807130628/tools/compiler/bin/../lib/gcc/arm-none-eabi/7.2.1/../../../../arm-none-eabi/lib/thumb/v7-m\libm.a(lib_a-e_sqrt.o)
 .ARM.attributes
                0x00000455       0x2d c:/ac6/systemworkbench2.7/plugins/fr.ac6.mcu.externaltools.arm-none.win32_1.16.0.201807130628/tools/compiler/bin/../lib/gcc/arm-none-eabi/7.2.1/../../../../arm-none-eabi/lib/thumb/v7-m\libm.a(lib_a-s_fabs.o)
 .ARM.attributes
                0x00000482       0x2d c:/ac6/systemworkbench2.7/plugins/fr.ac6.mcu.externaltools.arm-none.win32_1.16.0.201807130628/tools/compiler/bin/../lib/gcc/arm-none-eabi/7.2.1/../../../../arm-none-eabi/lib/thumb/v7-m\libm.a(lib_a-s_finite.o)
 .ARM.attributes
                0x000004af       0x2d c:/ac6/systemworkbench2.7/plugins/fr.ac6.mcu.externaltools.arm-none.win32_1.16.0.201807130628/tools/compiler/bin/../lib/gcc/arm-none-eabi/7.2.1/../../../../arm-none-eabi/lib/thumb/v7-m\libm.a(lib_a-s_lib_ver.o)
 .ARM.attributes
                0x000004dc       0x2d c:/ac6/systemworkbench2.7/plugins/fr.ac6.mcu.externaltools.arm-none.win32_1.16.0.201807130628/tools/compiler/bin/../lib/gcc/arm-none-eabi/7.2.1/../../../../arm-none-eabi/lib/thumb/v7-m\libm.a(lib_a-s_matherr.o)
 .ARM.attributes
                0x00000509       0x2d c:/ac6/systemworkbench2.7/plugins/fr.ac6.mcu.externaltools.arm-none.win32_1.16.0.201807130628/tools/compiler/bin/../lib/gcc/arm-none-eabi/7.2.1/../../../../arm-none-eabi/lib/thumb/v7-m\libm.a(lib_a-s_nan.o)
 .ARM.attributes
                0x00000536       0x2d c:/ac6/systemworkbench2.7/plugins/fr.ac6.mcu.externaltools.arm-none.win32_1.16.0.201807130628/tools/compiler/bin/../lib/gcc/arm-none-eabi/7.2.1/../../../../arm-none-eabi/lib/thumb/v7-m\libm.a(lib_a-s_rint.o)
 .ARM.attributes
                0x00000563       0x2d c:/ac6/systemworkbench2.7/plugins/fr.ac6.mcu.externaltools.arm-none.win32_1.16.0.201807130628/tools/compiler/bin/../lib/gcc/arm-none-eabi/7.2.1/../../../../arm-none-eabi/lib/thumb/v7-m\libm.a(lib_a-s_scalbn.o)
 .ARM.attributes
                0x00000590       0x2d c:/ac6/systemworkbench2.7/plugins/fr.ac6.mcu.externaltools.arm-none.win32_1.16.0.201807130628/tools/compiler/bin/../lib/gcc/arm-none-eabi/7.2.1/../../../../arm-none-eabi/lib/thumb/v7-m\libm.a(lib_a-s_copysign.o)
 .ARM.attributes
                0x000005bd       0x1d c:/ac6/systemworkbench2.7/plugins/fr.ac6.mcu.externaltools.arm-none.win32_1.16.0.201807130628/tools/compiler/bin/../lib/gcc/arm-none-eabi/7.2.1/thumb/v7-m\libgcc.a(_arm_addsubdf3.o)
 .ARM.attributes
                0x000005da       0x1d c:/ac6/systemworkbench2.7/plugins/fr.ac6.mcu.externaltools.arm-none.win32_1.16.0.201807130628/tools/compiler/bin/../lib/gcc/arm-none-eabi/7.2.1/thumb/v7-m\libgcc.a(_arm_muldivdf3.o)
 .ARM.attributes
                0x000005f7       0x1d c:/ac6/systemworkbench2.7/plugins/fr.ac6.mcu.externaltools.arm-none.win32_1.16.0.201807130628/tools/compiler/bin/../lib/gcc/arm-none-eabi/7.2.1/thumb/v7-m\libgcc.a(_arm_cmpdf2.o)
 .ARM.attributes
                0x00000614       0x1d c:/ac6/systemworkbench2.7/plugins/fr.ac6.mcu.externaltools.arm-none.win32_1.16.0.201807130628/tools/compiler/bin/../lib/gcc/arm-none-eabi/7.2.1/thumb/v7-m\libgcc.a(_arm_unorddf2.o)
 .ARM.attributes
                0x00000631       0x1d c:/ac6/systemworkbench2.7/plugins/fr.ac6.mcu.externaltools.arm-none.win32_1.16.0.201807130628/tools/compiler/bin/../lib/gcc/arm-none-eabi/7.2.1/thumb/v7-m\libgcc.a(_arm_truncdfsf2.o)
 .ARM.attributes
                0x0000064e       0x1d c:/ac6/systemworkbench2.7/plugins/fr.ac6.mcu.externaltools.arm-none.win32_1.16.0.201807130628/tools/compiler/bin/../lib/gcc/arm-none-eabi/7.2.1/thumb/v7-m\libgcc.a(_arm_addsubsf3.o)
 .ARM.attributes
                0x0000066b       0x1d c:/ac6/systemworkbench2.7/plugins/fr.ac6.mcu.externaltools.arm-none.win32_1.16.0.201807130628/tools/compiler/bin/../lib/gcc/arm-none-eabi/7.2.1/thumb/v7-m\libgcc.a(_arm_muldivsf3.o)
 .ARM.attributes
                0x00000688       0x1d c:/ac6/systemworkbench2.7/plugins/fr.ac6.mcu.externaltools.arm-none.win32_1.16.0.201807130628/tools/compiler/bin/../lib/gcc/arm-none-eabi/7.2.1/thumb/v7-m\libgcc.a(_arm_cmpsf2.o)
 .ARM.attributes
                0x000006a5       0x1d c:/ac6/systemworkbench2.7/plugins/fr.ac6.mcu.externaltools.arm-none.win32_1.16.0.201807130628/tools/compiler/bin/../lib/gcc/arm-none-eabi/7.2.1/thumb/v7-m\libgcc.a(_arm_fixsfsi.o)
 .ARM.attributes
                0x000006c2       0x1d c:/ac6/systemworkbench2.7/plugins/fr.ac6.mcu.externaltools.arm-none.win32_1.16.0.201807130628/tools/compiler/bin/../lib/gcc/arm-none-eabi/7.2.1/thumb/v7-m\libgcc.a(_arm_fixunssfsi.o)
 .ARM.attributes
                0x000006df       0x2d c:/ac6/systemworkbench2.7/plugins/fr.ac6.mcu.externaltools.arm-none.win32_1.16.0.201807130628/tools/compiler/bin/../lib/gcc/arm-none-eabi/7.2.1/../../../../arm-none-eabi/lib/thumb/v7-m\libc_nano.a(lib_a-atoi.o)
 .ARM.attributes
                0x0000070c       0x2d c:/ac6/systemworkbench2.7/plugins/fr.ac6.mcu.externaltools.arm-none.win32_1.16.0.201807130628/tools/compiler/bin/../lib/gcc/arm-none-eabi/7.2.1/../../../../arm-none-eabi/lib/thumb/v7-m\libc_nano.a(lib_a-errno.o)
 .ARM.attributes
                0x00000739       0x2d c:/ac6/systemworkbench2.7/plugins/fr.ac6.mcu.externaltools.arm-none.win32_1.16.0.201807130628/tools/compiler/bin/../lib/gcc/arm-none-eabi/7.2.1/../../../../arm-none-eabi/lib/thumb/v7-m\libc_nano.a(lib_a-impure.o)
 .ARM.attributes
                0x00000766       0x2d c:/ac6/systemworkbench2.7/plugins/fr.ac6.mcu.externaltools.arm-none.win32_1.16.0.201807130628/tools/compiler/bin/../lib/gcc/arm-none-eabi/7.2.1/../../../../arm-none-eabi/lib/thumb/v7-m\libc_nano.a(lib_a-init.o)
 .ARM.attributes
                0x00000793       0x2d c:/ac6/systemworkbench2.7/plugins/fr.ac6.mcu.externaltools.arm-none.win32_1.16.0.201807130628/tools/compiler/bin/../lib/gcc/arm-none-eabi/7.2.1/../../../../arm-none-eabi/lib/thumb/v7-m\libc_nano.a(lib_a-sprintf.o)
 .ARM.attributes
                0x000007c0       0x1b c:/ac6/systemworkbench2.7/plugins/fr.ac6.mcu.externaltools.arm-none.win32_1.16.0.201807130628/tools/compiler/bin/../lib/gcc/arm-none-eabi/7.2.1/../../../../arm-none-eabi/lib/thumb/v7-m\libc_nano.a(lib_a-strcmp.o)
 .ARM.attributes
                0x000007db       0x17 c:/ac6/systemworkbench2.7/plugins/fr.ac6.mcu.externaltools.arm-none.win32_1.16.0.201807130628/tools/compiler/bin/../lib/gcc/arm-none-eabi/7.2.1/../../../../arm-none-eabi/lib/thumb/v7-m\libc_nano.a(lib_a-strlen.o)
 .ARM.attributes
                0x000007f2       0x2d c:/ac6/systemworkbench2.7/plugins/fr.ac6.mcu.externaltools.arm-none.win32_1.16.0.201807130628/tools/compiler/bin/../lib/gcc/arm-none-eabi/7.2.1/../../../../arm-none-eabi/lib/thumb/v7-m\libc_nano.a(lib_a-strtol.o)
 .ARM.attributes
                0x0000081f       0x2d c:/ac6/systemworkbench2.7/plugins/fr.ac6.mcu.externaltools.arm-none.win32_1.16.0.201807130628/tools/compiler/bin/../lib/gcc/arm-none-eabi/7.2.1/../../../../arm-none-eabi/lib/thumb/v7-m\libc_nano.a(lib_a-locale.o)
 .ARM.attributes
                0x0000084c       0x2d c:/ac6/systemworkbench2.7/plugins/fr.ac6.mcu.externaltools.arm-none.win32_1.16.0.201807130628/tools/compiler/bin/../lib/gcc/arm-none-eabi/7.2.1/../../../../arm-none-eabi/lib/thumb/v7-m\libc_nano.a(lib_a-mbtowc_r.o)
 .ARM.attributes
                0x00000879       0x2d c:/ac6/systemworkbench2.7/plugins/fr.ac6.mcu.externaltools.arm-none.win32_1.16.0.201807130628/tools/compiler/bin/../lib/gcc/arm-none-eabi/7.2.1/../../../../arm-none-eabi/lib/thumb/v7-m\libc_nano.a(lib_a-nano-svfprintf.o)
 .ARM.attributes
                0x000008a6       0x2d c:/ac6/systemworkbench2.7/plugins/fr.ac6.mcu.externaltools.arm-none.win32_1.16.0.201807130628/tools/compiler/bin/../lib/gcc/arm-none-eabi/7.2.1/../../../../arm-none-eabi/lib/thumb/v7-m\libc_nano.a(lib_a-nano-vfprintf_i.o)
 .ARM.attributes
                0x000008d3       0x2d c:/ac6/systemworkbench2.7/plugins/fr.ac6.mcu.externaltools.arm-none.win32_1.16.0.201807130628/tools/compiler/bin/../lib/gcc/arm-none-eabi/7.2.1/../../../../arm-none-eabi/lib/thumb/v7-m\libc_nano.a(lib_a-wctomb_r.o)
 .ARM.attributes
                0x00000900       0x2d c:/ac6/systemworkbench2.7/plugins/fr.ac6.mcu.externaltools.arm-none.win32_1.16.0.201807130628/tools/compiler/bin/../lib/gcc/arm-none-eabi/7.2.1/../../../../arm-none-eabi/lib/thumb/v7-m\libc_nano.a(lib_a-ctype_.o)
 .ARM.attributes
                0x0000092d       0x2d c:/ac6/systemworkbench2.7/plugins/fr.ac6.mcu.externaltools.arm-none.win32_1.16.0.201807130628/tools/compiler/bin/../lib/gcc/arm-none-eabi/7.2.1/../../../../arm-none-eabi/lib/thumb/v7-m\libc_nano.a(lib_a-memchr-stub.o)
 .ARM.attributes
                0x0000095a       0x2d c:/ac6/systemworkbench2.7/plugins/fr.ac6.mcu.externaltools.arm-none.win32_1.16.0.201807130628/tools/compiler/bin/../lib/gcc/arm-none-eabi/7.2.1/../../../../arm-none-eabi/lib/thumb/v7-m\libc_nano.a(lib_a-memcpy-stub.o)
 .ARM.attributes
                0x00000987       0x2d c:/ac6/systemworkbench2.7/plugins/fr.ac6.mcu.externaltools.arm-none.win32_1.16.0.201807130628/tools/compiler/bin/../lib/gcc/arm-none-eabi/7.2.1/../../../../arm-none-eabi/lib/thumb/v7-m\libc_nano.a(lib_a-memmove.o)
 .ARM.attributes
                0x000009b4       0x2d c:/ac6/systemworkbench2.7/plugins/fr.ac6.mcu.externaltools.arm-none.win32_1.16.0.201807130628/tools/compiler/bin/../lib/gcc/arm-none-eabi/7.2.1/../../../../arm-none-eabi/lib/thumb/v7-m\libc_nano.a(lib_a-nano-freer.o)
 .ARM.attributes
                0x000009e1       0x2d c:/ac6/systemworkbench2.7/plugins/fr.ac6.mcu.externaltools.arm-none.win32_1.16.0.201807130628/tools/compiler/bin/../lib/gcc/arm-none-eabi/7.2.1/../../../../arm-none-eabi/lib/thumb/v7-m\libc_nano.a(lib_a-nano-mallocr.o)
 .ARM.attributes
                0x00000a0e       0x2d c:/ac6/systemworkbench2.7/plugins/fr.ac6.mcu.externaltools.arm-none.win32_1.16.0.201807130628/tools/compiler/bin/../lib/gcc/arm-none-eabi/7.2.1/../../../../arm-none-eabi/lib/thumb/v7-m\libc_nano.a(lib_a-nano-reallocr.o)
 .ARM.attributes
                0x00000a3b       0x2d c:/ac6/systemworkbench2.7/plugins/fr.ac6.mcu.externaltools.arm-none.win32_1.16.0.201807130628/tools/compiler/bin/../lib/gcc/arm-none-eabi/7.2.1/../../../../arm-none-eabi/lib/thumb/v7-m\libc_nano.a(lib_a-sbrkr.o)
 .ARM.attributes
                0x00000a68       0x2d c:/ac6/systemworkbench2.7/plugins/fr.ac6.mcu.externaltools.arm-none.win32_1.16.0.201807130628/tools/compiler/bin/../lib/gcc/arm-none-eabi/7.2.1/../../../../arm-none-eabi/lib/thumb/v7-m\libc_nano.a(lib_a-mlock.o)
 .ARM.attributes
                0x00000a95       0x2d c:/ac6/systemworkbench2.7/plugins/fr.ac6.mcu.externaltools.arm-none.win32_1.16.0.201807130628/tools/compiler/bin/../lib/gcc/arm-none-eabi/7.2.1/../../../../arm-none-eabi/lib/thumb/v7-m\libc_nano.a(lib_a-nano-msizer.o)
 .ARM.attributes
                0x00000ac2       0x2d c:/ac6/systemworkbench2.7/plugins/fr.ac6.mcu.externaltools.arm-none.win32_1.16.0.201807130628/tools/compiler/bin/../lib/gcc/arm-none-eabi/7.2.1/../../../../arm-none-eabi/lib/thumb/v7-m\libc_nano.a(lib_a-reent.o)
 .ARM.attributes
                0x00000aef       0x2d c:/ac6/systemworkbench2.7/plugins/fr.ac6.mcu.externaltools.arm-none.win32_1.16.0.201807130628/tools/compiler/bin/../lib/gcc/arm-none-eabi/7.2.1/../../../../arm-none-eabi/lib/thumb/v7-m\libnosys.a(sbrk.o)
 .ARM.attributes
                0x00000b1c       0x1d c:/ac6/systemworkbench2.7/plugins/fr.ac6.mcu.externaltools.arm-none.win32_1.16.0.201807130628/tools/compiler/bin/../lib/gcc/arm-none-eabi/7.2.1/thumb/v7-m/crtn.o
OUTPUT(injection_iot.elf elf32-littlearm)

.debug_info     0x00000000    0x2da48
 .debug_info    0x00000000     0x20cd Drivers/STM32F1xx_HAL_Driver/Src/stm32f1xx_hal.o
 .debug_info    0x000020cd     0x259c Drivers/STM32F1xx_HAL_Driver/Src/stm32f1xx_hal_cortex.o
 .debug_info    0x00004669     0x213b Drivers/STM32F1xx_HAL_Driver/Src/stm32f1xx_hal_dma.o
 .debug_info    0x000067a4     0x1fdc Drivers/STM32F1xx_HAL_Driver/Src/stm32f1xx_hal_flash.o
 .debug_info    0x00008780     0x1fae Drivers/STM32F1xx_HAL_Driver/Src/stm32f1xx_hal_gpio.o
 .debug_info    0x0000a72e     0x2316 Drivers/STM32F1xx_HAL_Driver/Src/stm32f1xx_hal_rcc.o
 .debug_info    0x0000ca44     0x1f4c Drivers/STM32F1xx_HAL_Driver/Src/stm32f1xx_hal_spi_ex.o
 .debug_info    0x0000e990     0x4787 Drivers/STM32F1xx_HAL_Driver/Src/stm32f1xx_hal_tim.o
 .debug_info    0x00013117     0x2bcf Drivers/STM32F1xx_HAL_Driver/Src/stm32f1xx_hal_tim_ex.o
 .debug_info    0x00015ce6     0x2fa2 Drivers/STM32F1xx_HAL_Driver/Src/stm32f1xx_hal_uart.o
 .debug_info    0x00018c88     0x1612 Src/colormonitor.o
 .debug_info    0x0001a29a     0x5f38 Src/function.o
 .debug_info    0x000201d2     0x239f Src/globalVar.o
 .debug_info    0x00022571     0x48a5 Src/main.o
 .debug_info    0x00026e16     0x2c74 Src/stm32f1xx_hal_msp.o
 .debug_info    0x00029a8a     0x2260 Src/stm32f1xx_it.o
 .debug_info    0x0002bcea     0x1d3c Src/system_stm32f1xx.o
 .debug_info    0x0002da26       0x22 startup/startup_stm32f103xb.o

.debug_abbrev   0x00000000     0x36cd
 .debug_abbrev  0x00000000      0x339 Drivers/STM32F1xx_HAL_Driver/Src/stm32f1xx_hal.o
 .debug_abbrev  0x00000339      0x412 Drivers/STM32F1xx_HAL_Driver/Src/stm32f1xx_hal_cortex.o
 .debug_abbrev  0x0000074b      0x32a Drivers/STM32F1xx_HAL_Driver/Src/stm32f1xx_hal_dma.o
 .debug_abbrev  0x00000a75      0x35f Drivers/STM32F1xx_HAL_Driver/Src/stm32f1xx_hal_flash.o
 .debug_abbrev  0x00000dd4      0x2ec Drivers/STM32F1xx_HAL_Driver/Src/stm32f1xx_hal_gpio.o
 .debug_abbrev  0x000010c0      0x37a Drivers/STM32F1xx_HAL_Driver/Src/stm32f1xx_hal_rcc.o
 .debug_abbrev  0x0000143a      0x24e Drivers/STM32F1xx_HAL_Driver/Src/stm32f1xx_hal_spi_ex.o
 .debug_abbrev  0x00001688      0x334 Drivers/STM32F1xx_HAL_Driver/Src/stm32f1xx_hal_tim.o
 .debug_abbrev  0x000019bc      0x325 Drivers/STM32F1xx_HAL_Driver/Src/stm32f1xx_hal_tim_ex.o
 .debug_abbrev  0x00001ce1      0x34d Drivers/STM32F1xx_HAL_Driver/Src/stm32f1xx_hal_uart.o
 .debug_abbrev  0x0000202e      0x3ba Src/colormonitor.o
 .debug_abbrev  0x000023e8      0x53b Src/function.o
 .debug_abbrev  0x00002923      0x225 Src/globalVar.o
 .debug_abbrev  0x00002b48      0x3a4 Src/main.o
 .debug_abbrev  0x00002eec      0x2e2 Src/stm32f1xx_hal_msp.o
 .debug_abbrev  0x000031ce      0x280 Src/stm32f1xx_it.o