Archive member included to satisfy reference by file (symbol)

e:/program files/plugins/fr.ac6.mcu.externaltools.arm-none.win32_1.16.0.201807130628/tools/compiler/bin/../lib/gcc/arm-none-eabi/7.2.1/../../../../arm-none-eabi/lib/thumb/v7-m\libm.a(lib_a-w_pow.o)
                              Src/colormonitor.o (pow)
e:/program files/plugins/fr.ac6.mcu.externaltools.arm-none.win32_1.16.0.201807130628/tools/compiler/bin/../lib/gcc/arm-none-eabi/7.2.1/../../../../arm-none-eabi/lib/thumb/v7-m\libm.a(lib_a-e_pow.o)
                              e:/program files/plugins/fr.ac6.mcu.externaltools.arm-none.win32_1.16.0.201807130628/tools/compiler/bin/../lib/gcc/arm-none-eabi/7.2.1/../../../../arm-none-eabi/lib/thumb/v7-m\libm.a(lib_a-w_pow.o) (__ieee754_pow)
e:/program files/plugins/fr.ac6.mcu.externaltools.arm-none.win32_1.16.0.201807130628/tools/compiler/bin/../lib/gcc/arm-none-eabi/7.2.1/../../../../arm-none-eabi/lib/thumb/v7-m\libm.a(lib_a-e_sqrt.o)
                              e:/program files/plugins/fr.ac6.mcu.externaltools.arm-none.win32_1.16.0.201807130628/tools/compiler/bin/../lib/gcc/arm-none-eabi/7.2.1/../../../../arm-none-eabi/lib/thumb/v7-m\libm.a(lib_a-e_pow.o) (__ieee754_sqrt)
e:/program files/plugins/fr.ac6.mcu.externaltools.arm-none.win32_1.16.0.201807130628/tools/compiler/bin/../lib/gcc/arm-none-eabi/7.2.1/../../../../arm-none-eabi/lib/thumb/v7-m\libm.a(lib_a-s_fabs.o)
                              e:/program files/plugins/fr.ac6.mcu.externaltools.arm-none.win32_1.16.0.201807130628/tools/compiler/bin/../lib/gcc/arm-none-eabi/7.2.1/../../../../arm-none-eabi/lib/thumb/v7-m\libm.a(lib_a-e_pow.o) (fabs)
e:/program files/plugins/fr.ac6.mcu.externaltools.arm-none.win32_1.16.0.201807130628/tools/compiler/bin/../lib/gcc/arm-none-eabi/7.2.1/../../../../arm-none-eabi/lib/thumb/v7-m\libm.a(lib_a-s_finite.o)
                              e:/program files/plugins/fr.ac6.mcu.externaltools.arm-none.win32_1.16.0.201807130628/tools/compiler/bin/../lib/gcc/arm-none-eabi/7.2.1/../../../../arm-none-eabi/lib/thumb/v7-m\libm.a(lib_a-w_pow.o) (finite)
e:/program files/plugins/fr.ac6.mcu.externaltools.arm-none.win32_1.16.0.201807130628/tools/compiler/bin/../lib/gcc/arm-none-eabi/7.2.1/../../../../arm-none-eabi/lib/thumb/v7-m\libm.a(lib_a-s_lib_ver.o)
                              e:/program files/plugins/fr.ac6.mcu.externaltools.arm-none.win32_1.16.0.201807130628/tools/compiler/bin/../lib/gcc/arm-none-eabi/7.2.1/../../../../arm-none-eabi/lib/thumb/v7-m\libm.a(lib_a-w_pow.o) (__fdlib_version)
e:/program files/plugins/fr.ac6.mcu.externaltools.arm-none.win32_1.16.0.201807130628/tools/compiler/bin/../lib/gcc/arm-none-eabi/7.2.1/../../../../arm-none-eabi/lib/thumb/v7-m\libm.a(lib_a-s_matherr.o)
                              e:/program files/plugins/fr.ac6.mcu.externaltools.arm-none.win32_1.16.0.201807130628/tools/compiler/bin/../lib/gcc/arm-none-eabi/7.2.1/../../../../arm-none-eabi/lib/thumb/v7-m\libm.a(lib_a-w_pow.o) (matherr)
e:/program files/plugins/fr.ac6.mcu.externaltools.arm-none.win32_1.16.0.201807130628/tools/compiler/bin/../lib/gcc/arm-none-eabi/7.2.1/../../../../arm-none-eabi/lib/thumb/v7-m\libm.a(lib_a-s_nan.o)
                              e:/program files/plugins/fr.ac6.mcu.externaltools.arm-none.win32_1.16.0.201807130628/tools/compiler/bin/../lib/gcc/arm-none-eabi/7.2.1/../../../../arm-none-eabi/lib/thumb/v7-m\libm.a(lib_a-e_pow.o) (nan)
e:/program files/plugins/fr.ac6.mcu.externaltools.arm-none.win32_1.16.0.201807130628/tools/compiler/bin/../lib/gcc/arm-none-eabi/7.2.1/../../../../arm-none-eabi/lib/thumb/v7-m\libm.a(lib_a-s_rint.o)
                              e:/program files/plugins/fr.ac6.mcu.externaltools.arm-none.win32_1.16.0.201807130628/tools/compiler/bin/../lib/gcc/arm-none-eabi/7.2.1/../../../../arm-none-eabi/lib/thumb/v7-m\libm.a(lib_a-w_pow.o) (rint)
e:/program files/plugins/fr.ac6.mcu.externaltools.arm-none.win32_1.16.0.201807130628/tools/compiler/bin/../lib/gcc/arm-none-eabi/7.2.1/../../../../arm-none-eabi/lib/thumb/v7-m\libm.a(lib_a-s_scalbn.o)
                              e:/program files/plugins/fr.ac6.mcu.externaltools.arm-none.win32_1.16.0.201807130628/tools/compiler/bin/../lib/gcc/arm-none-eabi/7.2.1/../../../../arm-none-eabi/lib/thumb/v7-m\libm.a(lib_a-e_pow.o) (scalbn)
e:/program files/plugins/fr.ac6.mcu.externaltools.arm-none.win32_1.16.0.201807130628/tools/compiler/bin/../lib/gcc/arm-none-eabi/7.2.1/../../../../arm-none-eabi/lib/thumb/v7-m\libm.a(lib_a-s_copysign.o)
                              e:/program files/plugins/fr.ac6.mcu.externaltools.arm-none.win32_1.16.0.201807130628/tools/compiler/bin/../lib/gcc/arm-none-eabi/7.2.1/../../../../arm-none-eabi/lib/thumb/v7-m\libm.a(lib_a-s_scalbn.o) (copysign)
e:/program files/plugins/fr.ac6.mcu.externaltools.arm-none.win32_1.16.0.201807130628/tools/compiler/bin/../lib/gcc/arm-none-eabi/7.2.1/thumb/v7-m\libgcc.a(_arm_addsubdf3.o)
[...]
Memory Configuration

Name             Origin             Length             Attributes
RAM              0x20000000         0x00005000         xrw
FLASH            0x08000000         0x00020000         xr
*default*        0x00000000         0xffffffff

Linker script and memory map

LOAD e:/program files/plugins/fr.ac6.mcu.externaltools.arm-none.win32_1.16.0.201807130628/tools/compiler/bin/../lib/gcc/arm-none-eabi/7.2.1/thumb/v7-m/crti.o
LOAD e:/program files/plugins/fr.ac6.mcu.externaltools.arm-none.win32_1.16.0.201807130628/tools/compiler/bin/../lib/gcc/arm-none-eabi/7.2.1/thumb/v7-m/crtbegin.o
LOAD e:/program files/plugins/fr.ac6.mcu.externaltools.arm-none.win32_1.16.0.201807130628/tools/compiler/bin/../lib/gcc/arm-none-eabi/7.2.1/../../../../arm-none-eabi/lib/thumb/v7-m/crt0.o
LOAD Drivers/STM32F1xx_HAL_Driver/Src/stm32f1xx_hal.o
LOAD Drivers/STM32F1xx_HAL_Driver/Src/stm32f1xx_hal_cortex.o
LOAD Drivers/STM32F1xx_HAL_Driver/Src/stm32f1xx_hal_dma.o
LOAD Drivers/STM32F1xx_HAL_Driver/Src/stm32f1xx_hal_flash.o
LOAD Drivers/STM32F1xx_HAL_Driver/Src/stm32f1xx_hal_flash_ex.o
LOAD Drivers/STM32F1xx_HAL_Driver/Src/stm32f1xx_hal_gpio.o
LOAD Drivers/STM32F1xx_HAL_Driver/Src/stm32f1xx_hal_gpio_ex.o
LOAD Drivers/STM32F1xx_HAL_Driver/Src/stm32f1xx_hal_pwr.o
LOAD Drivers/STM32F1xx_HAL_Driver/Src/stm32f1xx_hal_rcc.o
LOAD Drivers/STM32F1xx_HAL_Driver/Src/stm32f1xx_hal_rcc_ex.o
LOAD Drivers/STM32F1xx_HAL_Driver/Src/stm32f1xx_hal_spi.o
LOAD Drivers/STM32F1xx_HAL_Driver/Src/stm32f1xx_hal_spi_ex.o
LOAD Drivers/STM32F1xx_HAL_Driver/Src/stm32f1xx_hal_tim.o
LOAD Drivers/STM32F1xx_HAL_Driver/Src/stm32f1xx_hal_tim_ex.o
LOAD Drivers/STM32F1xx_HAL_Driver/Src/stm32f1xx_hal_uart.o
LOAD Src/ADG508.o
LOAD Src/ADG508T.o
LOAD Src/ADS7816.o
LOAD Src/Termo.o
LOAD Src/colormonitor.o
LOAD Src/function.o
LOAD Src/globalVar.o
LOAD Src/main.o
LOAD Src/max6675.o
LOAD Src/stm32f1xx_hal_msp.o
LOAD Src/stm32f1xx_it.o
LOAD Src/system_stm32f1xx.o
LOAD startup/startup_stm32f103xb.o
LOAD e:/program files/plugins/fr.ac6.mcu.externaltools.arm-none.win32_1.16.0.201807130628/tools/compiler/bin/../lib/gcc/arm-none-eabi/7.2.1/../../../../arm-none-eabi/lib/thumb/v7-m\libm.a
START GROUP
LOAD e:/program files/plugins/fr.ac6.mcu.externaltools.arm-none.win32_1.16.0.201807130628/tools/compiler/bin/../lib/gcc/arm-none-eabi/7.2.1/thumb/v7-m\libgcc.a
LOAD e:/program files/plugins/fr.ac6.mcu.externaltools.arm-none.win32_1.16.0.201807130628/tools/compiler/bin/../lib/gcc/arm-none-eabi/7.2.1/../../../../arm-none-eabi/lib/thumb/v7-m\libc_nano.a
END GROUP
START GROUP
LOAD e:/program files/plugins/fr.ac6.mcu.externaltools.arm-none.win32_1.16.0.201807130628/tools/compiler/bin/../lib/gcc/arm-none-eabi/7.2.1/thumb/v7-m\libgcc.a
LOAD e:/program files/plugins/fr.ac6.mcu.externaltools.arm-none.win32_1.16.0.201807130628/tools/compiler/bin/../lib/gcc/arm-none-eabi/7.2.1/../../../../arm-none-eabi/lib/thumb/v7-m\libc_nano.a
LOAD e:/program files/plugins/fr.ac6.mcu.externaltools.arm-none.win32_1.16.0.201807130628/tools/compiler/bin/../lib/gcc/arm-none-eabi/7.2.1/../../../../arm-none-eabi/lib/thumb/v7-m\libnosys.a
END GROUP
START GROUP
LOAD e:/program files/plugins/fr.ac6.mcu.externaltools.arm-none.win32_1.16.0.201807130628/tools/compiler/bin/../lib/gcc/arm-none-eabi/7.2.1/thumb/v7-m\libgcc.a
LOAD e:/program files/plugins/fr.ac6.mcu.externaltools.arm-none.win32_1.16.0.201807130628/tools/compiler/bin/../lib/gcc/arm-none-eabi/7.2.1/../../../../arm-none-eabi/lib/thumb/v7-m\libc_nano.a
LOAD e:/program files/plugins/fr.ac6.mcu.externaltools.arm-none.win32_1.16.0.201807130628/tools/compiler/bin/../lib/gcc/arm-none-eabi/7.2.1/../../../../arm-none-eabi/lib/thumb/v7-m\libnosys.a
END GROUP
LOAD e:/program files/plugins/fr.ac6.mcu.externaltools.arm-none.win32_1.16.0.201807130628/tools/compiler/bin/../lib/gcc/arm-none-eabi/7.2.1/thumb/v7-m/crtend.o
LOAD e:/program files/plugins/fr.ac6.mcu.externaltools.arm-none.win32_1.16.0.201807130628/tools/compiler/bin/../lib/gcc/arm-none-eabi/7.2.1/thumb/v7-m/crtn.o
                0x20005000                _estack = 0x20005000
                0x00000200                _Min_Heap_Size = 0x200
                0x00000400                _Min_Stack_Size = 0x400

.isr_vector     0x08000000      0x10c
                0x08000000                . = ALIGN (0x4)
 *(.isr_vector)
 .isr_vector    0x08000000      0x10c startup/startup_stm32f103xb.o
                0x08000000                g_pfnVectors
                0x0800010c                . = ALIGN (0x4)

.text           0x08000110     0xd8cc
                0x08000110                . = ALIGN (0x4)
 *(.text)
 .text          0x08000110       0x40 e:/program files/plugins/fr.ac6.mcu.externaltools.arm-none.win32_1.16.0.201807130628/tools/compiler/bin/../lib/gcc/arm-none-eabi/7.2.1/thumb/v7-m/crtbegin.o
 .text          0x08000150      0x378 e:/program files/plugins/fr.ac6.mcu.externaltools.arm-none.win32_1.16.0.201807130628/tools/compiler/bin/../lib/gcc/arm-none-eabi/7.2.1/thumb/v7-m\libgcc.a(_arm_addsubdf3.o)
                0x08000150                __aeabi_drsub
                0x08000158                __aeabi_dsub
                0x08000158                __subdf3
                0x0800015c                __aeabi_dadd
                0x0800015c                __adddf3
                0x080003d4                __floatunsidf
                0x080003d4                __aeabi_ui2d
                0x080003f4                __floatsidf
                0x080003f4                __aeabi_i2d
                0x08000418                __aeabi_f2d
                0x08000418                __extendsfdf2
                0x0800045c                __floatundidf
                0x0800045c                __aeabi_ul2d
                0x0800046c                __floatdidf
                0x0800046c                __aeabi_l2d
 .text          0x080004c8      0x424 e:/program files/plugins/fr.ac6.mcu.externaltools.arm-none.win32_1.16.0.201807130628/tools/compiler/bin/../lib/gcc/arm-none-eabi/7.2.1/thumb/v7-m\libgcc.a(_arm_muldivdf3.o)
                0x080004c8                __aeabi_dmul
                0x080004c8                __muldf3
                0x0800071c                __divdf3
                0x0800071c                __aeabi_ddiv
 .text          0x080008ec      0x110 e:/program files/plugins/fr.ac6.mcu.externaltools.arm-none.win32_1.16.0.201807130628/tools/compiler/bin/../lib/gcc/arm-none-eabi/7.2.1/thumb/v7-m\libgcc.a(_arm_cmpdf2.o)
                0x080008ec                __gtdf2
                0x080008ec                __gedf2
                0x080008f4                __ltdf2
                0x080008f4                __ledf2
                0x080008fc                __nedf2
                0x080008fc                __eqdf2
                0x080008fc                __cmpdf2
                0x08000978                __aeabi_cdrcmple
                0x08000988                __aeabi_cdcmpeq
                0x08000988                __aeabi_cdcmple
                0x08000998                __aeabi_dcmpeq
                0x080009ac                __aeabi_dcmplt
                0x080009c0                __aeabi_dcmple
                0x080009d4                __aeabi_dcmpge
                0x080009e8                __aeabi_dcmpgt
 .text          0x080009fc       0x2c e:/program files/plugins/fr.ac6.mcu.externaltools.arm-none.win32_1.16.0.201807130628/tools/compiler/bin/../lib/gcc/arm-none-eabi/7.2.1/thumb/v7-m\libgcc.a(_arm_unorddf2.o)
                0x080009fc                __unorddf2
                0x080009fc                __aeabi_dcmpun
 .text          0x08000a28       0xa0 e:/program files/plugins/fr.ac6.mcu.externaltools.arm-none.win32_1.16.0.201807130628/tools/compiler/bin/../lib/gcc/arm-none-eabi/7.2.1/thumb/v7-m\libgcc.a(_arm_truncdfsf2.o)
                0x08000a28                __truncdfsf2
                0x08000a28                __aeabi_d2f
 .text          0x08000ac8      0x21c e:/program files/plugins/fr.ac6.mcu.externaltools.arm-none.win32_1.16.0.201807130628/tools/compiler/bin/../lib/gcc/arm-none-eabi/7.2.1/thumb/v7-m\libgcc.a(_arm_addsubsf3.o)
                0x08000ac8                __aeabi_frsub
                0x08000ad0                __subsf3
                0x08000ad0                __aeabi_fsub
                0x08000ad4                __aeabi_fadd
                0x08000ad4                __addsf3
                0x08000c34                __aeabi_ui2f
                0x08000c34                __floatunsisf
                0x08000c3c                __aeabi_i2f
                0x08000c3c                __floatsisf
                0x08000c58                __aeabi_ul2f
                0x08000c58                __floatundisf
                0x08000c68                __aeabi_l2f
                0x08000c68                __floatdisf
 .text          0x08000ce4      0x2a0 e:/program files/plugins/fr.ac6.mcu.externaltools.arm-none.win32_1.16.0.201807130628/tools/compiler/bin/../lib/gcc/arm-none-eabi/7.2.1/thumb/v7-m\libgcc.a(_arm_muldivsf3.o)
                0x08000ce4                __mulsf3
                0x08000ce4                __aeabi_fmul
                0x08000e4c                __aeabi_fdiv
                0x08000e4c                __divsf3
 .text          0x08000f84       0xec e:/program files/plugins/fr.ac6.mcu.externaltools.arm-none.win32_1.16.0.201807130628/tools/compiler/bin/../lib/gcc/arm-none-eabi/7.2.1/thumb/v7-m\libgcc.a(_arm_cmpsf2.o)
                0x08000f84                __gesf2
                0x08000f84                __gtsf2
                0x08000f8c                __lesf2
                0x08000f8c                __ltsf2
                0x08000f94                __nesf2
                0x08000f94                __eqsf2
                0x08000f94                __cmpsf2
                0x08000ff4                __aeabi_cfrcmple
                0x08000ffc                __aeabi_cfcmpeq
                0x08000ffc                __aeabi_cfcmple
                0x0800100c                __aeabi_fcmpeq
                0x08001020                __aeabi_fcmplt
                0x08001034                __aeabi_fcmple
                0x08001048                __aeabi_fcmpge
                0x0800105c                __aeabi_fcmpgt
 .text          0x08001070       0x4c e:/program files/plugins/fr.ac6.mcu.externaltools.arm-none.win32_1.16.0.201807130628/tools/compiler/bin/../lib/gcc/arm-none-eabi/7.2.1/thumb/v7-m\libgcc.a(_arm_fixsfsi.o)
                0x08001070                __aeabi_f2iz
                0x08001070                __fixsfsi
 .text          0x080010bc       0x40 e:/program files/plugins/fr.ac6.mcu.externaltools.arm-none.win32_1.16.0.201807130628/tools/compiler/bin/../lib/gcc/arm-none-eabi/7.2.1/thumb/v7-m\libgcc.a(_arm_fixunssfsi.o)
                0x080010bc                __fixunssfsi
                0x080010bc                __aeabi_f2uiz
 .text          0x080010fc       0x14 e:/program files/plugins/fr.ac6.mcu.externaltools.arm-none.win32_1.16.0.201807130628/tools/compiler/bin/../lib/gcc/arm-none-eabi/7.2.1/../../../../arm-none-eabi/lib/thumb/v7-m\libc_nano.a(lib_a-strcmp.o)
                0x080010fc                strcmp
 .text          0x08001110       0x10 e:/program files/plugins/fr.ac6.mcu.externaltools.arm-none.win32_1.16.0.201807130628/tools/compiler/bin/../lib/gcc/arm-none-eabi/7.2.1/../../../../arm-none-eabi/lib/thumb/v7-m\libc_nano.a(lib_a-strlen.o)
                0x08001110                strlen
 .text          0x08001120       0x50 e:/program files/plugins/fr.ac6.mcu.externaltools.arm-none.win32_1.16.0.201807130628/tools/compiler/bin/../lib/gcc/arm-none-eabi/7.2.1/thumb/v7-m\libgcc.a(_arm_fixdfsi.o)
                0x08001120                __aeabi_d2iz
                0x08001120                __fixdfsi
 *(.text*)
 .text.HAL_InitTick
                0x08001170       0x48 Drivers/STM32F1xx_HAL_Driver/Src/stm32f1xx_hal.o
                0x08001170                HAL_InitTick
 .text.HAL_Init
                0x080011b8       0x24 Drivers/STM32F1xx_HAL_Driver/Src/stm32f1xx_hal.o
                0x080011b8                HAL_Init
 .text.HAL_IncTick
                0x080011dc       0x18 Drivers/STM32F1xx_HAL_Driver/Src/stm32f1xx_hal.o
                0x080011dc                HAL_IncTick
 .text.HAL_GetTick
                0x080011f4        0xc Drivers/STM32F1xx_HAL_Driver/Src/stm32f1xx_hal.o
                0x080011f4                HAL_GetTick
 .text.HAL_Delay
                0x08001200       0x28 Drivers/STM32F1xx_HAL_Driver/Src/stm32f1xx_hal.o
                0x08001200                HAL_Delay
 .text.HAL_NVIC_SetPriorityGrouping
                0x08001228       0x24 Drivers/STM32F1xx_HAL_Driver/Src/stm32f1xx_hal_cortex.o
                0x08001228                HAL_NVIC_SetPriorityGrouping
 .text.HAL_NVIC_SetPriority
                0x0800124c       0x68 Drivers/STM32F1xx_HAL_Driver/Src/stm32f1xx_hal_cortex.o
                0x0800124c                HAL_NVIC_SetPriority
 .text.HAL_NVIC_EnableIRQ
                0x080012b4       0x18 Drivers/STM32F1xx_HAL_Driver/Src/stm32f1xx_hal_cortex.o
                0x080012b4                HAL_NVIC_EnableIRQ
 .text.HAL_SYSTICK_Config
                0x080012cc       0x2c Drivers/STM32F1xx_HAL_Driver/Src/stm32f1xx_hal_cortex.o
                0x080012cc                HAL_SYSTICK_Config
 .text.HAL_SYSTICK_CLKSourceConfig
                0x080012f8       0x20 Drivers/STM32F1xx_HAL_Driver/Src/stm32f1xx_hal_cortex.o
                0x080012f8                HAL_SYSTICK_CLKSourceConfig
 .text.HAL_SYSTICK_Callback
                0x08001318        0x2 Drivers/STM32F1xx_HAL_Driver/Src/stm32f1xx_hal_cortex.o
                0x08001318                HAL_SYSTICK_Callback
 .text.HAL_SYSTICK_IRQHandler
                0x0800131a        0x8 Drivers/STM32F1xx_HAL_Driver/Src/stm32f1xx_hal_cortex.o
                0x0800131a                HAL_SYSTICK_IRQHandler
 *fill*         0x08001322        0x2 
 .text.HAL_DMA_Abort_IT
                0x08001324       0x98 Drivers/STM32F1xx_HAL_Driver/Src/stm32f1xx_hal_dma.o
                0x08001324                HAL_DMA_Abort_IT
 .text.FLASH_Program_HalfWord
                0x080013bc       0x1c Drivers/STM32F1xx_HAL_Driver/Src/stm32f1xx_hal_flash.o
 .text.FLASH_SetErrorCode
                0x080013d8       0x74 Drivers/STM32F1xx_HAL_Driver/Src/stm32f1xx_hal_flash.o
 .text.HAL_FLASH_Unlock
                0x0800144c       0x34 Drivers/STM32F1xx_HAL_Driver/Src/stm32f1xx_hal_flash.o
                0x0800144c                HAL_FLASH_Unlock
 .text.HAL_FLASH_Lock
                0x08001480       0x14 Drivers/STM32F1xx_HAL_Driver/Src/stm32f1xx_hal_flash.o
                0x08001480                HAL_FLASH_Lock
 .text.FLASH_WaitForLastOperation
                0x08001494       0x6c Drivers/STM32F1xx_HAL_Driver/Src/stm32f1xx_hal_flash.o
                0x08001494                FLASH_WaitForLastOperation
 .text.HAL_FLASH_Program
                0x08001500       0x9c Drivers/STM32F1xx_HAL_Driver/Src/stm32f1xx_hal_flash.o
                0x08001500                HAL_FLASH_Program
 .text.FLASH_PageErase
                0x0800159c       0x24 Drivers/STM32F1xx_HAL_Driver/Src/stm32f1xx_hal_flash_ex.o
                0x0800159c                FLASH_PageErase
 .text.HAL_GPIO_Init
                0x080015c0      0x1d4 Drivers/STM32F1xx_HAL_Driver/Src/stm32f1xx_hal_gpio.o
                0x080015c0                HAL_GPIO_Init
 .text.HAL_GPIO_ReadPin
                0x08001794        0xe Drivers/STM32F1xx_HAL_Driver/Src/stm32f1xx_hal_gpio.o
                0x08001794                HAL_GPIO_ReadPin
 .text.HAL_GPIO_WritePin
                0x080017a2        0xc Drivers/STM32F1xx_HAL_Driver/Src/stm32f1xx_hal_gpio.o
                0x080017a2                HAL_GPIO_WritePin
 *fill*         0x080017ae        0x2 
 .text.RCC_Delay
                0x080017b0       0x2c Drivers/STM32F1xx_HAL_Driver/Src/stm32f1xx_hal_rcc.o
 .text.HAL_RCC_OscConfig
                0x080017dc      0x3dc Drivers/STM32F1xx_HAL_Driver/Src/stm32f1xx_hal_rcc.o
                0x080017dc                HAL_RCC_OscConfig
 .text.HAL_RCC_GetSysClockFreq
                0x08001bb8       0x70 Drivers/STM32F1xx_HAL_Driver/Src/stm32f1xx_hal_rcc.o
                0x08001bb8                HAL_RCC_GetSysClockFreq
 .text.HAL_RCC_ClockConfig
                0x08001c28      0x178 Drivers/STM32F1xx_HAL_Driver/Src/stm32f1xx_hal_rcc.o
                0x08001c28                HAL_RCC_ClockConfig
 .text.HAL_RCC_GetHCLKFreq
                0x08001da0        0xc Drivers/STM32F1xx_HAL_Driver/Src/stm32f1xx_hal_rcc.o
                0x08001da0                HAL_RCC_GetHCLKFreq
 .text.HAL_RCC_GetPCLK1Freq
                0x08001dac       0x20 Drivers/STM32F1xx_HAL_Driver/Src/stm32f1xx_hal_rcc.o
                0x08001dac                HAL_RCC_GetPCLK1Freq
 .text.HAL_RCC_GetPCLK2Freq
                0x08001dcc       0x20 Drivers/STM32F1xx_HAL_Driver/Src/stm32f1xx_hal_rcc.o
                0x08001dcc                HAL_RCC_GetPCLK2Freq
 .text.SPI_WaitFlagStateUntilTimeout
                0x08001dec       0x96 Drivers/STM32F1xx_HAL_Driver/Src/stm32f1xx_hal_spi.o
 .text.SPI_CheckFlag_BSY
                0x08001e82       0x28 Drivers/STM32F1xx_HAL_Driver/Src/stm32f1xx_hal_spi.o
 .text.HAL_SPI_Transmit
                0x08001eaa      0x1a6 Drivers/STM32F1xx_HAL_Driver/Src/stm32f1xx_hal_spi.o
                0x08001eaa                HAL_SPI_Transmit
 .text.HAL_SPI_Init
                0x08002050       0x82 Drivers/STM32F1xx_HAL_Driver/Src/stm32f1xx_hal_spi_ex.o
                0x08002050                HAL_SPI_Init
 *fill*         0x080020d2        0x2 
 .text.TIM_OC1_SetConfig
                0x080020d4       0x5c Drivers/STM32F1xx_HAL_Driver/Src/stm32f1xx_hal_tim.o
 .text.TIM_OC3_SetConfig
                0x08002130       0x64 Drivers/STM32F1xx_HAL_Driver/Src/stm32f1xx_hal_tim.o
 .text.TIM_OC4_SetConfig
                0x08002194       0x48 Drivers/STM32F1xx_HAL_Driver/Src/stm32f1xx_hal_tim.o
 .text.TIM_TI1_ConfigInputStage
                0x080021dc       0x24 Drivers/STM32F1xx_HAL_Driver/Src/stm32f1xx_hal_tim.o
 .text.TIM_TI2_ConfigInputStage
                0x08002200       0x26 Drivers/STM32F1xx_HAL_Driver/Src/stm32f1xx_hal_tim.o
 .text.TIM_ITRx_SetConfig
                0x08002226       0x10 Drivers/STM32F1xx_HAL_Driver/Src/stm32f1xx_hal_tim.o
 .text.TIM_ETR_SetConfig
                0x08002236       0x16 Drivers/STM32F1xx_HAL_Driver/Src/stm32f1xx_hal_tim.o
 .text.HAL_TIM_Base_Start
                0x0800224c       0x1a Drivers/STM32F1xx_HAL_Driver/Src/stm32f1xx_hal_tim.o
                0x0800224c                HAL_TIM_Base_Start
 .text.HAL_TIM_Base_Start_IT
                0x08002266       0x18 Drivers/STM32F1xx_HAL_Driver/Src/stm32f1xx_hal_tim.o
                0x08002266                HAL_TIM_Base_Start_IT
 .text.HAL_TIM_OC_MspInit
                0x0800227e        0x2 Drivers/STM32F1xx_HAL_Driver/Src/stm32f1xx_hal_tim.o
                0x0800227e                HAL_TIM_OC_MspInit
 .text.HAL_TIM_PWM_MspInit
                0x08002280        0x2 Drivers/STM32F1xx_HAL_Driver/Src/stm32f1xx_hal_tim.o
                0x08002280                HAL_TIM_PWM_MspInit
 .text.HAL_TIM_ConfigClockSource
                0x08002282      0x108 Drivers/STM32F1xx_HAL_Driver/Src/stm32f1xx_hal_tim.o
                0x08002282                HAL_TIM_ConfigClockSource
 .text.HAL_TIM_PeriodElapsedCallback
                0x0800238a        0x2 Drivers/STM32F1xx_HAL_Driver/Src/stm32f1xx_hal_tim.o
                0x0800238a                HAL_TIM_PeriodElapsedCallback
 .text.HAL_TIM_OC_DelayElapsedCallback
                0x0800238c        0x2 Drivers/STM32F1xx_HAL_Driver/Src/stm32f1xx_hal_tim.o
                0x0800238c                HAL_TIM_OC_DelayElapsedCallback
 .text.HAL_TIM_IC_CaptureCallback
                0x0800238e        0x2 Drivers/STM32F1xx_HAL_Driver/Src/stm32f1xx_hal_tim.o
                0x0800238e                HAL_TIM_IC_CaptureCallback
 .text.HAL_TIM_PWM_PulseFinishedCallback
                0x08002390        0x2 Drivers/STM32F1xx_HAL_Driver/Src/stm32f1xx_hal_tim.o
                0x08002390                HAL_TIM_PWM_PulseFinishedCallback
 .text.HAL_TIM_TriggerCallback
                0x08002392        0x2 Drivers/STM32F1xx_HAL_Driver/Src/stm32f1xx_hal_tim.o
                0x08002392                HAL_TIM_TriggerCallback
 .text.HAL_TIM_IRQHandler
                0x08002394      0x17a Drivers/STM32F1xx_HAL_Driver/Src/stm32f1xx_hal_tim.o
                0x08002394                HAL_TIM_IRQHandler
 *fill*         0x0800250e        0x2 
 .text.TIM_Base_SetConfig
                0x08002510       0x74 Drivers/STM32F1xx_HAL_Driver/Src/stm32f1xx_hal_tim.o
                0x08002510                TIM_Base_SetConfig
 .text.HAL_TIM_Base_Init
                0x08002584       0x32 Drivers/STM32F1xx_HAL_Driver/Src/stm32f1xx_hal_tim.o
                0x08002584                HAL_TIM_Base_Init
 .text.HAL_TIM_OC_Init
                0x080025b6       0x32 Drivers/STM32F1xx_HAL_Driver/Src/stm32f1xx_hal_tim.o
                0x080025b6                HAL_TIM_OC_Init
 .text.HAL_TIM_PWM_Init
                0x080025e8       0x32 Drivers/STM32F1xx_HAL_Driver/Src/stm32f1xx_hal_tim.o
                0x080025e8                HAL_TIM_PWM_Init
 *fill*         0x0800261a        0x2 
 .text.TIM_OC2_SetConfig
                0x0800261c       0x64 Drivers/STM32F1xx_HAL_Driver/Src/stm32f1xx_hal_tim.o
                0x0800261c                TIM_OC2_SetConfig
 .text.HAL_TIM_OC_ConfigChannel
                0x08002680       0x5e Drivers/STM32F1xx_HAL_Driver/Src/stm32f1xx_hal_tim.o
                0x08002680                HAL_TIM_OC_ConfigChannel
 .text.HAL_TIM_PWM_ConfigChannel
                0x080026de       0xdc Drivers/STM32F1xx_HAL_Driver/Src/stm32f1xx_hal_tim.o
                0x080026de                HAL_TIM_PWM_ConfigChannel
 .text.TIM_CCxChannelCmd
                0x080027ba       0x1c Drivers/STM32F1xx_HAL_Driver/Src/stm32f1xx_hal_tim.o
                0x080027ba                TIM_CCxChannelCmd
 *fill*         0x080027d6        0x2 
 .text.HAL_TIM_PWM_Start
                0x080027d8       0x30 Drivers/STM32F1xx_HAL_Driver/Src/stm32f1xx_hal_tim.o
                0x080027d8                HAL_TIM_PWM_Start
 .text.HAL_TIMEx_ConfigBreakDeadTime
                0x08002808       0x58 Drivers/STM32F1xx_HAL_Driver/Src/stm32f1xx_hal_tim_ex.o
                0x08002808                HAL_TIMEx_ConfigBreakDeadTime
 .text.HAL_TIMEx_MasterConfigSynchronization
                0x08002860       0x52 Drivers/STM32F1xx_HAL_Driver/Src/stm32f1xx_hal_tim_ex.o
                0x08002860                HAL_TIMEx_MasterConfigSynchronization
 .text.HAL_TIMEx_CommutationCallback
                0x080028b2        0x2 Drivers/STM32F1xx_HAL_Driver/Src/stm32f1xx_hal_tim_ex.o
                0x080028b2                HAL_TIMEx_CommutationCallback
 .text.HAL_TIMEx_BreakCallback
                0x080028b4        0x2 Drivers/STM32F1xx_HAL_Driver/Src/stm32f1xx_hal_tim_ex.o
                0x080028b4                HAL_TIMEx_BreakCallback
 .text.UART_EndRxTransfer
                0x080028b6       0x1c Drivers/STM32F1xx_HAL_Driver/Src/stm32f1xx_hal_uart.o
 .text.UART_Transmit_IT
                0x080028d2       0x68 Drivers/STM32F1xx_HAL_Driver/Src/stm32f1xx_hal_uart.o
 *fill*         0x0800293a        0x2 
 .text.UART_SetConfig
                0x0800293c      0x1ac Drivers/STM32F1xx_HAL_Driver/Src/stm32f1xx_hal_uart.o
 .text.UART_WaitOnFlagUntilTimeout
                0x08002ae8       0x62 Drivers/STM32F1xx_HAL_Driver/Src/stm32f1xx_hal_uart.o
 .text.HAL_UART_Init
                0x08002b4a       0x5e Drivers/STM32F1xx_HAL_Driver/Src/stm32f1xx_hal_uart.o
                0x08002b4a                HAL_UART_Init
 .text.HAL_UART_Transmit
                0x08002ba8       0xe0 Drivers/STM32F1xx_HAL_Driver/Src/stm32f1xx_hal_uart.o
                0x08002ba8                HAL_UART_Transmit
 .text.HAL_UART_TxCpltCallback
                0x08002c88        0x2 Drivers/STM32F1xx_HAL_Driver/Src/stm32f1xx_hal_uart.o
                0x08002c88                HAL_UART_TxCpltCallback
 .text.UART_EndTransmit_IT
                0x08002c8a       0x1a Drivers/STM32F1xx_HAL_Driver/Src/stm32f1xx_hal_uart.o
 .text.HAL_UART_RxCpltCallback
                0x08002ca4        0x2 Drivers/STM32F1xx_HAL_Driver/Src/stm32f1xx_hal_uart.o
                0x08002ca4                HAL_UART_RxCpltCallback
 .text.UART_Receive_IT
                0x08002ca6       0x9c Drivers/STM32F1xx_HAL_Driver/Src/stm32f1xx_hal_uart.o
 .text.HAL_UART_ErrorCallback
                0x08002d42        0x2 Drivers/STM32F1xx_HAL_Driver/Src/stm32f1xx_hal_uart.o
                0x08002d42                HAL_UART_ErrorCallback
 .text.HAL_UART_IRQHandler
                0x08002d44      0x120 Drivers/STM32F1xx_HAL_Driver/Src/stm32f1xx_hal_uart.o
                0x08002d44                HAL_UART_IRQHandler
 .text.UART_DMAAbortOnError
                0x08002e64       0x10 Drivers/STM32F1xx_HAL_Driver/Src/stm32f1xx_hal_uart.o
 .text.Init_ADG508
                0x08002e74       0x80 Src/ADG508.o
                0x08002e74                Init_ADG508
 .text.setOut   0x08002ef4       0x6c Src/ADG508.o
                0x08002ef4                setOut
 .text.Init_ADG508_termo
                0x08002f60       0x40 Src/ADG508T.o
                0x08002f60                Init_ADG508_termo
 .text.setChannelTermo
                0x08002fa0       0x68 Src/ADG508T.o
                0x08002fa0                setChannelTermo
 .text.Init_ADS7816
                0x08003008       0xa0 Src/ADS7816.o
                0x08003008                Init_ADS7816
 .text.Dataread
                0x080030a8       0x5c Src/ADS7816.o
                0x080030a8                Dataread
 .text.read_ADS7816
                0x08003104       0x88 Src/ADS7816.o
                0x08003104                read_ADS7816
 .text.read_ADS7816S
                0x0800318c        0xc Src/ADS7816.o
                0x0800318c                read_ADS7816S
 .text.Init_Termo
                0x08003198        0xc Src/Termo.o
                0x08003198                Init_Termo
 .text.read_Temp
                0x080031a4        0x8 Src/Termo.o
                0x080031a4                read_Temp
 .text.setChannel_Termo
                0x080031ac        0x8 Src/Termo.o
                0x080031ac                setChannel_Termo
 .text.ftoa     0x080031b4       0x50 Src/colormonitor.o
                0x080031b4                ftoa
 .text.picpast  0x08003204       0xe4 Src/colormonitor.o
                0x08003204                picpast
 .text.makebuf  0x080032e8       0x5c Src/colormonitor.o
                0x080032e8                makebuf
 .text.pageid   0x08003344       0x40 Src/colormonitor.o
                0x08003344                pageid
 .text.lcd_beep
                0x08003384       0x38 Src/colormonitor.o
                0x08003384                lcd_beep
 .text.brightness
                0x080033bc       0x38 Src/colormonitor.o
                0x080033bc                brightness
 .text.cleart   0x080033f4       0x2c Src/colormonitor.o
                0x080033f4                cleart
 .text.putnumber
                0x08003420       0x74 Src/colormonitor.o
                0x08003420                putnumber
 .text.setcolor
                0x08003494       0x58 Src/colormonitor.o
                0x08003494                setcolor
 .text.printl   0x080034ec       0x70 Src/colormonitor.o
                0x080034ec                printl
 .text.cpp      0x0800355c       0xa4 Src/colormonitor.o
                0x0800355c                cpp
 .text.tik      0x08003600       0x54 Src/colormonitor.o
                0x08003600                tik
 .text.FLASH_ErasePage
                0x08003654       0x1c Src/function.o
                0x08003654                FLASH_ErasePage
 .text.FLASH_ProgramHalfWord
                0x08003670       0x14 Src/function.o
                0x08003670                FLASH_ProgramHalfWord
 .text.send_string
                0x08003684       0x1c Src/function.o
                0x08003684                send_string
 .text.jtag_Disable
                0x080036a0       0x28 Src/function.o
                0x080036a0                jtag_Disable
 .text.controll
                0x080036c8      0x410 Src/function.o
                0x080036c8                controll
 .text.tempctl  0x08003ad8       0xbc Src/function.o
                0x08003ad8                tempctl
 .text.colorm   0x08003b94     0x199c Src/function.o
                0x08003b94                colorm
 .text.write_ppi
                0x08005530        0x2 Src/function.o
                0x08005530                write_ppi
 .text.read_ppi
                0x08005532        0x4 Src/function.o
                0x08005532                read_ppi
 *fill*         0x08005536        0x2 
 .text.defalt   0x08005538      0x55c Src/function.o
                0x08005538                defalt
 .text.ftable   0x08005a94      0x2b0 Src/function.o
                0x08005a94                ftable
 .text.limit    0x08005d44      0x964 Src/function.o
                0x08005d44                limit
 .text.codepro  0x080066a8      0x214 Src/function.o
                0x080066a8                codepro
 .text.selectprocess
                0x080068bc       0xc0 Src/function.o
                0x080068bc                selectprocess
 .text.escprocess
                0x0800697c        0xc Src/function.o
                0x0800697c                escprocess
 .text.lineprocess
                0x08006988       0x60 Src/function.o
                0x08006988                lineprocess
 .text.read     0x080069e8       0x18 Src/function.o
                0x080069e8                read
 .text.keypross
                0x08006a00      0xc80 Src/function.o
                0x08006a00                keypross
 .text.show_page
                0x08007680       0x40 Src/function.o
                0x08007680                show_page
 .text.show_var
                0x080076c0       0x60 Src/function.o
                0x080076c0                show_var
 .text.USART2_IRQHandler
                0x08007720       0xd4 Src/function.o
                0x08007720                USART2_IRQHandler
 .text.findvalidpage
                0x080077f4       0x90 Src/function.o
                0x080077f4                findvalidpage
 .text.find_next_var_page
                0x08007884       0x44 Src/function.o
                0x08007884                find_next_var_page
 .text.STORE_TO_MEM
                0x080078c8       0x7c Src/function.o
                0x080078c8                STORE_TO_MEM
 .text.get_var  0x08007944       0x98 Src/function.o
                0x08007944                get_var
 .text.memload  0x080079dc       0xe0 Src/function.o
                0x080079dc                memload
 .text.update_var
                0x08007abc       0xb0 Src/function.o
                0x08007abc                update_var
 .text.vartomem
                0x08007b6c      0x110 Src/function.o
                0x08007b6c                vartomem
 .text.LOADMEM_TO_VAR
                0x08007c7c       0x78 Src/function.o
                0x08007c7c                LOADMEM_TO_VAR
 .text.inc      0x08007cf4       0xd0 Src/function.o
                0x08007cf4                inc
 .text.command_process
                0x08007dc4      0x3d0 Src/function.o
                0x08007dc4                command_process
 .text.USART1_IRQHandler
                0x08008194       0x44 Src/function.o
                0x08008194                USART1_IRQHandler
 .text.putdigit_xy
                0x080081d8        0x2 Src/function.o
                0x080081d8                putdigit_xy
 .text.showpic_xy
                0x080081da        0x2 Src/function.o
                0x080081da                showpic_xy
 .text.monitorn
                0x080081dc        0x2 Src/function.o
                0x080081dc                monitorn
 *fill*         0x080081de        0x2 
 .text.keyscan  0x080081e0      0x100 Src/function.o
                0x080081e0                keyscan
 .text.main_timer
                0x080082e0      0x340 Src/function.o
                0x080082e0                main_timer
 .text.TIM2_IRQHandler
                0x08008620       0x14 Src/function.o
                0x08008620                TIM2_IRQHandler
 .text.TIM1_UP_IRQHandler
                0x08008634       0x2c Src/function.o
                0x08008634                TIM1_UP_IRQHandler
 .text.cycle    0x08008660      0x54c Src/function.o
                0x08008660                cycle
 .text.calibration
                0x08008bac      0x368 Src/function.o
                0x08008bac                calibration
 .text.statecontroll
                0x08008f14        0x2 Src/function.o
                0x08008f14                statecontroll
 .text.putdigit_xy_space
                0x08008f16        0x2 Src/function.o
                0x08008f16                putdigit_xy_space
 .text.MX_GPIO_Init
                0x08008f18       0x70 Src/main.o
 .text._Error_Handler
                0x08008f88        0x2 Src/main.o
                0x08008f88                _Error_Handler
 *fill*         0x08008f8a        0x2 
 .text.MX_USART1_UART_Init
                0x08008f8c       0x3c Src/main.o
 .text.MX_USART2_UART_Init
                0x08008fc8       0x3c Src/main.o
 .text.MX_USART3_UART_Init
                0x08009004       0x3c Src/main.o
 .text.MX_SPI2_Init
                0x08009040       0x4c Src/main.o
 .text.MX_TIM3_Init
                0x0800908c      0x10c Src/main.o
 .text.MX_TIM1_Init
                0x08009198       0xe4 Src/main.o
 .text.MX_TIM2_Init
                0x0800927c       0xa8 Src/main.o
 .text.SystemClock_Config
                0x08009324       0x88 Src/main.o
                0x08009324                SystemClock_Config
 .text.main     0x080093ac      0xd74 Src/main.o
                0x080093ac                main
 .text.Init_max6675
                0x0800a120       0x60 Src/max6675.o
                0x0800a120                Init_max6675
 .text.SPIread  0x0800a180       0x44 Src/max6675.o
                0x0800a180                SPIread
 .text.readCelsius
                0x0800a1c4       0x48 Src/max6675.o
                0x0800a1c4                readCelsius
 .text.HAL_MspInit
                0x0800a20c       0xa0 Src/stm32f1xx_hal_msp.o
                0x0800a20c                HAL_MspInit
 .text.HAL_SPI_MspInit
                0x0800a2ac       0x48 Src/stm32f1xx_hal_msp.o
                0x0800a2ac                HAL_SPI_MspInit
 .text.HAL_TIM_Base_MspInit
                0x0800a2f4       0x90 Src/stm32f1xx_hal_msp.o
                0x0800a2f4                HAL_TIM_Base_MspInit
 .text.HAL_TIM_MspPostInit
                0x0800a384       0x40 Src/stm32f1xx_hal_msp.o
                0x0800a384                HAL_TIM_MspPostInit
 .text.HAL_UART_MspInit
                0x0800a3c4      0x128 Src/stm32f1xx_hal_msp.o
                0x0800a3c4                HAL_UART_MspInit
 .text.NMI_Handler
                0x0800a4ec        0x2 Src/stm32f1xx_it.o
                0x0800a4ec                NMI_Handler
 .text.HardFault_Handler
                0x0800a4ee        0x2 Src/stm32f1xx_it.o
                0x0800a4ee                HardFault_Handler
 .text.MemManage_Handler
                0x0800a4f0        0x2 Src/stm32f1xx_it.o
                0x0800a4f0                MemManage_Handler
 .text.BusFault_Handler
                0x0800a4f2        0x2 Src/stm32f1xx_it.o
                0x0800a4f2                BusFault_Handler
 .text.UsageFault_Handler
                0x0800a4f4        0x2 Src/stm32f1xx_it.o
                0x0800a4f4                UsageFault_Handler
 .text.SVC_Handler
                0x0800a4f6        0x2 Src/stm32f1xx_it.o
                0x0800a4f6                SVC_Handler
 .text.DebugMon_Handler
                0x0800a4f8        0x2 Src/stm32f1xx_it.o
                0x0800a4f8                DebugMon_Handler
 .text.PendSV_Handler
                0x0800a4fa        0x2 Src/stm32f1xx_it.o
                0x0800a4fa                PendSV_Handler
 .text.SysTick_Handler
                0x0800a4fc        0xc Src/stm32f1xx_it.o
                0x0800a4fc                SysTick_Handler
 .text.TIM1_CC_IRQHandler
                0x0800a508       0x18 Src/stm32f1xx_it.o
                0x0800a508                TIM1_CC_IRQHandler
 .text.USART3_IRQHandler
                0x0800a520       0x10 Src/stm32f1xx_it.o
                0x0800a520                USART3_IRQHandler
 .text.SystemInit
                0x0800a530       0x4c Src/system_stm32f1xx.o
                0x0800a530                SystemInit
 .text.Reset_Handler
                0x0800a57c       0x48 startup/startup_stm32f103xb.o
                0x0800a57c                Reset_Handler
 .text.Default_Handler
                0x0800a5c4        0x2 startup/startup_stm32f103xb.o
                0x0800a5c4                RTC_Alarm_IRQHandler
                0x0800a5c4                EXTI2_IRQHandler
                0x0800a5c4                PVD_IRQHandler
                0x0800a5c4                EXTI3_IRQHandler
                0x0800a5c4                EXTI0_IRQHandler
                0x0800a5c4                I2C2_EV_IRQHandler
                0x0800a5c4                ADC1_2_IRQHandler
                0x0800a5c4                SPI1_IRQHandler
                0x0800a5c4                TAMPER_IRQHandler
                0x0800a5c4                DMA1_Channel4_IRQHandler
                0x0800a5c4                RTC_IRQHandler
                0x0800a5c4                DMA1_Channel7_IRQHandler
                0x0800a5c4                CAN1_RX1_IRQHandler
                0x0800a5c4                TIM4_IRQHandler
                0x0800a5c4                I2C1_EV_IRQHandler
                0x0800a5c4                DMA1_Channel6_IRQHandler
                0x0800a5c4                TIM3_IRQHandler
                0x0800a5c4                RCC_IRQHandler
                0x0800a5c4                TIM1_TRG_COM_IRQHandler
                0x0800a5c4                DMA1_Channel1_IRQHandler
                0x0800a5c4                Default_Handler
                0x0800a5c4                EXTI15_10_IRQHandler
                0x0800a5c4                EXTI9_5_IRQHandler
                0x0800a5c4                SPI2_IRQHandler
                0x0800a5c4                DMA1_Channel5_IRQHandler
                0x0800a5c4                EXTI4_IRQHandler
                0x0800a5c4                USB_LP_CAN1_RX0_IRQHandler
                0x0800a5c4                USB_HP_CAN1_TX_IRQHandler
                0x0800a5c4                DMA1_Channel3_IRQHandler
                0x0800a5c4                WWDG_IRQHandler
                0x0800a5c4                TIM1_BRK_IRQHandler
                0x0800a5c4                EXTI1_IRQHandler
                0x0800a5c4                I2C2_ER_IRQHandler
                0x0800a5c4                DMA1_Channel2_IRQHandler
                0x0800a5c4                CAN1_SCE_IRQHandler
                0x0800a5c4                FLASH_IRQHandler
                0x0800a5c4                I2C1_ER_IRQHandler
                0x0800a5c4                USBWakeUp_IRQHandler
 *fill*         0x0800a5c6        0x2 
 .text.pow      0x0800a5c8      0x334 e:/program files/plugins/fr.ac6.mcu.externaltools.arm-none.win32_1.16.0.201807130628/tools/compiler/bin/../lib/gcc/arm-none-eabi/7.2.1/../../../../arm-none-eabi/lib/thumb/v7-m\libm.a(lib_a-w_pow.o)
                0x0800a5c8                pow
 *fill*         0x0800a8fc        0x4 
 .text.__ieee754_pow
                0x0800a900      0xae4 e:/program files/plugins/fr.ac6.mcu.externaltools.arm-none.win32_1.16.0.201807130628/tools/compiler/bin/../lib/gcc/arm-none-eabi/7.2.1/../../../../arm-none-eabi/lib/thumb/v7-m\libm.a(lib_a-e_pow.o)
                0x0800a900                __ieee754_pow
 .text.__ieee754_sqrt
                0x0800b3e4      0x184 e:/program files/plugins/fr.ac6.mcu.externaltools.arm-none.win32_1.16.0.201807130628/tools/compiler/bin/../lib/gcc/arm-none-eabi/7.2.1/../../../../arm-none-eabi/lib/thumb/v7-m\libm.a(lib_a-e_sqrt.o)
                0x0800b3e4                __ieee754_sqrt
 .text.fabs     0x0800b568        0x8 e:/program files/plugins/fr.ac6.mcu.externaltools.arm-none.win32_1.16.0.201807130628/tools/compiler/bin/../lib/gcc/arm-none-eabi/7.2.1/../../../../arm-none-eabi/lib/thumb/v7-m\libm.a(lib_a-s_fabs.o)
                0x0800b568                fabs
 .text.finite   0x0800b570        0xc e:/program files/plugins/fr.ac6.mcu.externaltools.arm-none.win32_1.16.0.201807130628/tools/compiler/bin/../lib/gcc/arm-none-eabi/7.2.1/../../../../arm-none-eabi/lib/thumb/v7-m\libm.a(lib_a-s_finite.o)
                0x0800b570                finite
 .text.matherr  0x0800b57c        0x4 e:/program files/plugins/fr.ac6.mcu.externaltools.arm-none.win32_1.16.0.201807130628/tools/compiler/bin/../lib/gcc/arm-none-eabi/7.2.1/../../../../arm-none-eabi/lib/thumb/v7-m\libm.a(lib_a-s_matherr.o)
                0x0800b57c                matherr
 .text.nan      0x0800b580        0xc e:/program files/plugins/fr.ac6.mcu.externaltools.arm-none.win32_1.16.0.201807130628/tools/compiler/bin/../lib/gcc/arm-none-eabi/7.2.1/../../../../arm-none-eabi/lib/thumb/v7-m\libm.a(lib_a-s_nan.o)
                0x0800b580                nan
 .text.rint     0x0800b58c      0x118 e:/program files/plugins/fr.ac6.mcu.externaltools.arm-none.win32_1.16.0.201807130628/tools/compiler/bin/../lib/gcc/arm-none-eabi/7.2.1/../../../../arm-none-eabi/lib/thumb/v7-m\libm.a(lib_a-s_rint.o)
                0x0800b58c                rint
 *fill*         0x0800b6a4        0x4 
 .text.scalbn   0x0800b6a8       0xe4 e:/program files/plugins/fr.ac6.mcu.externaltools.arm-none.win32_1.16.0.201807130628/tools/compiler/bin/../lib/gcc/arm-none-eabi/7.2.1/../../../../arm-none-eabi/lib/thumb/v7-m\libm.a(lib_a-s_scalbn.o)
                0x0800b6a8                scalbn
 .text.copysign
                0x0800b78c       0x10 e:/program files/plugins/fr.ac6.mcu.externaltools.arm-none.win32_1.16.0.201807130628/tools/compiler/bin/../lib/gcc/arm-none-eabi/7.2.1/../../../../arm-none-eabi/lib/thumb/v7-m\libm.a(lib_a-s_copysign.o)
                0x0800b78c                copysign
 .text.atoi     0x0800b79c        0x8 e:/program files/plugins/fr.ac6.mcu.externaltools.arm-none.win32_1.16.0.201807130628/tools/compiler/bin/../lib/gcc/arm-none-eabi/7.2.1/../../../../arm-none-eabi/lib/thumb/v7-m\libc_nano.a(lib_a-atoi.o)
                0x0800b79c                atoi
 .text.__errno  0x0800b7a4        0xc e:/program files/plugins/fr.ac6.mcu.externaltools.arm-none.win32_1.16.0.201807130628/tools/compiler/bin/../lib/gcc/arm-none-eabi/7.2.1/../../../../arm-none-eabi/lib/thumb/v7-m\libc_nano.a(lib_a-errno.o)
                0x0800b7a4                __errno
 .text.__libc_init_array
                0x0800b7b0       0x48 e:/program files/plugins/fr.ac6.mcu.externaltools.arm-none.win32_1.16.0.201807130628/tools/compiler/bin/../lib/gcc/arm-none-eabi/7.2.1/../../../../arm-none-eabi/lib/thumb/v7-m\libc_nano.a(lib_a-init.o)
                0x0800b7b0                __libc_init_array
 .text.memset   0x0800b7f8       0x10 e:/program files/plugins/fr.ac6.mcu.externaltools.arm-none.win32_1.16.0.201807130628/tools/compiler/bin/../lib/gcc/arm-none-eabi/7.2.1/../../../../arm-none-eabi/lib/thumb/v7-m\libc_nano.a(lib_a-memset.o)
                0x0800b7f8                memset
 .text.__cvt    0x0800b808       0xb8 e:/program files/plugins/fr.ac6.mcu.externaltools.arm-none.win32_1.16.0.201807130628/tools/compiler/bin/../lib/gcc/arm-none-eabi/7.2.1/../../../../arm-none-eabi/lib/thumb/v7-m\libc_nano.a(lib_a-nano-vfprintf_float.o)
                0x0800b808                __cvt
 .text.__exponent
                0x0800b8c0       0x6a e:/program files/plugins/fr.ac6.mcu.externaltools.arm-none.win32_1.16.0.201807130628/tools/compiler/bin/../lib/gcc/arm-none-eabi/7.2.1/../../../../arm-none-eabi/lib/thumb/v7-m\libc_nano.a(lib_a-nano-vfprintf_float.o)
                0x0800b8c0                __exponent
 *fill*         0x0800b92a        0x2 
 .text._printf_float
                0x0800b92c      0x46c e:/program files/plugins/fr.ac6.mcu.externaltools.arm-none.win32_1.16.0.201807130628/tools/compiler/bin/../lib/gcc/arm-none-eabi/7.2.1/../../../../arm-none-eabi/lib/thumb/v7-m\libc_nano.a(lib_a-nano-vfprintf_float.o)
                0x0800b92c                _printf_float
 .text._printf_common
                0x0800bd98       0xec e:/program files/plugins/fr.ac6.mcu.externaltools.arm-none.win32_1.16.0.201807130628/tools/compiler/bin/../lib/gcc/arm-none-eabi/7.2.1/../../../../arm-none-eabi/lib/thumb/v7-m\libc_nano.a(lib_a-nano-vfprintf_i.o)
                0x0800bd98                _printf_common
 .text._printf_i
                0x0800be84      0x224 e:/program files/plugins/fr.ac6.mcu.externaltools.arm-none.win32_1.16.0.201807130628/tools/compiler/bin/../lib/gcc/arm-none-eabi/7.2.1/../../../../arm-none-eabi/lib/thumb/v7-m\libc_nano.a(lib_a-nano-vfprintf_i.o)
                0x0800be84                _printf_i
 .text.sprintf  0x0800c0a8       0x40 e:/program files/plugins/fr.ac6.mcu.externaltools.arm-none.win32_1.16.0.201807130628/tools/compiler/bin/../lib/gcc/arm-none-eabi/7.2.1/../../../../arm-none-eabi/lib/thumb/v7-m\libc_nano.a(lib_a-sprintf.o)
                0x0800c0a8                siprintf
                0x0800c0a8                sprintf
 .text._strtol_l.isra.0
                0x0800c0e8       0xf6 e:/program files/plugins/fr.ac6.mcu.externaltools.arm-none.win32_1.16.0.201807130628/tools/compiler/bin/../lib/gcc/arm-none-eabi/7.2.1/../../../../arm-none-eabi/lib/thumb/v7-m\libc_nano.a(lib_a-strtol.o)
 *fill*         0x0800c1de        0x2 
 .text.strtol   0x0800c1e0       0x2c e:/program files/plugins/fr.ac6.mcu.externaltools.arm-none.win32_1.16.0.201807130628/tools/compiler/bin/../lib/gcc/arm-none-eabi/7.2.1/../../../../arm-none-eabi/lib/thumb/v7-m\libc_nano.a(lib_a-strtol.o)
                0x0800c1e0                strtol
 .text.quorem   0x0800c20c      0x11c e:/program files/plugins/fr.ac6.mcu.externaltools.arm-none.win32_1.16.0.201807130628/tools/compiler/bin/../lib/gcc/arm-none-eabi/7.2.1/../../../../arm-none-eabi/lib/thumb/v7-m\libc_nano.a(lib_a-dtoa.o)
 .text._dtoa_r  0x0800c328      0xb68 e:/program files/plugins/fr.ac6.mcu.externaltools.arm-none.win32_1.16.0.201807130628/tools/compiler/bin/../lib/gcc/arm-none-eabi/7.2.1/../../../../arm-none-eabi/lib/thumb/v7-m\libc_nano.a(lib_a-dtoa.o)
                0x0800c328                _dtoa_r
 .text.__locale_ctype_ptr_l
                0x0800ce90        0x6 e:/program files/plugins/fr.ac6.mcu.externaltools.arm-none.win32_1.16.0.201807130628/tools/compiler/bin/../lib/gcc/arm-none-eabi/7.2.1/../../../../arm-none-eabi/lib/thumb/v7-m\libc_nano.a(lib_a-locale.o)
                0x0800ce90                __locale_ctype_ptr_l
 *fill*         0x0800ce96        0x2 
 .text._localeconv_r
                0x0800ce98       0x1c e:/program files/plugins/fr.ac6.mcu.externaltools.arm-none.win32_1.16.0.201807130628/tools/compiler/bin/../lib/gcc/arm-none-eabi/7.2.1/../../../../arm-none-eabi/lib/thumb/v7-m\libc_nano.a(lib_a-localeconv.o)
                0x0800ce98                _localeconv_r
 .text.malloc   0x0800ceb4       0x10 e:/program files/plugins/fr.ac6.mcu.externaltools.arm-none.win32_1.16.0.201807130628/tools/compiler/bin/../lib/gcc/arm-none-eabi/7.2.1/../../../../arm-none-eabi/lib/thumb/v7-m\libc_nano.a(lib_a-malloc.o)
                0x0800ceb4                malloc
 .text.__ascii_mbtowc
                0x0800cec4       0x24 e:/program files/plugins/fr.ac6.mcu.externaltools.arm-none.win32_1.16.0.201807130628/tools/compiler/bin/../lib/gcc/arm-none-eabi/7.2.1/../../../../arm-none-eabi/lib/thumb/v7-m\libc_nano.a(lib_a-mbtowc_r.o)
                0x0800cec4                __ascii_mbtowc
 .text.memchr   0x0800cee8       0x1c e:/program files/plugins/fr.ac6.mcu.externaltools.arm-none.win32_1.16.0.201807130628/tools/compiler/bin/../lib/gcc/arm-none-eabi/7.2.1/../../../../arm-none-eabi/lib/thumb/v7-m\libc_nano.a(lib_a-memchr-stub.o)
                0x0800cee8                memchr
 .text.memcpy   0x0800cf04       0x16 e:/program files/plugins/fr.ac6.mcu.externaltools.arm-none.win32_1.16.0.201807130628/tools/compiler/bin/../lib/gcc/arm-none-eabi/7.2.1/../../../../arm-none-eabi/lib/thumb/v7-m\libc_nano.a(lib_a-memcpy-stub.o)
                0x0800cf04                memcpy
 .text._Balloc  0x0800cf1a       0x68 e:/program files/plugins/fr.ac6.mcu.externaltools.arm-none.win32_1.16.0.201807130628/tools/compiler/bin/../lib/gcc/arm-none-eabi/7.2.1/../../../../arm-none-eabi/lib/thumb/v7-m\libc_nano.a(lib_a-mprec.o)
                0x0800cf1a                _Balloc
 .text._Bfree   0x0800cf82       0x2e e:/program files/plugins/fr.ac6.mcu.externaltools.arm-none.win32_1.16.0.201807130628/tools/compiler/bin/../lib/gcc/arm-none-eabi/7.2.1/../../../../arm-none-eabi/lib/thumb/v7-m\libc_nano.a(lib_a-mprec.o)
                0x0800cf82                _Bfree
 .text.__multadd
                0x0800cfb0       0x76 e:/program files/plugins/fr.ac6.mcu.externaltools.arm-none.win32_1.16.0.201807130628/tools/compiler/bin/../lib/gcc/arm-none-eabi/7.2.1/../../../../arm-none-eabi/lib/thumb/v7-m\libc_nano.a(lib_a-mprec.o)
                0x0800cfb0                __multadd
 .text.__hi0bits
                0x0800d026       0x3e e:/program files/plugins/fr.ac6.mcu.externaltools.arm-none.win32_1.16.0.201807130628/tools/compiler/bin/../lib/gcc/arm-none-eabi/7.2.1/../../../../arm-none-eabi/lib/thumb/v7-m\libc_nano.a(lib_a-mprec.o)
                0x0800d026                __hi0bits
 .text.__lo0bits
                0x0800d064       0x5e e:/program files/plugins/fr.ac6.mcu.externaltools.arm-none.win32_1.16.0.201807130628/tools/compiler/bin/../lib/gcc/arm-none-eabi/7.2.1/../../../../arm-none-eabi/lib/thumb/v7-m\libc_nano.a(lib_a-mprec.o)
                0x0800d064                __lo0bits
 .text.__i2b    0x0800d0c2       0x12 e:/program files/plugins/fr.ac6.mcu.externaltools.arm-none.win32_1.16.0.201807130628/tools/compiler/bin/../lib/gcc/arm-none-eabi/7.2.1/../../../../arm-none-eabi/lib/thumb/v7-m\libc_nano.a(lib_a-mprec.o)
                0x0800d0c2                __i2b
 .text.__multiply
                0x0800d0d4      0x12a e:/program files/plugins/fr.ac6.mcu.externaltools.arm-none.win32_1.16.0.201807130628/tools/compiler/bin/../lib/gcc/arm-none-eabi/7.2.1/../../../../arm-none-eabi/lib/thumb/v7-m\libc_nano.a(lib_a-mprec.o)
                0x0800d0d4                __multiply
 *fill*         0x0800d1fe        0x2 
 .text.__pow5mult
                0x0800d200       0x9c e:/program files/plugins/fr.ac6.mcu.externaltools.arm-none.win32_1.16.0.201807130628/tools/compiler/bin/../lib/gcc/arm-none-eabi/7.2.1/../../../../arm-none-eabi/lib/thumb/v7-m\libc_nano.a(lib_a-mprec.o)
                0x0800d200                __pow5mult
 .text.__lshift
                0x0800d29c       0xa8 e:/program files/plugins/fr.ac6.mcu.externaltools.arm-none.win32_1.16.0.201807130628/tools/compiler/bin/../lib/gcc/arm-none-eabi/7.2.1/../../../../arm-none-eabi/lib/thumb/v7-m\libc_nano.a(lib_a-mprec.o)
                0x0800d29c                __lshift
 .text.__mcmp   0x0800d344       0x34 e:/program files/plugins/fr.ac6.mcu.externaltools.arm-none.win32_1.16.0.201807130628/tools/compiler/bin/../lib/gcc/arm-none-eabi/7.2.1/../../../../arm-none-eabi/lib/thumb/v7-m\libc_nano.a(lib_a-mprec.o)
                0x0800d344                __mcmp
 .text.__mdiff  0x0800d378       0xbc e:/program files/plugins/fr.ac6.mcu.externaltools.arm-none.win32_1.16.0.201807130628/tools/compiler/bin/../lib/gcc/arm-none-eabi/7.2.1/../../../../arm-none-eabi/lib/thumb/v7-m\libc_nano.a(lib_a-mprec.o)
                0x0800d378                __mdiff
 .text.__d2b    0x0800d434       0x9e e:/program files/plugins/fr.ac6.mcu.externaltools.arm-none.win32_1.16.0.201807130628/tools/compiler/bin/../lib/gcc/arm-none-eabi/7.2.1/../../../../arm-none-eabi/lib/thumb/v7-m\libc_nano.a(lib_a-mprec.o)
                0x0800d434                __d2b
 .text._calloc_r
                0x0800d4d2       0x1c e:/program files/plugins/fr.ac6.mcu.externaltools.arm-none.win32_1.16.0.201807130628/tools/compiler/bin/../lib/gcc/arm-none-eabi/7.2.1/../../../../arm-none-eabi/lib/thumb/v7-m\libc_nano.a(lib_a-nano-callocr.o)
                0x0800d4d2                _calloc_r
 *fill*         0x0800d4ee        0x2 
 .text._free_r  0x0800d4f0       0x98 e:/program files/plugins/fr.ac6.mcu.externaltools.arm-none.win32_1.16.0.201807130628/tools/compiler/bin/../lib/gcc/arm-none-eabi/7.2.1/../../../../arm-none-eabi/lib/thumb/v7-m\libc_nano.a(lib_a-nano-freer.o)
                0x0800d4f0                _free_r
 .text._malloc_r
                0x0800d588       0xb4 e:/program files/plugins/fr.ac6.mcu.externaltools.arm-none.win32_1.16.0.201807130628/tools/compiler/bin/../lib/gcc/arm-none-eabi/7.2.1/../../../../arm-none-eabi/lib/thumb/v7-m\libc_nano.a(lib_a-nano-mallocr.o)
                0x0800d588                _malloc_r
 .text.__ssputs_r
                0x0800d63c       0xb4 e:/program files/plugins/fr.ac6.mcu.externaltools.arm-none.win32_1.16.0.201807130628/tools/compiler/bin/../lib/gcc/arm-none-eabi/7.2.1/../../../../arm-none-eabi/lib/thumb/v7-m\libc_nano.a(lib_a-nano-svfprintf.o)
                0x0800d63c                __ssputs_r
 .text._svfprintf_r
                0x0800d6f0      0x1ec e:/program files/plugins/fr.ac6.mcu.externaltools.arm-none.win32_1.16.0.201807130628/tools/compiler/bin/../lib/gcc/arm-none-eabi/7.2.1/../../../../arm-none-eabi/lib/thumb/v7-m\libc_nano.a(lib_a-nano-svfprintf.o)
                0x0800d6f0                _svfiprintf_r
                0x0800d6f0                _svfprintf_r
 .text._sbrk_r  0x0800d8dc       0x20 e:/program files/plugins/fr.ac6.mcu.externaltools.arm-none.win32_1.16.0.201807130628/tools/compiler/bin/../lib/gcc/arm-none-eabi/7.2.1/../../../../arm-none-eabi/lib/thumb/v7-m\libc_nano.a(lib_a-sbrkr.o)
                0x0800d8dc                _sbrk_r
 .text.__ascii_wctomb
                0x0800d8fc       0x1a e:/program files/plugins/fr.ac6.mcu.externaltools.arm-none.win32_1.16.0.201807130628/tools/compiler/bin/../lib/gcc/arm-none-eabi/7.2.1/../../../../arm-none-eabi/lib/thumb/v7-m\libc_nano.a(lib_a-wctomb_r.o)
                0x0800d8fc                __ascii_wctomb
 .text.memmove  0x0800d916       0x32 e:/program files/plugins/fr.ac6.mcu.externaltools.arm-none.win32_1.16.0.201807130628/tools/compiler/bin/../lib/gcc/arm-none-eabi/7.2.1/../../../../arm-none-eabi/lib/thumb/v7-m\libc_nano.a(lib_a-memmove.o)
                0x0800d916                memmove
 .text.__malloc_lock
                0x0800d948        0x2 e:/program files/plugins/fr.ac6.mcu.externaltools.arm-none.win32_1.16.0.201807130628/tools/compiler/bin/../lib/gcc/arm-none-eabi/7.2.1/../../../../arm-none-eabi/lib/thumb/v7-m\libc_nano.a(lib_a-mlock.o)
                0x0800d948                __malloc_lock
 .text.__malloc_unlock
                0x0800d94a        0x2 e:/program files/plugins/fr.ac6.mcu.externaltools.arm-none.win32_1.16.0.201807130628/tools/compiler/bin/../lib/gcc/arm-none-eabi/7.2.1/../../../../arm-none-eabi/lib/thumb/v7-m\libc_nano.a(lib_a-mlock.o)
                0x0800d94a                __malloc_unlock
 .text._realloc_r
                0x0800d94c       0x4c e:/program files/plugins/fr.ac6.mcu.externaltools.arm-none.win32_1.16.0.201807130628/tools/compiler/bin/../lib/gcc/arm-none-eabi/7.2.1/../../../../arm-none-eabi/lib/thumb/v7-m\libc_nano.a(lib_a-nano-reallocr.o)
                0x0800d94c                _realloc_r
 .text._malloc_usable_size_r
                0x0800d998       0x10 e:/program files/plugins/fr.ac6.mcu.externaltools.arm-none.win32_1.16.0.201807130628/tools/compiler/bin/../lib/gcc/arm-none-eabi/7.2.1/../../../../arm-none-eabi/lib/thumb/v7-m\libc_nano.a(lib_a-nano-msizer.o)
                0x0800d998                _malloc_usable_size_r
 .text._sbrk    0x0800d9a8       0x1c e:/program files/plugins/fr.ac6.mcu.externaltools.arm-none.win32_1.16.0.201807130628/tools/compiler/bin/../lib/gcc/arm-none-eabi/7.2.1/../../../../arm-none-eabi/lib/thumb/v7-m\libnosys.a(sbrk.o)
                0x0800d9a8                _sbrk
 *(.glue_7)
 .glue_7        0x0800d9c4        0x0 linker stubs
 *(.glue_7t)
 .glue_7t       0x0800d9c4        0x0 linker stubs
 *(.eh_frame)
 .eh_frame      0x0800d9c4        0x0 e:/program files/plugins/fr.ac6.mcu.externaltools.arm-none.win32_1.16.0.201807130628/tools/compiler/bin/../lib/gcc/arm-none-eabi/7.2.1/thumb/v7-m/crtbegin.o
 *(.init)
 .init          0x0800d9c4        0x4 e:/program files/plugins/fr.ac6.mcu.externaltools.arm-none.win32_1.16.0.201807130628/tools/compiler/bin/../lib/gcc/arm-none-eabi/7.2.1/thumb/v7-m/crti.o
                0x0800d9c4                _init
 .init          0x0800d9c8        0x8 e:/program files/plugins/fr.ac6.mcu.externaltools.arm-none.win32_1.16.0.201807130628/tools/compiler/bin/../lib/gcc/arm-none-eabi/7.2.1/thumb/v7-m/crtn.o
 *(.fini)
 .fini          0x0800d9d0        0x4 e:/program files/plugins/fr.ac6.mcu.externaltools.arm-none.win32_1.16.0.201807130628/tools/compiler/bin/../lib/gcc/arm-none-eabi/7.2.1/thumb/v7-m/crti.o
                0x0800d9d0                _fini
 .fini          0x0800d9d4        0x8 e:/program files/plugins/fr.ac6.mcu.externaltools.arm-none.win32_1.16.0.201807130628/tools/compiler/bin/../lib/gcc/arm-none-eabi/7.2.1/thumb/v7-m/crtn.o
                0x0800d9dc                . = ALIGN (0x4)
                0x0800d9dc                _etext = .

.vfp11_veneer   0x0800d9dc        0x0
 .vfp11_veneer  0x0800d9dc        0x0 linker stubs

.v4_bx          0x0800d9dc        0x0
 .v4_bx         0x0800d9dc        0x0 linker stubs

.iplt           0x0800d9dc        0x0
 .iplt          0x0800d9dc        0x0 e:/program files/plugins/fr.ac6.mcu.externaltools.arm-none.win32_1.16.0.201807130628/tools/compiler/bin/../lib/gcc/arm-none-eabi/7.2.1/thumb/v7-m/crtbegin.o

.rodata         0x0800d9e0      0xba0
                0x0800d9e0                . = ALIGN (0x4)
 *(.rodata)
 .rodata        0x0800d9e0       0x12 Drivers/STM32F1xx_HAL_Driver/Src/stm32f1xx_hal_rcc.o
 *fill*         0x0800d9f2        0x2 
 .rodata        0x0800d9f4      0x4b4 Src/colormonitor.o
                0x0800d9f4                strl
                0x0800da58                xpos
                0x0800daa0                ypos
                0x0800dae8                all_page_key
                0x0800db28                touch_command
                0x0800db3c                er_y_dif
                0x0800db40                er_x_dif
                0x0800db44                er_y
                0x0800dbf0                er_x
                0x0800dccc                op_y_dif
                0x0800dcd0                op_x_dif
                0x0800dcd4                op_y
                0x0800dd10                op_x
                0x0800dd4c                var_valid
 .rodata        0x0800dea8        0x6 Src/main.o
 *fill*         0x0800deae        0x2 
 .rodata        0x0800deb0       0x18 Src/system_stm32f1xx.o
                0x0800deb0                AHBPrescTable
                0x0800dec0                APBPrescTable
 *(.rodata*)
 .rodata.str1.4
                0x0800dec8        0x3 Src/colormonitor.o
 *fill*         0x0800decb        0x1 
 .rodata.str1.4
                0x0800decc      0x3d7 Src/function.o
                                0x3db (size before relaxing)
 *fill*         0x0800e2a3        0x1 
 .rodata.str1.4
                0x0800e2a4       0x61 Src/main.o
 *fill*         0x0800e305        0x3 
 .rodata.pow.str1.4
                0x0800e308        0x4 e:/program files/plugins/fr.ac6.mcu.externaltools.arm-none.win32_1.16.0.201807130628/tools/compiler/bin/../lib/gcc/arm-none-eabi/7.2.1/../../../../arm-none-eabi/lib/thumb/v7-m\libm.a(lib_a-w_pow.o)
 .rodata.__ieee754_pow.str1.4
                0x0800e30c        0x4 e:/program files/plugins/fr.ac6.mcu.externaltools.arm-none.win32_1.16.0.201807130628/tools/compiler/bin/../lib/gcc/arm-none-eabi/7.2.1/../../../../arm-none-eabi/lib/thumb/v7-m\libm.a(lib_a-e_pow.o)
                                  0x1 (size before relaxing)
 *fill*         0x0800e30c        0x4 
 .rodata.TWO52  0x0800e310       0x10 e:/program files/plugins/fr.ac6.mcu.externaltools.arm-none.win32_1.16.0.201807130628/tools/compiler/bin/../lib/gcc/arm-none-eabi/7.2.1/../../../../arm-none-eabi/lib/thumb/v7-m\libm.a(lib_a-s_rint.o)
 .rodata._printf_float.str1.1
                0x0800e320       0x12 e:/program files/plugins/fr.ac6.mcu.externaltools.arm-none.win32_1.16.0.201807130628/tools/compiler/bin/../lib/gcc/arm-none-eabi/7.2.1/../../../../arm-none-eabi/lib/thumb/v7-m\libc_nano.a(lib_a-nano-vfprintf_float.o)
 .rodata._printf_i.str1.1
                0x0800e332       0x22 e:/program files/plugins/fr.ac6.mcu.externaltools.arm-none.win32_1.16.0.201807130628/tools/compiler/bin/../lib/gcc/arm-none-eabi/7.2.1/../../../../arm-none-eabi/lib/thumb/v7-m\libc_nano.a(lib_a-nano-vfprintf_i.o)
 .rodata._dtoa_r.str1.1
                0x0800e354        0xd e:/program files/plugins/fr.ac6.mcu.externaltools.arm-none.win32_1.16.0.201807130628/tools/compiler/bin/../lib/gcc/arm-none-eabi/7.2.1/../../../../arm-none-eabi/lib/thumb/v7-m\libc_nano.a(lib_a-dtoa.o)
                                  0xf (size before relaxing)
 .rodata._setlocale_r.str1.1
                0x0800e361        0x8 e:/program files/plugins/fr.ac6.mcu.externaltools.arm-none.win32_1.16.0.201807130628/tools/compiler/bin/../lib/gcc/arm-none-eabi/7.2.1/../../../../arm-none-eabi/lib/thumb/v7-m\libc_nano.a(lib_a-locale.o)
                                  0x9 (size before relaxing)
 .rodata.str1.1
                0x0800e369        0x2 e:/program files/plugins/fr.ac6.mcu.externaltools.arm-none.win32_1.16.0.201807130628/tools/compiler/bin/../lib/gcc/arm-none-eabi/7.2.1/../../../../arm-none-eabi/lib/thumb/v7-m\libc_nano.a(lib_a-locale.o)
 *fill*         0x0800e36b        0x5 
 .rodata.__mprec_bigtens
                0x0800e370       0x28 e:/program files/plugins/fr.ac6.mcu.externaltools.arm-none.win32_1.16.0.201807130628/tools/compiler/bin/../lib/gcc/arm-none-eabi/7.2.1/../../../../arm-none-eabi/lib/thumb/v7-m\libc_nano.a(lib_a-mprec.o)
                0x0800e370                __mprec_bigtens
 .rodata.__mprec_tens
                0x0800e398       0xc8 e:/program files/plugins/fr.ac6.mcu.externaltools.arm-none.win32_1.16.0.201807130628/tools/compiler/bin/../lib/gcc/arm-none-eabi/7.2.1/../../../../arm-none-eabi/lib/thumb/v7-m\libc_nano.a(lib_a-mprec.o)
                0x0800e398                __mprec_tens
 .rodata.p05.6084
                0x0800e460        0xc e:/program files/plugins/fr.ac6.mcu.externaltools.arm-none.win32_1.16.0.201807130628/tools/compiler/bin/../lib/gcc/arm-none-eabi/7.2.1/../../../../arm-none-eabi/lib/thumb/v7-m\libc_nano.a(lib_a-mprec.o)
 .rodata._svfprintf_r.str1.1
                0x0800e46c       0x11 e:/program files/plugins/fr.ac6.mcu.externaltools.arm-none.win32_1.16.0.201807130628/tools/compiler/bin/../lib/gcc/arm-none-eabi/7.2.1/../../../../arm-none-eabi/lib/thumb/v7-m\libc_nano.a(lib_a-nano-svfprintf.o)
 .rodata._ctype_
                0x0800e47d      0x101 e:/program files/plugins/fr.ac6.mcu.externaltools.arm-none.win32_1.16.0.201807130628/tools/compiler/bin/../lib/gcc/arm-none-eabi/7.2.1/../../../../arm-none-eabi/lib/thumb/v7-m\libc_nano.a(lib_a-ctype_.o)
                0x0800e47d                _ctype_
                0x0800e580                . = ALIGN (0x4)
 *fill*         0x0800e57e        0x2 

.rel.dyn        0x0800e580        0x0
 .rel.iplt      0x0800e580        0x0 e:/program files/plugins/fr.ac6.mcu.externaltools.arm-none.win32_1.16.0.201807130628/tools/compiler/bin/../lib/gcc/arm-none-eabi/7.2.1/thumb/v7-m/crtbegin.o

.ARM.extab
 *(.ARM.extab* .gnu.linkonce.armextab.*)

.ARM            0x0800e580        0x0
                0x0800e580                __exidx_start = .
 *(.ARM.exidx*)
                0x0800e580                __exidx_end = .

.preinit_array  0x0800e580        0x0
                0x0800e580                PROVIDE (__preinit_array_start, .)
 *(.preinit_array*)
                0x0800e580                PROVIDE (__preinit_array_end, .)

.init_array     0x0800e580        0x4
                0x0800e580                PROVIDE (__init_array_start, .)
 *(SORT_BY_NAME(.init_array.*))
 *(.init_array*)
 .init_array    0x0800e580        0x4 e:/program files/plugins/fr.ac6.mcu.externaltools.arm-none.win32_1.16.0.201807130628/tools/compiler/bin/../lib/gcc/arm-none-eabi/7.2.1/thumb/v7-m/crtbegin.o
                0x0800e584                PROVIDE (__init_array_end, .)

.fini_array     0x0800e584        0x4
                [!provide]                PROVIDE (__fini_array_start, .)
 *(SORT_BY_NAME(.fini_array.*))
 *(.fini_array*)
 .fini_array    0x0800e584        0x4 e:/program files/plugins/fr.ac6.mcu.externaltools.arm-none.win32_1.16.0.201807130628/tools/compiler/bin/../lib/gcc/arm-none-eabi/7.2.1/thumb/v7-m/crtbegin.o
                [!provide]                PROVIDE (__fini_array_end, .)
                0x0800e588                _sidata = LOADADDR (.data)

.data           0x20000000      0x2f8 load address 0x0800e588
                0x20000000                . = ALIGN (0x4)
                0x20000000                _sdata = .
 *(.data)
 .data          0x20000000        0x8 Drivers/STM32F1xx_HAL_Driver/Src/stm32f1xx_hal.o
                0x20000000                uwTickFreq
                0x20000004                uwTickPrio
 .data          0x20000008       0x40 Src/colormonitor.o
                0x20000008                picpast_add
                0x2000000c                str
                0x20000020                color2
                0x20000024                transmit
                0x20000025                touch_command_pointer
                0x20000028                y_dis_shift
                0x2000002c                x_dis_shift
                0x20000030                y_dis
                0x20000034                x_dis
                0x20000038                y2_sine
                0x2000003c                x2_sine
                0x20000040                bright
                0x20000044                brightcun
 .data          0x20000048       0xd7 Src/main.o
                0x20000048                addresspage
                0x2000004c                memseg
                0x20000050                maxruler1
                0x20000054                maxruler3
                0x20000058                maxruler2
                0x2000005c                var2j
                0x2000005e                var2i
                0x20000060                whour
                0x20000064                p1
                0x20000065                s1
                0x20000066                p2
                0x20000067                s2
                0x20000068                molpros
                0x20000069                molprop
                0x2000006a                lockpre
                0x2000006b                lockspeed
                0x2000006c                limitrmo
                0x20000070                s1pos
                0x20000074                s2pos
                0x20000078                molpos
                0x2000007c                lockpos
                0x20000080                dc
                0x200000c0                kkkk
                0x200000c4                hz
                0x200000d4                add
                0x200000e8                selz
                0x200000ec                hss
                0x200000f4                y2line
                0x200000f8                y1line
                0x200000fc                x2line
                0x20000100                x1line
                0x20000104                v1
                0x20000108                waitfortemp
                0x2000010c                cyclea
                0x2000011d                c4051
                0x2000011e                kd
 *fill*         0x2000011f        0x1 
 .data          0x20000120        0x4 Src/system_stm32f1xx.o
                0x20000120                SystemCoreClock
 *(.data*)
 .data.__fdlib_version
                0x20000124        0x1 e:/program files/plugins/fr.ac6.mcu.externaltools.arm-none.win32_1.16.0.201807130628/tools/compiler/bin/../lib/gcc/arm-none-eabi/7.2.1/../../../../arm-none-eabi/lib/thumb/v7-m\libm.a(lib_a-s_lib_ver.o)
                0x20000124                __fdlib_version
 *fill*         0x20000125        0x3 
 .data._impure_ptr
                0x20000128        0x4 e:/program files/plugins/fr.ac6.mcu.externaltools.arm-none.win32_1.16.0.201807130628/tools/compiler/bin/../lib/gcc/arm-none-eabi/7.2.1/../../../../arm-none-eabi/lib/thumb/v7-m\libc_nano.a(lib_a-impure.o)
                0x20000128                _impure_ptr
 .data.impure_data
                0x2000012c       0x60 e:/program files/plugins/fr.ac6.mcu.externaltools.arm-none.win32_1.16.0.201807130628/tools/compiler/bin/../lib/gcc/arm-none-eabi/7.2.1/../../../../arm-none-eabi/lib/thumb/v7-m\libc_nano.a(lib_a-impure.o)
 .data.__global_locale
                0x2000018c      0x16c e:/program files/plugins/fr.ac6.mcu.externaltools.arm-none.win32_1.16.0.201807130628/tools/compiler/bin/../lib/gcc/arm-none-eabi/7.2.1/../../../../arm-none-eabi/lib/thumb/v7-m\libc_nano.a(lib_a-locale.o)
                0x2000018c                __global_locale
                0x200002f8                . = ALIGN (0x4)
                0x200002f8                _edata = .

.igot.plt       0x200002f8        0x0 load address 0x0800e880
 .igot.plt      0x200002f8        0x0 e:/program files/plugins/fr.ac6.mcu.externaltools.arm-none.win32_1.16.0.201807130628/tools/compiler/bin/../lib/gcc/arm-none-eabi/7.2.1/thumb/v7-m/crtbegin.o
                0x200002f8                . = ALIGN (0x4)

.bss            0x200002f8     0x2158 load address 0x0800e880
                0x200002f8                _sbss = .
                0x200002f8                __bss_start__ = _sbss
 *(.bss)
 .bss           0x200002f8       0x1c e:/program files/plugins/fr.ac6.mcu.externaltools.arm-none.win32_1.16.0.201807130628/tools/compiler/bin/../lib/gcc/arm-none-eabi/7.2.1/thumb/v7-m/crtbegin.o
 .bss           0x20000314       0x10 Src/colormonitor.o
                0x20000314                y_sine
                0x20000318                x_sine
                0x2000031c                oldbright
                0x20000320                maxbufsize
 .bss           0x20000324       0x12 Src/main.o
                0x20000324                outputa
                0x20000325                outputb
                0x20000326                outputc
                0x20000327                oilnumber
                0x20000328                errorcode
                0x20000329                rollswitch
                0x2000032a                ehteyatkey
                0x2000032b                command_index
                0x2000032c                pci
                0x2000032d                pef
                0x2000032e                peb
                0x2000032f                pgb
                0x20000330                pub
                0x20000331                puf
                0x20000332                s4051
                0x20000333                mmc_command
                0x20000334                VarValue
 *(.bss*)
 *fill*         0x20000336        0x2 
 .bss.__malloc_free_list
                0x20000338        0x4 e:/program files/plugins/fr.ac6.mcu.externaltools.arm-none.win32_1.16.0.201807130628/tools/compiler/bin/../lib/gcc/arm-none-eabi/7.2.1/../../../../arm-none-eabi/lib/thumb/v7-m\libc_nano.a(lib_a-nano-mallocr.o)
                0x20000338                __malloc_free_list
 .bss.__malloc_sbrk_start
                0x2000033c        0x4 e:/program files/plugins/fr.ac6.mcu.externaltools.arm-none.win32_1.16.0.201807130628/tools/compiler/bin/../lib/gcc/arm-none-eabi/7.2.1/../../../../arm-none-eabi/lib/thumb/v7-m\libc_nano.a(lib_a-nano-mallocr.o)
                0x2000033c                __malloc_sbrk_start
 .bss.heap_end.4102
                0x20000340        0x4 e:/program files/plugins/fr.ac6.mcu.externaltools.arm-none.win32_1.16.0.201807130628/tools/compiler/bin/../lib/gcc/arm-none-eabi/7.2.1/../../../../arm-none-eabi/lib/thumb/v7-m\libnosys.a(sbrk.o)
 *(COMMON)
 COMMON         0x20000344       0x2b Drivers/STM32F1xx_HAL_Driver/Src/stm32f1xx_hal.o
                0x20000344                lock1
                0x20000345                refresh3
                0x20000346                pepm1
                0x20000347                lock
                0x20000348                hit3ok
                0x20000349                pri1
                0x2000034a                semiauto
                0x2000034b                temp111
                0x2000034c                uwTick
                0x20000350                darbaz
                0x20000351                fffk
                0x20000352                protection
                0x20000353                silehteyat
                0x20000354                offbit
                0x20000355                darbasteh
                0x20000356                lowtemp
                0x20000357                mode
                0x20000358                pmri
                0x20000359                pmri1
                0x2000035a                hit5ok
                0x2000035b                autokey
                0x2000035c                hit2ok
                0x2000035d                pepm
                0x2000035e                auto4
                0x2000035f                goveout
                0x20000360                pbri1
                0x20000361                oilcycle
                0x20000362                hightemp
                0x20000363                automatic
                0x20000364                hit4ok
                0x20000365                numin
                0x20000366                pri
                0x20000367                hitteron
                0x20000368                oil
                0x20000369                timestart
                0x2000036a                hit1ok
                0x2000036b                mkeshact
                0x2000036c                moto
                0x2000036d                pbri
                0x2000036e                govein
 *fill*         0x2000036f        0x1 
 COMMON         0x20000370       0x20 Drivers/STM32F1xx_HAL_Driver/Src/stm32f1xx_hal_flash.o
                0x20000370                pFlash
 COMMON         0x20000390      0x6d1 Src/colormonitor.o
                0x20000390                picnumber
                0x20000394                r_d_pointer
                0x20000398                ftemp
                0x2000039c                oldpageco
                0x200003a0                lcdbuf
                0x200005c6                lcdbus
                0x200005c8                old_sine
                0x200005dc                itemp
                0x200005e0                sine
                0x200005f4                old
                0x20000778                picbuf
                0x200008a4                picpast_flag
                0x200008a8                key_y
                0x200008ac                oldc
                0x20000a2c                bufsize
                0x20000a30                serial_data_valid
                0x20000a34                bufpointer
                0x20000a38                receive_data
                0x20000a4a                timebase2
                0x20000a4c                touch_key
                0x20000a50                textpointer
                0x20000a54                key_x
                0x20000a58                varselect
                0x20000a5c                color1
                0x20000a60                cheshmak
 *fill*         0x20000a61        0x3 
 COMMON         0x20000a64       0x58 Src/function.o
                0x20000a64                hspi2
 COMMON         0x20000abc      0x180 Src/globalVar.o
                0x20000abc                huart3
                0x20000afc                htim3
                0x20000b3c                huart1
                0x20000b7c                htim1
                0x20000bbc                htim2
                0x20000bfc                huart2
 COMMON         0x20000c3c     0x1810 Src/main.o
                0x20000c3c                Value
                0x20000c40                delay4
                0x20000c44                t
                0x20000c48                id_counter
                0x20000c4c                t4cul
                0x20000c50                ruler3p1
                0x20000c54                speedv12
                0x20000c55                HSEStartUpStatus
                0x20000c56                keycode
                0x20000c57                delay1
                0x20000c58                perv1
                0x20000c59                perv7
                0x20000c5a                cul
                0x20000c5c                ruler2m
                0x20000c60                tedad
                0x20000c64                hour1
                0x20000c68                j
                0x20000c6c                x
                0x20000c70                per
                0x20000c71                perv12
                0x20000c72                perv2
                0x20000c74                in
                0x20000c94                speed2
                0x20000c98                timer
                0x20000c9c                oldi8
                0x20000ca0                b2
                0x20000ca4                n
                0x20000ca8                lowr
                0x20000cac                perv3
                0x20000cad                perv6
                0x20000cae                secbase
                0x20000cb0                avrage
                0x20000cc8                ruler2p2
                0x20000ccc                var_next_address
                0x20000cd0                staten
                0x20000cd4                timer2
                0x20000cd8                passtry
                0x20000cdc                delaytaghe
                0x20000ce0                usart_buffer_index
                0x20000ce4                oiltime
                0x20000ce8                errorc
                0x20000cec                bristate
                0x20000cf0                ruler1p7
                0x20000cf4                tempr1
                0x20000cf5                kvar
                0x20000cf6                mavad2
                0x20000cf8                echostring
                0x20000d5c                read2
                0x20000d5d                zone
                0x20000d5e                finish
                0x20000d5f                perv10
                0x20000d60                tempp
                0x20000d61                read1
                0x20000d64                b1
                0x20000d68                peb1
                0x20000d6c                t3cul
                0x20000d70                ruler3
                0x20000d74                rx_wr_index
                0x20000d75                speedv7
                0x20000d76                soundf
                0x20000d77                delay2
                0x20000d78                kflag
                0x20000d7c                hpriod
                0x20000d80                command
                0x20000da0                k
                0x20000da4                line
                0x20000da5                numberchange
                0x20000da8                temp
                0x20000dac                totaltime
                0x20000db0                timemax
                0x20000db4                ruler1p4
                0x20000db8                pass3
                0x20000dbc                aaa
                0x20000dc0                lock2
                0x20000dc4                perv4
                0x20000dc8                beepcounter
                0x20000dcc                secend
                0x20000dd0                systemonright
                0x20000dd4                speedv6
                0x20000dd5                state
                0x20000dd8                RS485_buffer_index
                0x20000ddc                id
                0x20000ddf                timediv
                0x20000de0                keywait
                0x20000de1                mmc_respond
                0x20000de4                b4
                0x20000de8                ruler2p1
                0x20000dec                number
                0x20000df0                ruler3p2
                0x20000df4                pmo1
                0x20000df8                passcun
                0x20000dfc                ruler3p3
                0x20000e00                speedv11
                0x20000e04                timep
                0x20000e08                rx_buffer_overflow
                0x20000e0c                sound
                0x20000e10                usart_buffer
                0x20000e38                delay5
                0x20000e39                yekst
                0x20000e3a                lockkey1
                0x20000e3b                pnum
                0x20000e3c                variable
                0x20000e64                z
                0x20000e68                perv13
                0x20000e69                cun2
                0x20000e6a                imagekey
                0x20000e6b                led
                0x20000e6c                ritime3
                0x20000e70                ruler1a
                0x20000e74                rx_counter
                0x20000e75                refresh2
                0x20000e78                memvar
                0x20001ad8                pmc
                0x20001ad9                speedv8
                0x20001ada                speedv3
                0x20001adb                read3
                0x20001adc                wait
                0x20001ae0                ruler2p4
                0x20001ae4                temptemp
                0x20001ae8                justtest
                0x20001aec                ruler2p3
                0x20001af0                rx_rd_index
                0x20001af4                c
                0x20001af8                hour
                0x20001afc                d2
                0x20001b00                ruler1p6
                0x20001b04                var_page_address
                0x20001b08                conter
                0x20001b0c                oldlgr
                0x20001b10                recive
                0x20001b14                perv8
                0x20001b18                ruler2
                0x20001b1c                speedv2
                0x20001b20                pass2
                0x20001b24                auto3
                0x20001b28                RS485_buffer
                0x20001b50                systemonleft
                0x20001b54                pef1
                0x20001b55                speedv1
                0x20001b56                pco1
                0x20001b57                speedv9
                0x20001b58                action
                0x20001b5c                y
                0x20001b60                ruler1p1
                0x20001b64                pmc1
                0x20001b68                oiltemp
                0x20001b6c                pgb1
                0x20001b70                var2
                0x200020f0                timebase
                0x200020f4                pco
                0x200020f5                chanel
                0x200020f8                mmcflag
                0x200020fc                ruler1p3
                0x20002100                refresh
                0x20002101                autokey2
                0x20002104                ruler1m
                0x20002108                perv14
                0x20002109                ristate
                0x2000210c                ruler3p4
                0x20002110                speedv13
                0x20002111                speedv10
                0x20002114                ritime2
                0x20002118                ritime
                0x2000211c                tempcommand
                0x2000211d                i3old
                0x2000211e                perv9
                0x20002120                tempasd
                0x20002168                b5
                0x2000216c                s
                0x20002170                x1
                0x20002174                line2
                0x20002178                speed
                0x20002179                temprecive
                0x2000217c                pass1
                0x20002180                var
                0x2000239c                b3
                0x200023a0                tempgo
                0x200023a4                hitreal
                0x200023a8                page
                0x200023ac                outon
                0x200023b2                timer1
                0x200023b4                tempreture
                0x200023c8                semiauto2
                0x200023c9                cycleex
                0x200023ca                color_refresh
                0x200023cb                perv19
                0x200023cc                ruler3m
                0x200023d0                timeflag
                0x200023d4                ritime1
                0x200023d8                t2cul
                0x200023dc                beep
                0x200023dd                oldlgf
                0x200023de                speedv19
                0x200023df                speedehteyat
                0x200023e0                speedv14
                0x200023e4                ruler1
                0x200023e8                perv5
                0x200023e9                pci1
                0x200023ec                mmc
                0x200023f0                b0
                0x200023f4                a
                0x200023f8                delaycun
                0x200023fc                alaki2
                0x20002400                t5cul
                0x20002404                maxcomponent
                0x20002408                ccunter
                0x2000240c                reccun
                0x2000240d                state2
                0x20002410                t1cul
                0x20002414                perv11
                0x20002415                oldpage
                0x20002418                m
                0x2000241c                q
                0x20002420                lockkey
                0x20002421                speedv5
                0x20002422                speedv4
                0x20002423                delay3
                0x20002424                u
                0x20002428                pub1
                0x2000242c                ruler1p5
                0x20002430                automode
                0x20002431                timefull
                0x20002434                hitok
                0x20002438                marrid
                0x2000243c                puf1
                0x20002440                y1
                0x20002444                mmc_key_active
                0x20002445                pmo
                0x20002446                keypress
                0x20002447                row
                0x20002448                ruler1p2
 COMMON         0x2000244c        0x4 e:/program files/plugins/fr.ac6.mcu.externaltools.arm-none.win32_1.16.0.201807130628/tools/compiler/bin/../lib/gcc/arm-none-eabi/7.2.1/../../../../arm-none-eabi/lib/thumb/v7-m\libc_nano.a(lib_a-reent.o)
                0x2000244c                errno
                0x20002450                . = ALIGN (0x4)
                0x20002450                _ebss = .
                0x20002450                __bss_end__ = _ebss

._user_heap_stack
                0x20002450      0x600 load address 0x0800e880
                0x20002450                . = ALIGN (0x8)
                0x20002450                PROVIDE (end, .)
                [!provide]                PROVIDE (_end, .)
                0x20002650                . = (. + _Min_Heap_Size)
 *fill*         0x20002450      0x200 
                0x20002a50                . = (. + _Min_Stack_Size)
 *fill*         0x20002650      0x400 
                0x20002a50                . = ALIGN (0x8)

/DISCARD/
 libc.a(*)
 libm.a(*)
 libgcc.a(*)

.ARM.attributes
                0x00000000       0x29
 *(.ARM.attributes)
 .ARM.attributes
                0x00000000       0x1d e:/program files/plugins/fr.ac6.mcu.externaltools.arm-none.win32_1.16.0.201807130628/tools/compiler/bin/../lib/gcc/arm-none-eabi/7.2.1/thumb/v7-m/crti.o
 .ARM.attributes
                0x0000001d       0x2d e:/program files/plugins/fr.ac6.mcu.externaltools.arm-none.win32_1.16.0.201807130628/tools/compiler/bin/../lib/gcc/arm-none-eabi/7.2.1/thumb/v7-m/crtbegin.o
 .ARM.attributes
                0x0000004a       0x33 Drivers/STM32F1xx_HAL_Driver/Src/stm32f1xx_hal.o
 .ARM.attributes
                0x0000007d       0x33 Drivers/STM32F1xx_HAL_Driver/Src/stm32f1xx_hal_cortex.o
 .ARM.attributes
                0x000000b0       0x33 Drivers/STM32F1xx_HAL_Driver/Src/stm32f1xx_hal_dma.o
 .ARM.attributes
                0x000000e3       0x33 Drivers/STM32F1xx_HAL_Driver/Src/stm32f1xx_hal_flash.o
 .ARM.attributes
                0x00000116       0x33 Drivers/STM32F1xx_HAL_Driver/Src/stm32f1xx_hal_flash_ex.o
 .ARM.attributes
                0x00000149       0x33 Drivers/STM32F1xx_HAL_Driver/Src/stm32f1xx_hal_gpio.o
 .ARM.attributes
                0x0000017c       0x33 Drivers/STM32F1xx_HAL_Driver/Src/stm32f1xx_hal_rcc.o
 .ARM.attributes
                0x000001af       0x33 Drivers/STM32F1xx_HAL_Driver/Src/stm32f1xx_hal_spi.o
 .ARM.attributes
                0x000001e2       0x33 Drivers/STM32F1xx_HAL_Driver/Src/stm32f1xx_hal_spi_ex.o
 .ARM.attributes
                0x00000215       0x33 Drivers/STM32F1xx_HAL_Driver/Src/stm32f1xx_hal_tim.o
 .ARM.attributes
                0x00000248       0x33 Drivers/STM32F1xx_HAL_Driver/Src/stm32f1xx_hal_tim_ex.o
 .ARM.attributes
                0x0000027b       0x33 Drivers/STM32F1xx_HAL_Driver/Src/stm32f1xx_hal_uart.o
 .ARM.attributes
                0x000002ae       0x33 Src/ADG508.o
 .ARM.attributes
                0x000002e1       0x33 Src/ADG508T.o
 .ARM.attributes
                0x00000314       0x33 Src/ADS7816.o
 .ARM.attributes
                0x00000347       0x33 Src/Termo.o
 .ARM.attributes
                0x0000037a       0x33 Src/colormonitor.o
 .ARM.attributes
                0x000003ad       0x33 Src/function.o
 .ARM.attributes
                0x000003e0       0x33 Src/globalVar.o
 .ARM.attributes
                0x00000413       0x33 Src/main.o
 .ARM.attributes
                0x00000446       0x33 Src/max6675.o
 .ARM.attributes
                0x00000479       0x33 Src/stm32f1xx_hal_msp.o
 .ARM.attributes
                0x000004ac       0x33 Src/stm32f1xx_it.o
 .ARM.attributes
                0x000004df       0x33 Src/system_stm32f1xx.o
 .ARM.attributes
                0x00000512       0x21 startup/startup_stm32f103xb.o
 .ARM.attributes
                0x00000533       0x2d e:/program files/plugins/fr.ac6.mcu.externaltools.arm-none.win32_1.16.0.201807130628/tools/compiler/bin/../lib/gcc/arm-none-eabi/7.2.1/../../../../arm-none-eabi/lib/thumb/v7-m\libm.a(lib_a-w_pow.o)
 .ARM.attributes
                0x00000560       0x2d e:/program files/plugins/fr.ac6.mcu.externaltools.arm-none.win32_1.16.0.201807130628/tools/compiler/bin/../lib/gcc/arm-none-eabi/7.2.1/../../../../arm-none-eabi/lib/thumb/v7-m\libm.a(lib_a-e_pow.o)
 .ARM.attributes
                0x0000058d       0x2d e:/program files/plugins/fr.ac6.mcu.externaltools.arm-none.win32_1.16.0.201807130628/tools/compiler/bin/../lib/gcc/arm-none-eabi/7.2.1/../../../../arm-none-eabi/lib/thumb/v7-m\libm.a(lib_a-e_sqrt.o)
 .ARM.attributes
                0x000005ba       0x2d e:/program files/plugins/fr.ac6.mcu.externaltools.arm-none.win32_1.16.0.201807130628/tools/compiler/bin/../lib/gcc/arm-none-eabi/7.2.1/../../../../arm-none-eabi/lib/thumb/v7-m\libm.a(lib_a-s_fabs.o)
 .ARM.attributes
                0x000005e7       0x2d e:/program files/plugins/fr.ac6.mcu.externaltools.arm-none.win32_1.16.0.201807130628/tools/compiler/bin/../lib/gcc/arm-none-eabi/7.2.1/../../../../arm-none-eabi/lib/thumb/v7-m\libm.a(lib_a-s_finite.o)
 .ARM.attributes
                0x00000614       0x2d e:/program files/plugins/fr.ac6.mcu.externaltools.arm-none.win32_1.16.0.201807130628/tools/compiler/bin/../lib/gcc/arm-none-eabi/7.2.1/../../../../arm-none-eabi/lib/thumb/v7-m\libm.a(lib_a-s_lib_ver.o)
 .ARM.attributes
                0x00000641       0x2d e:/program files/plugins/fr.ac6.mcu.externaltools.arm-none.win32_1.16.0.201807130628/tools/compiler/bin/../lib/gcc/arm-none-eabi/7.2.1/../../../../arm-none-eabi/lib/thumb/v7-m\libm.a(lib_a-s_matherr.o)
 .ARM.attributes
                0x0000066e       0x2d e:/program files/plugins/fr.ac6.mcu.externaltools.arm-none.win32_1.16.0.201807130628/tools/compiler/bin/../lib/gcc/arm-none-eabi/7.2.1/../../../../arm-none-eabi/lib/thumb/v7-m\libm.a(lib_a-s_nan.o)
 .ARM.attributes
                0x0000069b       0x2d e:/program files/plugins/fr.ac6.mcu.externaltools.arm-none.win32_1.16.0.201807130628/tools/compiler/bin/../lib/gcc/arm-none-eabi/7.2.1/../../../../arm-none-eabi/lib/thumb/v7-m\libm.a(lib_a-s_rint.o)
 .ARM.attributes
                0x000006c8       0x2d e:/program files/plugins/fr.ac6.mcu.externaltools.arm-none.win32_1.16.0.201807130628/tools/compiler/bin/../lib/gcc/arm-none-eabi/7.2.1/../../../../arm-none-eabi/lib/thumb/v7-m\libm.a(lib_a-s_scalbn.o)
 .ARM.attributes
                0x000006f5       0x2d e:/program files/plugins/fr.ac6.mcu.externaltools.arm-none.win32_1.16.0.201807130628/tools/compiler/bin/../lib/gcc/arm-none-eabi/7.2.1/../../../../arm-none-eabi/lib/thumb/v7-m\libm.a(lib_a-s_copysign.o)
 .ARM.attributes
                0x00000722       0x1d e:/program files/plugins/fr.ac6.mcu.externaltools.arm-none.win32_1.16.0.201807130628/tools/compiler/bin/../lib/gcc/arm-none-eabi/7.2.1/thumb/v7-m\libgcc.a(_arm_addsubdf3.o)
 .ARM.attributes